Archive member included to satisfy reference by file (symbol)

../libs/libarm_cortexM4lf_math.a(arm_float_to_q15.o)
                              ./Core/Src/main.o (arm_float_to_q15)
../libs/libarm_cortexM4lf_math.a(arm_rfft_q15.o)
                              ./Core/Src/main.o (arm_rfft_q15)
../libs/libarm_cortexM4lf_math.a(arm_rfft_init_q15.o)
                              ./Core/Src/main.o (arm_rfft_init_q15)
../libs/libarm_cortexM4lf_math.a(arm_fir_q15.o)
                              ./Core/Src/main.o (arm_fir_q15)
../libs/libarm_cortexM4lf_math.a(arm_fir_init_q15.o)
                              ./Core/Src/main.o (arm_fir_init_q15)
../libs/libarm_cortexM4lf_math.a(arm_biquad_cascade_df1_q15.o)
                              ./Core/Src/main.o (arm_biquad_cascade_df1_q15)
../libs/libarm_cortexM4lf_math.a(arm_biquad_cascade_df1_init_q15.o)
                              ./Core/Src/main.o (arm_biquad_cascade_df1_init_q15)
../libs/libarm_cortexM4lf_math.a(arm_cmplx_mag_q15.o)
                              ./Core/Src/main.o (arm_cmplx_mag_q15)
../libs/libarm_cortexM4lf_math.a(arm_sqrt_q15.o)
                              ../libs/libarm_cortexM4lf_math.a(arm_cmplx_mag_q15.o) (arm_sqrt_q15)
../libs/libarm_cortexM4lf_math.a(arm_sin_f32.o)
                              ./Core/Src/main.o (arm_sin_f32)
../libs/libarm_cortexM4lf_math.a(arm_scale_q15.o)
                              ./Core/Src/main.o (arm_scale_q15)
../libs/libarm_cortexM4lf_math.a(arm_mult_q15.o)
                              ./Core/Src/main.o (arm_mult_q15)
../libs/libarm_cortexM4lf_math.a(arm_const_structs.o)
                              ../libs/libarm_cortexM4lf_math.a(arm_rfft_init_q15.o) (arm_cfft_sR_q15_len4096)
../libs/libarm_cortexM4lf_math.a(arm_common_tables.o)
                              ../libs/libarm_cortexM4lf_math.a(arm_sin_f32.o) (sinTable_f32)
../libs/libarm_cortexM4lf_math.a(arm_cfft_q15.o)
                              ../libs/libarm_cortexM4lf_math.a(arm_rfft_q15.o) (arm_cfft_q15)
../libs/libarm_cortexM4lf_math.a(arm_bitreversal2.o)
                              ../libs/libarm_cortexM4lf_math.a(arm_cfft_q15.o) (arm_bitreversal_16)
../libs/libarm_cortexM4lf_math.a(arm_cfft_radix4_q15.o)
                              ../libs/libarm_cortexM4lf_math.a(arm_cfft_q15.o) (arm_radix4_butterfly_q15)
../libs/libarm_cortexM4lf_math.a(arm_bitreversal.o)
                              ../libs/libarm_cortexM4lf_math.a(arm_cfft_radix4_q15.o) (arm_bitreversal_q15)
/opt/st/stm32cubeide_1.17.0/plugins/com.st.stm32cube.ide.mcu.externaltools.gnu-tools-for-stm32.12.3.rel1.linux64_1.1.0.202410170702/tools/bin/../lib/gcc/arm-none-eabi/12.3.1/../../../../arm-none-eabi/lib/thumb/v7e-m+fp/hard/libc_nano.a(libc_a-exit.o)
                              /opt/st/stm32cubeide_1.17.0/plugins/com.st.stm32cube.ide.mcu.externaltools.gnu-tools-for-stm32.12.3.rel1.linux64_1.1.0.202410170702/tools/bin/../lib/gcc/arm-none-eabi/12.3.1/../../../../arm-none-eabi/lib/thumb/v7e-m+fp/hard/crt0.o (exit)
/opt/st/stm32cubeide_1.17.0/plugins/com.st.stm32cube.ide.mcu.externaltools.gnu-tools-for-stm32.12.3.rel1.linux64_1.1.0.202410170702/tools/bin/../lib/gcc/arm-none-eabi/12.3.1/../../../../arm-none-eabi/lib/thumb/v7e-m+fp/hard/libc_nano.a(libc_a-malloc.o)
                              ./Middlewares/ST/STM32_USB_Host_Library/Class/CDC/Src/usbh_cdc.o (malloc)
/opt/st/stm32cubeide_1.17.0/plugins/com.st.stm32cube.ide.mcu.externaltools.gnu-tools-for-stm32.12.3.rel1.linux64_1.1.0.202410170702/tools/bin/../lib/gcc/arm-none-eabi/12.3.1/../../../../arm-none-eabi/lib/thumb/v7e-m+fp/hard/libc_nano.a(libc_a-mallocr.o)
                              /opt/st/stm32cubeide_1.17.0/plugins/com.st.stm32cube.ide.mcu.externaltools.gnu-tools-for-stm32.12.3.rel1.linux64_1.1.0.202410170702/tools/bin/../lib/gcc/arm-none-eabi/12.3.1/../../../../arm-none-eabi/lib/thumb/v7e-m+fp/hard/libc_nano.a(libc_a-malloc.o) (_malloc_r)
/opt/st/stm32cubeide_1.17.0/plugins/com.st.stm32cube.ide.mcu.externaltools.gnu-tools-for-stm32.12.3.rel1.linux64_1.1.0.202410170702/tools/bin/../lib/gcc/arm-none-eabi/12.3.1/../../../../arm-none-eabi/lib/thumb/v7e-m+fp/hard/libc_nano.a(libc_a-mlock.o)
                              /opt/st/stm32cubeide_1.17.0/plugins/com.st.stm32cube.ide.mcu.externaltools.gnu-tools-for-stm32.12.3.rel1.linux64_1.1.0.202410170702/tools/bin/../lib/gcc/arm-none-eabi/12.3.1/../../../../arm-none-eabi/lib/thumb/v7e-m+fp/hard/libc_nano.a(libc_a-mallocr.o) (__malloc_lock)
/opt/st/stm32cubeide_1.17.0/plugins/com.st.stm32cube.ide.mcu.externaltools.gnu-tools-for-stm32.12.3.rel1.linux64_1.1.0.202410170702/tools/bin/../lib/gcc/arm-none-eabi/12.3.1/../../../../arm-none-eabi/lib/thumb/v7e-m+fp/hard/libc_nano.a(libc_a-findfp.o)
[...]
Memory Configuration

Name             Origin             Length             Attributes
CCMRAM           0x10000000         0x00010000         xrw
RAM              0x20000000         0x00020000         xrw
FLASH            0x08000000         0x00100000         xr
*default*        0x00000000         0xffffffff

Linker script and memory map

LOAD /opt/st/stm32cubeide_1.17.0/plugins/com.st.stm32cube.ide.mcu.externaltools.gnu-tools-for-stm32.12.3.rel1.linux64_1.1.0.202410170702/tools/bin/../lib/gcc/arm-none-eabi/12.3.1/thumb/v7e-m+fp/hard/crti.o
LOAD /opt/st/stm32cubeide_1.17.0/plugins/com.st.stm32cube.ide.mcu.externaltools.gnu-tools-for-stm32.12.3.rel1.linux64_1.1.0.202410170702/tools/bin/../lib/gcc/arm-none-eabi/12.3.1/thumb/v7e-m+fp/hard/crtbegin.o
LOAD /opt/st/stm32cubeide_1.17.0/plugins/com.st.stm32cube.ide.mcu.externaltools.gnu-tools-for-stm32.12.3.rel1.linux64_1.1.0.202410170702/tools/bin/../lib/gcc/arm-none-eabi/12.3.1/../../../../arm-none-eabi/lib/thumb/v7e-m+fp/hard/crt0.o
LOAD ./Core/Src/adc.o
LOAD ./Core/Src/audio.o
LOAD ./Core/Src/dma.o
LOAD ./Core/Src/gpio.o
LOAD ./Core/Src/i2c.o
LOAD ./Core/Src/i2s.o
LOAD ./Core/Src/main.o
LOAD ./Core/Src/spi.o
LOAD ./Core/Src/stm32f4xx_hal_msp.o
LOAD ./Core/Src/stm32f4xx_it.o
LOAD ./Core/Src/syscalls.o
LOAD ./Core/Src/sysmem.o
LOAD ./Core/Src/system_stm32f4xx.o
LOAD ./Core/Src/tim.o
LOAD ./Core/Src/usart.o
LOAD ./Core/Startup/startup_stm32f407vgtx.o
LOAD ./Drivers/STM32F4xx_HAL_Driver/Src/stm32f4xx_hal.o
LOAD ./Drivers/STM32F4xx_HAL_Driver/Src/stm32f4xx_hal_adc.o
LOAD ./Drivers/STM32F4xx_HAL_Driver/Src/stm32f4xx_hal_adc_ex.o
LOAD ./Drivers/STM32F4xx_HAL_Driver/Src/stm32f4xx_hal_cortex.o
LOAD ./Drivers/STM32F4xx_HAL_Driver/Src/stm32f4xx_hal_dma.o
LOAD ./Drivers/STM32F4xx_HAL_Driver/Src/stm32f4xx_hal_dma_ex.o
LOAD ./Drivers/STM32F4xx_HAL_Driver/Src/stm32f4xx_hal_exti.o
LOAD ./Drivers/STM32F4xx_HAL_Driver/Src/stm32f4xx_hal_flash.o
LOAD ./Drivers/STM32F4xx_HAL_Driver/Src/stm32f4xx_hal_flash_ex.o
LOAD ./Drivers/STM32F4xx_HAL_Driver/Src/stm32f4xx_hal_flash_ramfunc.o
LOAD ./Drivers/STM32F4xx_HAL_Driver/Src/stm32f4xx_hal_gpio.o
LOAD ./Drivers/STM32F4xx_HAL_Driver/Src/stm32f4xx_hal_hcd.o
LOAD ./Drivers/STM32F4xx_HAL_Driver/Src/stm32f4xx_hal_i2c.o
LOAD ./Drivers/STM32F4xx_HAL_Driver/Src/stm32f4xx_hal_i2c_ex.o
LOAD ./Drivers/STM32F4xx_HAL_Driver/Src/stm32f4xx_hal_i2s.o
LOAD ./Drivers/STM32F4xx_HAL_Driver/Src/stm32f4xx_hal_i2s_ex.o
LOAD ./Drivers/STM32F4xx_HAL_Driver/Src/stm32f4xx_hal_pwr.o
LOAD ./Drivers/STM32F4xx_HAL_Driver/Src/stm32f4xx_hal_pwr_ex.o
LOAD ./Drivers/STM32F4xx_HAL_Driver/Src/stm32f4xx_hal_rcc.o
LOAD ./Drivers/STM32F4xx_HAL_Driver/Src/stm32f4xx_hal_rcc_ex.o
LOAD ./Drivers/STM32F4xx_HAL_Driver/Src/stm32f4xx_hal_spi.o
LOAD ./Drivers/STM32F4xx_HAL_Driver/Src/stm32f4xx_hal_tim.o
LOAD ./Drivers/STM32F4xx_HAL_Driver/Src/stm32f4xx_hal_tim_ex.o
LOAD ./Drivers/STM32F4xx_HAL_Driver/Src/stm32f4xx_hal_uart.o
LOAD ./Drivers/STM32F4xx_HAL_Driver/Src/stm32f4xx_ll_adc.o
LOAD ./Drivers/STM32F4xx_HAL_Driver/Src/stm32f4xx_ll_usb.o
LOAD ./Middlewares/ST/STM32_USB_Host_Library/Class/CDC/Src/usbh_cdc.o
LOAD ./Middlewares/ST/STM32_USB_Host_Library/Core/Src/usbh_core.o
LOAD ./Middlewares/ST/STM32_USB_Host_Library/Core/Src/usbh_ctlreq.o
LOAD ./Middlewares/ST/STM32_USB_Host_Library/Core/Src/usbh_ioreq.o
LOAD ./Middlewares/ST/STM32_USB_Host_Library/Core/Src/usbh_pipes.o
LOAD ./USB_HOST/App/usb_host.o
LOAD ./USB_HOST/Target/usbh_conf.o
LOAD ./USB_HOST/Target/usbh_platform.o
LOAD ../libs/libarm_cortexM4lf_math.a
START GROUP
LOAD /opt/st/stm32cubeide_1.17.0/plugins/com.st.stm32cube.ide.mcu.externaltools.gnu-tools-for-stm32.12.3.rel1.linux64_1.1.0.202410170702/tools/bin/../lib/gcc/arm-none-eabi/12.3.1/../../../../arm-none-eabi/lib/thumb/v7e-m+fp/hard/libc_nano.a
LOAD /opt/st/stm32cubeide_1.17.0/plugins/com.st.stm32cube.ide.mcu.externaltools.gnu-tools-for-stm32.12.3.rel1.linux64_1.1.0.202410170702/tools/bin/../lib/gcc/arm-none-eabi/12.3.1/../../../../arm-none-eabi/lib/thumb/v7e-m+fp/hard/libm.a
END GROUP
START GROUP
LOAD /opt/st/stm32cubeide_1.17.0/plugins/com.st.stm32cube.ide.mcu.externaltools.gnu-tools-for-stm32.12.3.rel1.linux64_1.1.0.202410170702/tools/bin/../lib/gcc/arm-none-eabi/12.3.1/thumb/v7e-m+fp/hard/libgcc.a
LOAD /opt/st/stm32cubeide_1.17.0/plugins/com.st.stm32cube.ide.mcu.externaltools.gnu-tools-for-stm32.12.3.rel1.linux64_1.1.0.202410170702/tools/bin/../lib/gcc/arm-none-eabi/12.3.1/../../../../arm-none-eabi/lib/thumb/v7e-m+fp/hard/libc_nano.a
END GROUP
START GROUP
LOAD /opt/st/stm32cubeide_1.17.0/plugins/com.st.stm32cube.ide.mcu.externaltools.gnu-tools-for-stm32.12.3.rel1.linux64_1.1.0.202410170702/tools/bin/../lib/gcc/arm-none-eabi/12.3.1/thumb/v7e-m+fp/hard/libgcc.a
LOAD /opt/st/stm32cubeide_1.17.0/plugins/com.st.stm32cube.ide.mcu.externaltools.gnu-tools-for-stm32.12.3.rel1.linux64_1.1.0.202410170702/tools/bin/../lib/gcc/arm-none-eabi/12.3.1/../../../../arm-none-eabi/lib/thumb/v7e-m+fp/hard/libc_nano.a
LOAD /opt/st/stm32cubeide_1.17.0/plugins/com.st.stm32cube.ide.mcu.externaltools.gnu-tools-for-stm32.12.3.rel1.linux64_1.1.0.202410170702/tools/bin/../lib/gcc/arm-none-eabi/12.3.1/../../../../arm-none-eabi/lib/thumb/v7e-m+fp/hard/libnosys.a
END GROUP
START GROUP
LOAD /opt/st/stm32cubeide_1.17.0/plugins/com.st.stm32cube.ide.mcu.externaltools.gnu-tools-for-stm32.12.3.rel1.linux64_1.1.0.202410170702/tools/bin/../lib/gcc/arm-none-eabi/12.3.1/thumb/v7e-m+fp/hard/libgcc.a
LOAD /opt/st/stm32cubeide_1.17.0/plugins/com.st.stm32cube.ide.mcu.externaltools.gnu-tools-for-stm32.12.3.rel1.linux64_1.1.0.202410170702/tools/bin/../lib/gcc/arm-none-eabi/12.3.1/../../../../arm-none-eabi/lib/thumb/v7e-m+fp/hard/libc_nano.a
LOAD /opt/st/stm32cubeide_1.17.0/plugins/com.st.stm32cube.ide.mcu.externaltools.gnu-tools-for-stm32.12.3.rel1.linux64_1.1.0.202410170702/tools/bin/../lib/gcc/arm-none-eabi/12.3.1/../../../../arm-none-eabi/lib/thumb/v7e-m+fp/hard/libnosys.a
END GROUP
LOAD /opt/st/stm32cubeide_1.17.0/plugins/com.st.stm32cube.ide.mcu.externaltools.gnu-tools-for-stm32.12.3.rel1.linux64_1.1.0.202410170702/tools/bin/../lib/gcc/arm-none-eabi/12.3.1/thumb/v7e-m+fp/hard/crtend.o
LOAD /opt/st/stm32cubeide_1.17.0/plugins/com.st.stm32cube.ide.mcu.externaltools.gnu-tools-for-stm32.12.3.rel1.linux64_1.1.0.202410170702/tools/bin/../lib/gcc/arm-none-eabi/12.3.1/thumb/v7e-m+fp/hard/crtn.o
                0x20020000                        _estack = (ORIGIN (RAM) + LENGTH (RAM))
                0x00000200                        _Min_Heap_Size = 0x200
                0x00000400                        _Min_Stack_Size = 0x400

.isr_vector     0x08000000      0x188
                0x08000000                        . = ALIGN (0x4)
 *(.isr_vector)
 .isr_vector    0x08000000      0x188 ./Core/Startup/startup_stm32f407vgtx.o
                0x08000000                g_pfnVectors
                0x08000188                        . = ALIGN (0x4)

.text           0x08000188     0x8c6c
                0x08000188                        . = ALIGN (0x4)
 *(.text)
 .text          0x08000188       0x40 /opt/st/stm32cubeide_1.17.0/plugins/com.st.stm32cube.ide.mcu.externaltools.gnu-tools-for-stm32.12.3.rel1.linux64_1.1.0.202410170702/tools/bin/../lib/gcc/arm-none-eabi/12.3.1/thumb/v7e-m+fp/hard/crtbegin.o
 .text          0x080001c8       0x30 /opt/st/stm32cubeide_1.17.0/plugins/com.st.stm32cube.ide.mcu.externaltools.gnu-tools-for-stm32.12.3.rel1.linux64_1.1.0.202410170702/tools/bin/../lib/gcc/arm-none-eabi/12.3.1/thumb/v7e-m+fp/hard/libgcc.a(_aeabi_uldivmod.o)
                0x080001c8                __aeabi_uldivmod
 .text          0x080001f8      0x2bc /opt/st/stm32cubeide_1.17.0/plugins/com.st.stm32cube.ide.mcu.externaltools.gnu-tools-for-stm32.12.3.rel1.linux64_1.1.0.202410170702/tools/bin/../lib/gcc/arm-none-eabi/12.3.1/thumb/v7e-m+fp/hard/libgcc.a(_udivmoddi4.o)
                0x080001f8                __udivmoddi4
 .text          0x080004b4        0x4 /opt/st/stm32cubeide_1.17.0/plugins/com.st.stm32cube.ide.mcu.externaltools.gnu-tools-for-stm32.12.3.rel1.linux64_1.1.0.202410170702/tools/bin/../lib/gcc/arm-none-eabi/12.3.1/thumb/v7e-m+fp/hard/libgcc.a(_dvmd_tls.o)
                0x080004b4                __aeabi_ldiv0
                0x080004b4                __aeabi_idiv0
 *(.text*)
 .text.MX_ADC1_Init
                0x080004b8       0xa4 ./Core/Src/adc.o
                0x080004b8                MX_ADC1_Init
 .text.HAL_ADC_MspInit
                0x0800055c       0xf0 ./Core/Src/adc.o
                0x0800055c                HAL_ADC_MspInit
 .text.init_AudioReset
                0x0800064c       0x18 ./Core/Src/audio.o
                0x0800064c                init_AudioReset
 .text.configAudio
                0x08000664      0x1e0 ./Core/Src/audio.o
                0x08000664                configAudio
 .text.MX_DMA_Init
                0x08000844       0x7c ./Core/Src/dma.o
                0x08000844                MX_DMA_Init
 .text.MX_GPIO_Init
                0x080008c0      0x1fc ./Core/Src/gpio.o
                0x080008c0                MX_GPIO_Init
 .text.MX_I2C1_Init
                0x08000abc       0x5c ./Core/Src/i2c.o
                0x08000abc                MX_I2C1_Init
 .text.HAL_I2C_MspInit
                0x08000b18       0x90 ./Core/Src/i2c.o
                0x08000b18                HAL_I2C_MspInit
 .text.MX_I2S3_Init
                0x08000ba8       0x5c ./Core/Src/i2s.o
                0x08000ba8                MX_I2S3_Init
 .text.HAL_I2S_MspInit
                0x08000c04      0x168 ./Core/Src/i2s.o
                0x08000c04                HAL_I2S_MspInit
 .text.main     0x08000d6c      0x1fc ./Core/Src/main.o
                0x08000d6c                main
 .text.SystemClock_Config
                0x08000f68       0xd4 ./Core/Src/main.o
                0x08000f68                SystemClock_Config
 .text.convert_to_q15
                0x0800103c      0x144 ./Core/Src/main.o
                0x0800103c                convert_to_q15
 .text.convert_to_i2s
                0x08001180       0xc8 ./Core/Src/main.o
                0x08001180                convert_to_i2s
 .text.callUart
                0x08001248       0x30 ./Core/Src/main.o
                0x08001248                callUart
 .text.init_fir_filter
                0x08001278       0x40 ./Core/Src/main.o
                0x08001278                init_fir_filter
 .text.fir_filter
                0x080012b8       0x8c ./Core/Src/main.o
                0x080012b8                fir_filter
 .text.soft_clip
                0x08001344       0x84 ./Core/Src/main.o
                0x08001344                soft_clip
 .text.init_iir_filter
                0x080013c8       0x60 ./Core/Src/main.o
                0x080013c8                init_iir_filter
 .text.iir_filter
                0x08001428       0x24 ./Core/Src/main.o
                0x08001428                iir_filter
 .text.process_equalizer
                0x0800144c      0x284 ./Core/Src/main.o
                0x0800144c                process_equalizer
 .text.HAL_ADC_ConvHalfCpltCallback
                0x080016d0       0x20 ./Core/Src/main.o
                0x080016d0                HAL_ADC_ConvHalfCpltCallback
 .text.HAL_ADC_ConvCpltCallback
                0x080016f0       0x3c ./Core/Src/main.o
                0x080016f0                HAL_ADC_ConvCpltCallback
 .text.HAL_I2S_TxCpltCallback
                0x0800172c       0x14 ./Core/Src/main.o
                0x0800172c                HAL_I2S_TxCpltCallback
 .text.Error_Handler
                0x08001740        0xc ./Core/Src/main.o
                0x08001740                Error_Handler
 .text.MX_SPI1_Init
                0x0800174c       0x6c ./Core/Src/spi.o
                0x0800174c                MX_SPI1_Init
 .text.HAL_SPI_MspInit
                0x080017b8       0x90 ./Core/Src/spi.o
                0x080017b8                HAL_SPI_MspInit
 .text.HAL_MspInit
                0x08001848       0x50 ./Core/Src/stm32f4xx_hal_msp.o
                0x08001848                HAL_MspInit
 .text.NMI_Handler
                0x08001898        0x8 ./Core/Src/stm32f4xx_it.o
                0x08001898                NMI_Handler
 .text.HardFault_Handler
                0x080018a0        0x8 ./Core/Src/stm32f4xx_it.o
                0x080018a0                HardFault_Handler
 .text.MemManage_Handler
                0x080018a8        0x8 ./Core/Src/stm32f4xx_it.o
                0x080018a8                MemManage_Handler
 .text.BusFault_Handler
                0x080018b0        0x8 ./Core/Src/stm32f4xx_it.o
                0x080018b0                BusFault_Handler
 .text.UsageFault_Handler
                0x080018b8        0x8 ./Core/Src/stm32f4xx_it.o
                0x080018b8                UsageFault_Handler
 .text.SVC_Handler
                0x080018c0        0xe ./Core/Src/stm32f4xx_it.o
                0x080018c0                SVC_Handler
 .text.DebugMon_Handler
                0x080018ce        0xe ./Core/Src/stm32f4xx_it.o
                0x080018ce                DebugMon_Handler
 .text.PendSV_Handler
                0x080018dc        0xe ./Core/Src/stm32f4xx_it.o
                0x080018dc                PendSV_Handler
 .text.SysTick_Handler
                0x080018ea        0xc ./Core/Src/stm32f4xx_it.o
                0x080018ea                SysTick_Handler
 *fill*         0x080018f6        0x2 
 .text.DMA1_Stream6_IRQHandler
                0x080018f8       0x14 ./Core/Src/stm32f4xx_it.o
                0x080018f8                DMA1_Stream6_IRQHandler
 .text.DMA1_Stream7_IRQHandler
                0x0800190c       0x14 ./Core/Src/stm32f4xx_it.o
                0x0800190c                DMA1_Stream7_IRQHandler
 .text.DMA2_Stream0_IRQHandler
                0x08001920       0x14 ./Core/Src/stm32f4xx_it.o
                0x08001920                DMA2_Stream0_IRQHandler
 .text.OTG_FS_IRQHandler
                0x08001934       0x14 ./Core/Src/stm32f4xx_it.o
                0x08001934                OTG_FS_IRQHandler
 .text.SystemInit
                0x08001948       0x24 ./Core/Src/system_stm32f4xx.o
                0x08001948                SystemInit
 .text.MX_TIM2_Init
                0x0800196c       0x98 ./Core/Src/tim.o
                0x0800196c                MX_TIM2_Init
 .text.HAL_TIM_Base_MspInit
                0x08001a04       0x40 ./Core/Src/tim.o
                0x08001a04                HAL_TIM_Base_MspInit
 .text.MX_USART2_UART_Init
                0x08001a44       0x54 ./Core/Src/usart.o
                0x08001a44                MX_USART2_UART_Init
 .text.HAL_UART_MspInit
                0x08001a98       0xfc ./Core/Src/usart.o
                0x08001a98                HAL_UART_MspInit
 .text.Reset_Handler
                0x08001b94       0x50 ./Core/Startup/startup_stm32f407vgtx.o
                0x08001b94                Reset_Handler
 .text.Default_Handler
                0x08001be4        0x2 ./Core/Startup/startup_stm32f407vgtx.o
                0x08001be4                RTC_Alarm_IRQHandler
                0x08001be4                HASH_RNG_IRQHandler
                0x08001be4                EXTI2_IRQHandler
                0x08001be4                TIM8_CC_IRQHandler
                0x08001be4                TIM1_CC_IRQHandler
                0x08001be4                DMA2_Stream5_IRQHandler
                0x08001be4                DMA1_Stream5_IRQHandler
                0x08001be4                PVD_IRQHandler
                0x08001be4                SDIO_IRQHandler
                0x08001be4                TAMP_STAMP_IRQHandler
                0x08001be4                CAN2_RX1_IRQHandler
                0x08001be4                EXTI3_IRQHandler
                0x08001be4                TIM8_TRG_COM_TIM14_IRQHandler
                0x08001be4                TIM1_UP_TIM10_IRQHandler
                0x08001be4                TIM8_UP_TIM13_IRQHandler
                0x08001be4                I2C3_ER_IRQHandler
                0x08001be4                EXTI0_IRQHandler
                0x08001be4                I2C2_EV_IRQHandler
                0x08001be4                DMA1_Stream2_IRQHandler
                0x08001be4                CAN1_RX0_IRQHandler
                0x08001be4                FPU_IRQHandler
                0x08001be4                OTG_HS_WKUP_IRQHandler
                0x08001be4                CAN2_SCE_IRQHandler
                0x08001be4                DMA2_Stream2_IRQHandler
                0x08001be4                SPI1_IRQHandler
                0x08001be4                TIM6_DAC_IRQHandler
                0x08001be4                TIM1_BRK_TIM9_IRQHandler
                0x08001be4                DCMI_IRQHandler
                0x08001be4                CAN2_RX0_IRQHandler
                0x08001be4                DMA2_Stream3_IRQHandler
                0x08001be4                USART6_IRQHandler
                0x08001be4                USART3_IRQHandler
                0x08001be4                CAN1_RX1_IRQHandler
                0x08001be4                UART5_IRQHandler
                0x08001be4                TIM4_IRQHandler
                0x08001be4                I2C1_EV_IRQHandler
                0x08001be4                DMA1_Stream1_IRQHandler
                0x08001be4                UART4_IRQHandler
                0x08001be4                TIM3_IRQHandler
                0x08001be4                RCC_IRQHandler
                0x08001be4                TIM8_BRK_TIM12_IRQHandler
                0x08001be4                Default_Handler
                0x08001be4                EXTI15_10_IRQHandler
                0x08001be4                ADC_IRQHandler
                0x08001be4                TIM7_IRQHandler
                0x08001be4                CAN2_TX_IRQHandler
                0x08001be4                TIM5_IRQHandler
                0x08001be4                DMA2_Stream7_IRQHandler
                0x08001be4                I2C3_EV_IRQHandler
                0x08001be4                EXTI9_5_IRQHandler
                0x08001be4                RTC_WKUP_IRQHandler
                0x08001be4                ETH_WKUP_IRQHandler
                0x08001be4                SPI2_IRQHandler
                0x08001be4                OTG_HS_EP1_IN_IRQHandler
                0x08001be4                DMA1_Stream0_IRQHandler
                0x08001be4                CAN1_TX_IRQHandler
                0x08001be4                EXTI4_IRQHandler
                0x08001be4                FSMC_IRQHandler
                0x08001be4                ETH_IRQHandler
                0x08001be4                OTG_HS_EP1_OUT_IRQHandler
                0x08001be4                WWDG_IRQHandler
                0x08001be4                TIM2_IRQHandler
                0x08001be4                OTG_FS_WKUP_IRQHandler
                0x08001be4                TIM1_TRG_COM_TIM11_IRQHandler
                0x08001be4                OTG_HS_IRQHandler
                0x08001be4                EXTI1_IRQHandler
                0x08001be4                USART2_IRQHandler
                0x08001be4                I2C2_ER_IRQHandler
                0x08001be4                DMA2_Stream1_IRQHandler
                0x08001be4                CAN1_SCE_IRQHandler
                0x08001be4                FLASH_IRQHandler
                0x08001be4                DMA2_Stream4_IRQHandler
                0x08001be4                USART1_IRQHandler
                0x08001be4                SPI3_IRQHandler
                0x08001be4                DMA1_Stream4_IRQHandler
                0x08001be4                I2C1_ER_IRQHandler
                0x08001be4                DMA2_Stream6_IRQHandler
                0x08001be4                DMA1_Stream3_IRQHandler
 *fill*         0x08001be6        0x2 
 .text.HAL_Init
                0x08001be8       0x44 ./Drivers/STM32F4xx_HAL_Driver/Src/stm32f4xx_hal.o
                0x08001be8                HAL_Init
 .text.HAL_InitTick
                0x08001c2c       0x60 ./Drivers/STM32F4xx_HAL_Driver/Src/stm32f4xx_hal.o
                0x08001c2c                HAL_InitTick
 .text.HAL_IncTick
                0x08001c8c       0x28 ./Drivers/STM32F4xx_HAL_Driver/Src/stm32f4xx_hal.o
                0x08001c8c                HAL_IncTick
 .text.HAL_GetTick
                0x08001cb4       0x18 ./Drivers/STM32F4xx_HAL_Driver/Src/stm32f4xx_hal.o
                0x08001cb4                HAL_GetTick
 .text.HAL_ADC_Init
                0x08001ccc       0x86 ./Drivers/STM32F4xx_HAL_Driver/Src/stm32f4xx_hal_adc.o
                0x08001ccc                HAL_ADC_Init
 *fill*         0x08001d52        0x2 
 .text.HAL_ADC_Start_DMA
                0x08001d54      0x220 ./Drivers/STM32F4xx_HAL_Driver/Src/stm32f4xx_hal_adc.o
                0x08001d54                HAL_ADC_Start_DMA
 .text.HAL_ADC_ErrorCallback
                0x08001f74       0x14 ./Drivers/STM32F4xx_HAL_Driver/Src/stm32f4xx_hal_adc.o
                0x08001f74                HAL_ADC_ErrorCallback
 .text.HAL_ADC_ConfigChannel
                0x08001f88      0x244 ./Drivers/STM32F4xx_HAL_Driver/Src/stm32f4xx_hal_adc.o
                0x08001f88                HAL_ADC_ConfigChannel
 .text.ADC_Init
                0x080021cc      0x1f8 ./Drivers/STM32F4xx_HAL_Driver/Src/stm32f4xx_hal_adc.o
 .text.ADC_DMAConvCplt
                0x080023c4       0xba ./Drivers/STM32F4xx_HAL_Driver/Src/stm32f4xx_hal_adc.o
 .text.ADC_DMAHalfConvCplt
                0x0800247e       0x1c ./Drivers/STM32F4xx_HAL_Driver/Src/stm32f4xx_hal_adc.o
 .text.ADC_DMAError
                0x0800249a       0x2e ./Drivers/STM32F4xx_HAL_Driver/Src/stm32f4xx_hal_adc.o
 .text.__NVIC_SetPriorityGrouping
                0x080024c8       0x48 ./Drivers/STM32F4xx_HAL_Driver/Src/stm32f4xx_hal_cortex.o
 .text.__NVIC_GetPriorityGrouping
                0x08002510       0x1c ./Drivers/STM32F4xx_HAL_Driver/Src/stm32f4xx_hal_cortex.o
 .text.__NVIC_EnableIRQ
                0x0800252c       0x3c ./Drivers/STM32F4xx_HAL_Driver/Src/stm32f4xx_hal_cortex.o
 .text.__NVIC_SetPriority
                0x08002568       0x54 ./Drivers/STM32F4xx_HAL_Driver/Src/stm32f4xx_hal_cortex.o
 .text.NVIC_EncodePriority
                0x080025bc       0x66 ./Drivers/STM32F4xx_HAL_Driver/Src/stm32f4xx_hal_cortex.o
 *fill*         0x08002622        0x2 
 .text.SysTick_Config
                0x08002624       0x44 ./Drivers/STM32F4xx_HAL_Driver/Src/stm32f4xx_hal_cortex.o
 .text.HAL_NVIC_SetPriorityGrouping
                0x08002668       0x16 ./Drivers/STM32F4xx_HAL_Driver/Src/stm32f4xx_hal_cortex.o
                0x08002668                HAL_NVIC_SetPriorityGrouping
 .text.HAL_NVIC_SetPriority
                0x0800267e       0x38 ./Drivers/STM32F4xx_HAL_Driver/Src/stm32f4xx_hal_cortex.o
                0x0800267e                HAL_NVIC_SetPriority
 .text.HAL_NVIC_EnableIRQ
                0x080026b6       0x1c ./Drivers/STM32F4xx_HAL_Driver/Src/stm32f4xx_hal_cortex.o
                0x080026b6                HAL_NVIC_EnableIRQ
 .text.HAL_SYSTICK_Config
                0x080026d2       0x18 ./Drivers/STM32F4xx_HAL_Driver/Src/stm32f4xx_hal_cortex.o
                0x080026d2                HAL_SYSTICK_Config
 *fill*         0x080026ea        0x2 
 .text.HAL_DMA_Init
                0x080026ec      0x15c ./Drivers/STM32F4xx_HAL_Driver/Src/stm32f4xx_hal_dma.o
                0x080026ec                HAL_DMA_Init
 .text.HAL_DMA_Start_IT
                0x08002848       0xb0 ./Drivers/STM32F4xx_HAL_Driver/Src/stm32f4xx_hal_dma.o
                0x08002848                HAL_DMA_Start_IT
 .text.HAL_DMA_IRQHandler
                0x080028f8      0x314 ./Drivers/STM32F4xx_HAL_Driver/Src/stm32f4xx_hal_dma.o
                0x080028f8                HAL_DMA_IRQHandler
 .text.DMA_SetConfig
                0x08002c0c       0x5c ./Drivers/STM32F4xx_HAL_Driver/Src/stm32f4xx_hal_dma.o
 .text.DMA_CalcBaseAndBitshift
                0x08002c68       0x6c ./Drivers/STM32F4xx_HAL_Driver/Src/stm32f4xx_hal_dma.o
 .text.DMA_CheckFifoParam
                0x08002cd4       0xf8 ./Drivers/STM32F4xx_HAL_Driver/Src/stm32f4xx_hal_dma.o
 .text.HAL_GPIO_Init
                0x08002dcc      0x338 ./Drivers/STM32F4xx_HAL_Driver/Src/stm32f4xx_hal_gpio.o
                0x08002dcc                HAL_GPIO_Init
 .text.HAL_GPIO_WritePin
                0x08003104       0x32 ./Drivers/STM32F4xx_HAL_Driver/Src/stm32f4xx_hal_gpio.o
                0x08003104                HAL_GPIO_WritePin
 .text.HAL_HCD_IRQHandler
                0x08003136      0x220 ./Drivers/STM32F4xx_HAL_Driver/Src/stm32f4xx_hal_hcd.o
                0x08003136                HAL_HCD_IRQHandler
 .text.HAL_HCD_Stop
                0x08003356       0x3a ./Drivers/STM32F4xx_HAL_Driver/Src/stm32f4xx_hal_hcd.o
                0x08003356                HAL_HCD_Stop
 .text.HCD_HC_IN_IRQHandler
                0x08003390      0xcd2 ./Drivers/STM32F4xx_HAL_Driver/Src/stm32f4xx_hal_hcd.o
 .text.HCD_HC_OUT_IRQHandler
                0x08004062      0x97e ./Drivers/STM32F4xx_HAL_Driver/Src/stm32f4xx_hal_hcd.o
 .text.HCD_RXQLVL_IRQHandler
                0x080049e0      0x1be ./Drivers/STM32F4xx_HAL_Driver/Src/stm32f4xx_hal_hcd.o
 .text.HCD_Port_IRQHandler
                0x08004b9e       0xe6 ./Drivers/STM32F4xx_HAL_Driver/Src/stm32f4xx_hal_hcd.o
 .text.HAL_I2C_Init
                0x08004c84      0x288 ./Drivers/STM32F4xx_HAL_Driver/Src/stm32f4xx_hal_i2c.o
                0x08004c84                HAL_I2C_Init
 .text.HAL_I2C_Master_Transmit
                0x08004f0c      0x1fc ./Drivers/STM32F4xx_HAL_Driver/Src/stm32f4xx_hal_i2c.o
                0x08004f0c                HAL_I2C_Master_Transmit
 .text.I2C_MasterRequestWrite
                0x08005108      0x104 ./Drivers/STM32F4xx_HAL_Driver/Src/stm32f4xx_hal_i2c.o
 .text.I2C_WaitOnFlagUntilTimeout
                0x0800520c       0xf4 ./Drivers/STM32F4xx_HAL_Driver/Src/stm32f4xx_hal_i2c.o
 .text.I2C_WaitOnMasterAddressFlagUntilTimeout
                0x08005300      0x140 ./Drivers/STM32F4xx_HAL_Driver/Src/stm32f4xx_hal_i2c.o
 .text.I2C_WaitOnTXEFlagUntilTimeout
                0x08005440       0x90 ./Drivers/STM32F4xx_HAL_Driver/Src/stm32f4xx_hal_i2c.o
 .text.I2C_WaitOnBTFFlagUntilTimeout
                0x080054d0       0x90 ./Drivers/STM32F4xx_HAL_Driver/Src/stm32f4xx_hal_i2c.o
 .text.I2C_IsAcknowledgeFailed
                0x08005560       0x5e ./Drivers/STM32F4xx_HAL_Driver/Src/stm32f4xx_hal_i2c.o
 *fill*         0x080055be        0x2 
 .text.HAL_I2S_Init
                0x080055c0      0x280 ./Drivers/STM32F4xx_HAL_Driver/Src/stm32f4xx_hal_i2s.o
                0x080055c0                HAL_I2S_Init
 .text.HAL_I2S_Transmit_DMA
                0x08005840      0x148 ./Drivers/STM32F4xx_HAL_Driver/Src/stm32f4xx_hal_i2s.o
                0x08005840                HAL_I2S_Transmit_DMA
 .text.HAL_I2S_TxHalfCpltCallback
                0x08005988       0x14 ./Drivers/STM32F4xx_HAL_Driver/Src/stm32f4xx_hal_i2s.o
                0x08005988                HAL_I2S_TxHalfCpltCallback
 .text.HAL_I2S_RxCpltCallback
                0x0800599c       0x14 ./Drivers/STM32F4xx_HAL_Driver/Src/stm32f4xx_hal_i2s.o
                0x0800599c                HAL_I2S_RxCpltCallback
 .text.HAL_I2S_ErrorCallback
                0x080059b0       0x14 ./Drivers/STM32F4xx_HAL_Driver/Src/stm32f4xx_hal_i2s.o
                0x080059b0                HAL_I2S_ErrorCallback
 .text.I2S_DMATxCplt
                0x080059c4       0x42 ./Drivers/STM32F4xx_HAL_Driver/Src/stm32f4xx_hal_i2s.o
 .text.I2S_DMATxHalfCplt
                0x08005a06       0x1c ./Drivers/STM32F4xx_HAL_Driver/Src/stm32f4xx_hal_i2s.o
 .text.I2S_DMAError
                0x08005a22       0x4c ./Drivers/STM32F4xx_HAL_Driver/Src/stm32f4xx_hal_i2s.o
 .text.I2S_Transmit_IT
                0x08005a6e       0x5c ./Drivers/STM32F4xx_HAL_Driver/Src/stm32f4xx_hal_i2s.o
 .text.I2S_Receive_IT
                0x08005aca       0x5e ./Drivers/STM32F4xx_HAL_Driver/Src/stm32f4xx_hal_i2s.o
 .text.I2S_IRQHandler
                0x08005b28      0x114 ./Drivers/STM32F4xx_HAL_Driver/Src/stm32f4xx_hal_i2s.o
 .text.HAL_I2SEx_FullDuplex_IRQHandler
                0x08005c3c      0x2a8 ./Drivers/STM32F4xx_HAL_Driver/Src/stm32f4xx_hal_i2s_ex.o
                0x08005c3c                HAL_I2SEx_FullDuplex_IRQHandler
 .text.HAL_I2SEx_TxRxCpltCallback
                0x08005ee4       0x14 ./Drivers/STM32F4xx_HAL_Driver/Src/stm32f4xx_hal_i2s_ex.o
                0x08005ee4                HAL_I2SEx_TxRxCpltCallback
 .text.I2SEx_TxISR_I2S
                0x08005ef8       0x62 ./Drivers/STM32F4xx_HAL_Driver/Src/stm32f4xx_hal_i2s_ex.o
 *fill*         0x08005f5a        0x2 
 .text.I2SEx_TxISR_I2SExt
                0x08005f5c       0x98 ./Drivers/STM32F4xx_HAL_Driver/Src/stm32f4xx_hal_i2s_ex.o
 .text.I2SEx_RxISR_I2S
                0x08005ff4       0x64 ./Drivers/STM32F4xx_HAL_Driver/Src/stm32f4xx_hal_i2s_ex.o
 .text.I2SEx_RxISR_I2SExt
                0x08006058       0x98 ./Drivers/STM32F4xx_HAL_Driver/Src/stm32f4xx_hal_i2s_ex.o
 .text.HAL_RCC_OscConfig
                0x080060f0      0x4f0 ./Drivers/STM32F4xx_HAL_Driver/Src/stm32f4xx_hal_rcc.o
                0x080060f0                HAL_RCC_OscConfig
 .text.HAL_RCC_ClockConfig
                0x080065e0      0x1cc ./Drivers/STM32F4xx_HAL_Driver/Src/stm32f4xx_hal_rcc.o
                0x080065e0                HAL_RCC_ClockConfig
 .text.HAL_RCC_GetSysClockFreq
                0x080067ac      0x20c ./Drivers/STM32F4xx_HAL_Driver/Src/stm32f4xx_hal_rcc.o
                0x080067ac                HAL_RCC_GetSysClockFreq
 .text.HAL_RCC_GetHCLKFreq
                0x080069b8       0x18 ./Drivers/STM32F4xx_HAL_Driver/Src/stm32f4xx_hal_rcc.o
                0x080069b8                HAL_RCC_GetHCLKFreq
 .text.HAL_RCC_GetPCLK1Freq
                0x080069d0       0x28 ./Drivers/STM32F4xx_HAL_Driver/Src/stm32f4xx_hal_rcc.o
                0x080069d0                HAL_RCC_GetPCLK1Freq
 .text.HAL_RCC_GetPCLK2Freq
                0x080069f8       0x28 ./Drivers/STM32F4xx_HAL_Driver/Src/stm32f4xx_hal_rcc.o
                0x080069f8                HAL_RCC_GetPCLK2Freq
 .text.HAL_RCCEx_PeriphCLKConfig
                0x08006a20      0x1c4 ./Drivers/STM32F4xx_HAL_Driver/Src/stm32f4xx_hal_rcc_ex.o
                0x08006a20                HAL_RCCEx_PeriphCLKConfig
 .text.HAL_RCCEx_GetPeriphCLKFreq
                0x08006be4       0xc0 ./Drivers/STM32F4xx_HAL_Driver/Src/stm32f4xx_hal_rcc_ex.o
                0x08006be4                HAL_RCCEx_GetPeriphCLKFreq
 .text.HAL_SPI_Init
                0x08006ca4      0x112 ./Drivers/STM32F4xx_HAL_Driver/Src/stm32f4xx_hal_spi.o
                0x08006ca4                HAL_SPI_Init
 .text.HAL_TIM_Base_Init
                0x08006db6       0x9e ./Drivers/STM32F4xx_HAL_Driver/Src/stm32f4xx_hal_tim.o
                0x08006db6                HAL_TIM_Base_Init
 .text.HAL_TIM_Base_Start
                0x08006e54       0xd0 ./Drivers/STM32F4xx_HAL_Driver/Src/stm32f4xx_hal_tim.o
                0x08006e54                HAL_TIM_Base_Start
 .text.HAL_TIM_ConfigClockSource
                0x08006f24      0x18e ./Drivers/STM32F4xx_HAL_Driver/Src/stm32f4xx_hal_tim.o
                0x08006f24                HAL_TIM_ConfigClockSource
 *fill*         0x080070b2        0x2 
 .text.TIM_Base_SetConfig
                0x080070b4      0x158 ./Drivers/STM32F4xx_HAL_Driver/Src/stm32f4xx_hal_tim.o
                0x080070b4                TIM_Base_SetConfig
 .text.TIM_TI1_ConfigInputStage
                0x0800720c       0x5e ./Drivers/STM32F4xx_HAL_Driver/Src/stm32f4xx_hal_tim.o
 .text.TIM_TI2_ConfigInputStage
                0x0800726a       0x60 ./Drivers/STM32F4xx_HAL_Driver/Src/stm32f4xx_hal_tim.o
 .text.TIM_ITRx_SetConfig
                0x080072ca       0x36 ./Drivers/STM32F4xx_HAL_Driver/Src/stm32f4xx_hal_tim.o
 .text.TIM_ETR_SetConfig
                0x08007300       0x40 ./Drivers/STM32F4xx_HAL_Driver/Src/stm32f4xx_hal_tim.o
                0x08007300                TIM_ETR_SetConfig
 .text.HAL_TIMEx_MasterConfigSynchronization
                0x08007340       0xf8 ./Drivers/STM32F4xx_HAL_Driver/Src/stm32f4xx_hal_tim_ex.o
                0x08007340                HAL_TIMEx_MasterConfigSynchronization
 .text.HAL_UART_Init
                0x08007438       0xa0 ./Drivers/STM32F4xx_HAL_Driver/Src/stm32f4xx_hal_uart.o
                0x08007438                HAL_UART_Init
 .text.HAL_UART_Transmit_DMA
                0x080074d8       0xe0 ./Drivers/STM32F4xx_HAL_Driver/Src/stm32f4xx_hal_uart.o
                0x080074d8                HAL_UART_Transmit_DMA
 .text.HAL_UART_TxCpltCallback
                0x080075b8       0x14 ./Drivers/STM32F4xx_HAL_Driver/Src/stm32f4xx_hal_uart.o
                0x080075b8                HAL_UART_TxCpltCallback
 .text.HAL_UART_TxHalfCpltCallback
                0x080075cc       0x14 ./Drivers/STM32F4xx_HAL_Driver/Src/stm32f4xx_hal_uart.o
                0x080075cc                HAL_UART_TxHalfCpltCallback
 .text.HAL_UART_ErrorCallback
                0x080075e0       0x14 ./Drivers/STM32F4xx_HAL_Driver/Src/stm32f4xx_hal_uart.o
                0x080075e0                HAL_UART_ErrorCallback
 .text.UART_DMATransmitCplt
                0x080075f4       0x9a ./Drivers/STM32F4xx_HAL_Driver/Src/stm32f4xx_hal_uart.o
 .text.UART_DMATxHalfCplt
                0x0800768e       0x1c ./Drivers/STM32F4xx_HAL_Driver/Src/stm32f4xx_hal_uart.o
 .text.UART_DMAError
                0x080076aa       0x94 ./Drivers/STM32F4xx_HAL_Driver/Src/stm32f4xx_hal_uart.o
 .text.UART_EndTxTransfer
                0x0800773e       0x50 ./Drivers/STM32F4xx_HAL_Driver/Src/stm32f4xx_hal_uart.o
 .text.UART_EndRxTransfer
                0x0800778e       0xc6 ./Drivers/STM32F4xx_HAL_Driver/Src/stm32f4xx_hal_uart.o
 .text.UART_SetConfig
                0x08007854      0x4e8 ./Drivers/STM32F4xx_HAL_Driver/Src/stm32f4xx_hal_uart.o
 .text.USB_EnableGlobalInt
                0x08007d3c       0x22 ./Drivers/STM32F4xx_HAL_Driver/Src/stm32f4xx_ll_usb.o
                0x08007d3c                USB_EnableGlobalInt
 .text.USB_DisableGlobalInt
                0x08007d5e       0x22 ./Drivers/STM32F4xx_HAL_Driver/Src/stm32f4xx_ll_usb.o
                0x08007d5e                USB_DisableGlobalInt
 .text.USB_FlushTxFifo
                0x08007d80       0x64 ./Drivers/STM32F4xx_HAL_Driver/Src/stm32f4xx_ll_usb.o
                0x08007d80                USB_FlushTxFifo
 .text.USB_FlushRxFifo
                0x08007de4       0x5c ./Drivers/STM32F4xx_HAL_Driver/Src/stm32f4xx_ll_usb.o
                0x08007de4                USB_FlushRxFifo
 .text.USB_ReadPacket
                0x08007e40       0xb0 ./Drivers/STM32F4xx_HAL_Driver/Src/stm32f4xx_ll_usb.o
                0x08007e40                USB_ReadPacket
 .text.USB_ReadInterrupts
                0x08007ef0       0x26 ./Drivers/STM32F4xx_HAL_Driver/Src/stm32f4xx_ll_usb.o
                0x08007ef0                USB_ReadInterrupts
 .text.USB_ReadChInterrupts
                0x08007f16       0x42 ./Drivers/STM32F4xx_HAL_Driver/Src/stm32f4xx_ll_usb.o
                0x08007f16                USB_ReadChInterrupts
 .text.USB_GetMode
                0x08007f58       0x1c ./Drivers/STM32F4xx_HAL_Driver/Src/stm32f4xx_ll_usb.o
                0x08007f58                USB_GetMode
 .text.USB_InitFSLSPClkSel
                0x08007f74       0x7a ./Drivers/STM32F4xx_HAL_Driver/Src/stm32f4xx_ll_usb.o
                0x08007f74                USB_InitFSLSPClkSel
 .text.USB_HC_ReadInterrupt
                0x08007fee       0x22 ./Drivers/STM32F4xx_HAL_Driver/Src/stm32f4xx_ll_usb.o
                0x08007fee                USB_HC_ReadInterrupt
 .text.USB_HC_Halt
                0x08008010      0x240 ./Drivers/STM32F4xx_HAL_Driver/Src/stm32f4xx_ll_usb.o
                0x08008010                USB_HC_Halt
 .text.USB_StopHost
                0x08008250      0x124 ./Drivers/STM32F4xx_HAL_Driver/Src/stm32f4xx_ll_usb.o
                0x08008250                USB_StopHost
 .text.USBH_LL_IncTimer
                0x08008374       0x24 ./Middlewares/ST/STM32_USB_Host_Library/Core/Src/usbh_core.o
                0x08008374                USBH_LL_IncTimer
 .text.USBH_HandleSof
                0x08008398       0x30 ./Middlewares/ST/STM32_USB_Host_Library/Core/Src/usbh_core.o
 .text.USBH_LL_PortEnabled
                0x080083c8       0x1c ./Middlewares/ST/STM32_USB_Host_Library/Core/Src/usbh_core.o
                0x080083c8                USBH_LL_PortEnabled
 .text.USBH_LL_PortDisabled
                0x080083e4       0x1c ./Middlewares/ST/STM32_USB_Host_Library/Core/Src/usbh_core.o
                0x080083e4                USBH_LL_PortDisabled
 .text.USBH_LL_Connect
                0x08008400       0x2e ./Middlewares/ST/STM32_USB_Host_Library/Core/Src/usbh_core.o
                0x08008400                USBH_LL_Connect
 .text.USBH_LL_Disconnect
                0x0800842e       0x48 ./Middlewares/ST/STM32_USB_Host_Library/Core/Src/usbh_core.o
                0x0800842e                USBH_LL_Disconnect
 .text.USBH_FreePipe
                0x08008476       0x3c ./Middlewares/ST/STM32_USB_Host_Library/Core/Src/usbh_pipes.o
                0x08008476                USBH_FreePipe
 .text.HAL_HCD_SOF_Callback
                0x080084b2       0x1c ./USB_HOST/Target/usbh_conf.o
                0x080084b2                HAL_HCD_SOF_Callback
 .text.HAL_HCD_Connect_Callback
                0x080084ce       0x1c ./USB_HOST/Target/usbh_conf.o
                0x080084ce                HAL_HCD_Connect_Callback
 .text.HAL_HCD_Disconnect_Callback
                0x080084ea       0x1c ./USB_HOST/Target/usbh_conf.o
                0x080084ea                HAL_HCD_Disconnect_Callback
 .text.HAL_HCD_HC_NotifyURBChange_Callback
                0x08008506       0x1c ./USB_HOST/Target/usbh_conf.o
                0x08008506                HAL_HCD_HC_NotifyURBChange_Callback
 .text.HAL_HCD_PortEnabled_Callback
                0x08008522       0x1c ./USB_HOST/Target/usbh_conf.o
                0x08008522                HAL_HCD_PortEnabled_Callback
 .text.HAL_HCD_PortDisabled_Callback
                0x0800853e       0x1c ./USB_HOST/Target/usbh_conf.o
                0x0800853e                HAL_HCD_PortDisabled_Callback
 .text.USBH_LL_Stop
                0x0800855a       0x36 ./USB_HOST/Target/usbh_conf.o
                0x0800855a                USBH_LL_Stop
 .text.USBH_Get_USB_Status
                0x08008590       0x58 ./USB_HOST/Target/usbh_conf.o
                0x08008590                USBH_Get_USB_Status
 .text.arm_float_to_q15
                0x080085e8      0x130 ../libs/libarm_cortexM4lf_math.a(arm_float_to_q15.o)
                0x080085e8                arm_float_to_q15
 .text.arm_rfft_init_q15
                0x08008718      0x110 ../libs/libarm_cortexM4lf_math.a(arm_rfft_init_q15.o)
                0x08008718                arm_rfft_init_q15
 .text.arm_fir_q15
                0x08008828      0x318 ../libs/libarm_cortexM4lf_math.a(arm_fir_q15.o)
                0x08008828                arm_fir_q15
 .text.arm_fir_init_q15
                0x08008b40       0x2c ../libs/libarm_cortexM4lf_math.a(arm_fir_init_q15.o)
                0x08008b40                arm_fir_init_q15
 .text.arm_biquad_cascade_df1_q15
                0x08008b6c      0x13c ../libs/libarm_cortexM4lf_math.a(arm_biquad_cascade_df1_q15.o)
                0x08008b6c                arm_biquad_cascade_df1_q15
 .text.arm_biquad_cascade_df1_init_q15
                0x08008ca8       0x20 ../libs/libarm_cortexM4lf_math.a(arm_biquad_cascade_df1_init_q15.o)
                0x08008ca8                arm_biquad_cascade_df1_init_q15
 .text.arm_mult_q15
                0x08008cc8       0xbc ../libs/libarm_cortexM4lf_math.a(arm_mult_q15.o)
                0x08008cc8                arm_mult_q15
 .text.memset   0x08008d84       0x10 /opt/st/stm32cubeide_1.17.0/plugins/com.st.stm32cube.ide.mcu.externaltools.gnu-tools-for-stm32.12.3.rel1.linux64_1.1.0.202410170702/tools/bin/../lib/gcc/arm-none-eabi/12.3.1/../../../../arm-none-eabi/lib/thumb/v7e-m+fp/hard/libc_nano.a(libc_a-memset.o)
                0x08008d84                memset
 .text.__libc_init_array
                0x08008d94       0x48 /opt/st/stm32cubeide_1.17.0/plugins/com.st.stm32cube.ide.mcu.externaltools.gnu-tools-for-stm32.12.3.rel1.linux64_1.1.0.202410170702/tools/bin/../lib/gcc/arm-none-eabi/12.3.1/../../../../arm-none-eabi/lib/thumb/v7e-m+fp/hard/libc_nano.a(libc_a-init.o)
                0x08008d94                __libc_init_array
 *(.glue_7)
 .glue_7        0x08008ddc        0x0 linker stubs
 *(.glue_7t)
 .glue_7t       0x08008ddc        0x0 linker stubs
 *(.eh_frame)
 .eh_frame      0x08008ddc        0x0 /opt/st/stm32cubeide_1.17.0/plugins/com.st.stm32cube.ide.mcu.externaltools.gnu-tools-for-stm32.12.3.rel1.linux64_1.1.0.202410170702/tools/bin/../lib/gcc/arm-none-eabi/12.3.1/thumb/v7e-m+fp/hard/crtbegin.o
 *(.init)
 .init          0x08008ddc        0x4 /opt/st/stm32cubeide_1.17.0/plugins/com.st.stm32cube.ide.mcu.externaltools.gnu-tools-for-stm32.12.3.rel1.linux64_1.1.0.202410170702/tools/bin/../lib/gcc/arm-none-eabi/12.3.1/thumb/v7e-m+fp/hard/crti.o
                0x08008ddc                _init
 .init          0x08008de0        0x8 /opt/st/stm32cubeide_1.17.0/plugins/com.st.stm32cube.ide.mcu.externaltools.gnu-tools-for-stm32.12.3.rel1.linux64_1.1.0.202410170702/tools/bin/../lib/gcc/arm-none-eabi/12.3.1/thumb/v7e-m+fp/hard/crtn.o
 *(.fini)
 .fini          0x08008de8        0x4 /opt/st/stm32cubeide_1.17.0/plugins/com.st.stm32cube.ide.mcu.externaltools.gnu-tools-for-stm32.12.3.rel1.linux64_1.1.0.202410170702/tools/bin/../lib/gcc/arm-none-eabi/12.3.1/thumb/v7e-m+fp/hard/crti.o
                0x08008de8                _fini
 .fini          0x08008dec        0x8 /opt/st/stm32cubeide_1.17.0/plugins/com.st.stm32cube.ide.mcu.externaltools.gnu-tools-for-stm32.12.3.rel1.linux64_1.1.0.202410170702/tools/bin/../lib/gcc/arm-none-eabi/12.3.1/thumb/v7e-m+fp/hard/crtn.o
                0x08008df4                        . = ALIGN (0x4)
                0x08008df4                        _etext = .

.vfp11_veneer   0x08008df4        0x0
 .vfp11_veneer  0x08008df4        0x0 linker stubs

.v4_bx          0x08008df4        0x0
 .v4_bx         0x08008df4        0x0 linker stubs

.iplt           0x08008df4        0x0
 .iplt          0x08008df4        0x0 /opt/st/stm32cubeide_1.17.0/plugins/com.st.stm32cube.ide.mcu.externaltools.gnu-tools-for-stm32.12.3.rel1.linux64_1.1.0.202410170702/tools/bin/../lib/gcc/arm-none-eabi/12.3.1/thumb/v7e-m+fp/hard/crtbegin.o

.rodata         0x08008df4    0x11e8c
                0x08008df4                        . = ALIGN (0x4)
 *(.rodata)
 .rodata        0x08008df4       0x14 ./Core/Src/main.o
 *(.rodata*)
 .rodata.AHBPrescTable
                0x08008e08       0x10 ./Core/Src/system_stm32f4xx.o
                0x08008e08                AHBPrescTable
 .rodata.APBPrescTable
                0x08008e18        0x8 ./Core/Src/system_stm32f4xx.o
                0x08008e18                APBPrescTable
 .rodata.flagBitshiftOffset.0
                0x08008e20        0x8 ./Drivers/STM32F4xx_HAL_Driver/Src/stm32f4xx_hal_dma.o
 .rodata.realCoefAQ15
                0x08008e28     0x4000 ../libs/libarm_cortexM4lf_math.a(arm_rfft_init_q15.o)
 .rodata.realCoefBQ15
                0x0800ce28     0x4000 ../libs/libarm_cortexM4lf_math.a(arm_rfft_init_q15.o)
 .rodata.arm_cfft_sR_q15_len1024
                0x08010e28       0x10 ../libs/libarm_cortexM4lf_math.a(arm_const_structs.o)
                0x08010e28                arm_cfft_sR_q15_len1024
 .rodata.arm_cfft_sR_q15_len16
                0x08010e38       0x10 ../libs/libarm_cortexM4lf_math.a(arm_const_structs.o)
                0x08010e38                arm_cfft_sR_q15_len16
 .rodata.arm_cfft_sR_q15_len32
                0x08010e48       0x10 ../libs/libarm_cortexM4lf_math.a(arm_const_structs.o)
                0x08010e48                arm_cfft_sR_q15_len32
 .rodata.arm_cfft_sR_q15_len4096
                0x08010e58       0x10 ../libs/libarm_cortexM4lf_math.a(arm_const_structs.o)
                0x08010e58                arm_cfft_sR_q15_len4096
 .rodata.arm_cfft_sR_q15_len512
                0x08010e68       0x10 ../libs/libarm_cortexM4lf_math.a(arm_const_structs.o)
                0x08010e68                arm_cfft_sR_q15_len512
 .rodata.arm_cfft_sR_q15_len64
                0x08010e78       0x10 ../libs/libarm_cortexM4lf_math.a(arm_const_structs.o)
                0x08010e78                arm_cfft_sR_q15_len64
 .rodata.arm_cfft_sR_q15_len256
                0x08010e88       0x10 ../libs/libarm_cortexM4lf_math.a(arm_const_structs.o)
                0x08010e88                arm_cfft_sR_q15_len256
 .rodata.arm_cfft_sR_q15_len128
                0x08010e98       0x10 ../libs/libarm_cortexM4lf_math.a(arm_const_structs.o)
                0x08010e98                arm_cfft_sR_q15_len128
 .rodata.arm_cfft_sR_q15_len2048
                0x08010ea8       0x10 ../libs/libarm_cortexM4lf_math.a(arm_const_structs.o)
                0x08010ea8                arm_cfft_sR_q15_len2048
 .rodata.armBitRevIndexTable_fixed_128
                0x08010eb8       0xe0 ../libs/libarm_cortexM4lf_math.a(arm_common_tables.o)
                0x08010eb8                armBitRevIndexTable_fixed_128
 .rodata.armBitRevIndexTable_fixed_2048
                0x08010f98      0xf80 ../libs/libarm_cortexM4lf_math.a(arm_common_tables.o)
                0x08010f98                armBitRevIndexTable_fixed_2048
 .rodata.armBitRevIndexTable_fixed_4096
                0x08011f18     0x1f80 ../libs/libarm_cortexM4lf_math.a(arm_common_tables.o)
                0x08011f18                armBitRevIndexTable_fixed_4096
 .rodata.armBitRevIndexTable_fixed_1024
                0x08013e98      0x7c0 ../libs/libarm_cortexM4lf_math.a(arm_common_tables.o)
                0x08013e98                armBitRevIndexTable_fixed_1024
 .rodata.twiddleCoef_1024_q15
                0x08014658      0xc00 ../libs/libarm_cortexM4lf_math.a(arm_common_tables.o)
                0x08014658                twiddleCoef_1024_q15
 .rodata.twiddleCoef_32_q15
                0x08015258       0x60 ../libs/libarm_cortexM4lf_math.a(arm_common_tables.o)
                0x08015258                twiddleCoef_32_q15
 .rodata.twiddleCoef_4096_q15
                0x080152b8     0x3000 ../libs/libarm_cortexM4lf_math.a(arm_common_tables.o)
                0x080152b8                twiddleCoef_4096_q15
 .rodata.twiddleCoef_16_q15
                0x080182b8       0x30 ../libs/libarm_cortexM4lf_math.a(arm_common_tables.o)
                0x080182b8                twiddleCoef_16_q15
 .rodata.twiddleCoef_64_q15
                0x080182e8       0xc0 ../libs/libarm_cortexM4lf_math.a(arm_common_tables.o)
                0x080182e8                twiddleCoef_64_q15
 .rodata.twiddleCoef_2048_q15
                0x080183a8     0x1800 ../libs/libarm_cortexM4lf_math.a(arm_common_tables.o)
                0x080183a8                twiddleCoef_2048_q15
 .rodata.twiddleCoef_256_q15
                0x08019ba8      0x300 ../libs/libarm_cortexM4lf_math.a(arm_common_tables.o)
                0x08019ba8                twiddleCoef_256_q15
 .rodata.twiddleCoef_512_q15
                0x08019ea8      0x600 ../libs/libarm_cortexM4lf_math.a(arm_common_tables.o)
                0x08019ea8                twiddleCoef_512_q15
 .rodata.armBitRevIndexTable_fixed_512
                0x0801a4a8      0x3c0 ../libs/libarm_cortexM4lf_math.a(arm_common_tables.o)
                0x0801a4a8                armBitRevIndexTable_fixed_512
 .rodata.armBitRevIndexTable_fixed_16
                0x0801a868       0x18 ../libs/libarm_cortexM4lf_math.a(arm_common_tables.o)
                0x0801a868                armBitRevIndexTable_fixed_16
 .rodata.twiddleCoef_128_q15
                0x0801a880      0x180 ../libs/libarm_cortexM4lf_math.a(arm_common_tables.o)
                0x0801a880                twiddleCoef_128_q15
 .rodata.armBitRevIndexTable_fixed_32
                0x0801aa00       0x30 ../libs/libarm_cortexM4lf_math.a(arm_common_tables.o)
                0x0801aa00                armBitRevIndexTable_fixed_32
 .rodata.armBitRevIndexTable_fixed_256
                0x0801aa30      0x1e0 ../libs/libarm_cortexM4lf_math.a(arm_common_tables.o)
                0x0801aa30                armBitRevIndexTable_fixed_256
 .rodata.armBitRevIndexTable_fixed_64
                0x0801ac10       0x70 ../libs/libarm_cortexM4lf_math.a(arm_common_tables.o)
                0x0801ac10                armBitRevIndexTable_fixed_64
                0x0801ac80                        . = ALIGN (0x4)

.ARM.extab      0x0801ac80        0x0
                0x0801ac80                        . = ALIGN (0x4)
 *(.ARM.extab* .gnu.linkonce.armextab.*)
                0x0801ac80                        . = ALIGN (0x4)

.ARM            0x0801ac80        0x8
                0x0801ac80                        . = ALIGN (0x4)
                0x0801ac80                        __exidx_start = .
 *(.ARM.exidx*)
 .ARM.exidx     0x0801ac80        0x8 /opt/st/stm32cubeide_1.17.0/plugins/com.st.stm32cube.ide.mcu.externaltools.gnu-tools-for-stm32.12.3.rel1.linux64_1.1.0.202410170702/tools/bin/../lib/gcc/arm-none-eabi/12.3.1/thumb/v7e-m+fp/hard/libgcc.a(_udivmoddi4.o)
                0x0801ac88                        __exidx_end = .
                0x0801ac88                        . = ALIGN (0x4)

.preinit_array  0x0801ac88        0x0
                0x0801ac88                        . = ALIGN (0x4)
                0x0801ac88                        PROVIDE (__preinit_array_start = .)
 *(.preinit_array*)
                0x0801ac88                        PROVIDE (__preinit_array_end = .)
                0x0801ac88                        . = ALIGN (0x4)

.init_array     0x0801ac88        0x4
                0x0801ac88                        . = ALIGN (0x4)
                0x0801ac88                        PROVIDE (__init_array_start = .)
 *(SORT_BY_NAME(.init_array.*))
 *(.init_array*)
 .init_array    0x0801ac88        0x4 /opt/st/stm32cubeide_1.17.0/plugins/com.st.stm32cube.ide.mcu.externaltools.gnu-tools-for-stm32.12.3.rel1.linux64_1.1.0.202410170702/tools/bin/../lib/gcc/arm-none-eabi/12.3.1/thumb/v7e-m+fp/hard/crtbegin.o
                0x0801ac8c                        PROVIDE (__init_array_end = .)
                0x0801ac8c                        . = ALIGN (0x4)

.fini_array     0x0801ac8c        0x4
                0x0801ac8c                        . = ALIGN (0x4)
                [!provide]                        PROVIDE (__fini_array_start = .)
 *(SORT_BY_NAME(.fini_array.*))
 *(.fini_array*)
 .fini_array    0x0801ac8c        0x4 /opt/st/stm32cubeide_1.17.0/plugins/com.st.stm32cube.ide.mcu.externaltools.gnu-tools-for-stm32.12.3.rel1.linux64_1.1.0.202410170702/tools/bin/../lib/gcc/arm-none-eabi/12.3.1/thumb/v7e-m+fp/hard/crtbegin.o
                [!provide]                        PROVIDE (__fini_array_end = .)
                0x0801ac90                        . = ALIGN (0x4)
                0x0801ac90                        _sidata = LOADADDR (.data)

.rel.dyn        0x0801ac90        0x0
 .rel.iplt      0x0801ac90        0x0 /opt/st/stm32cubeide_1.17.0/plugins/com.st.stm32cube.ide.mcu.externaltools.gnu-tools-for-stm32.12.3.rel1.linux64_1.1.0.202410170702/tools/bin/../lib/gcc/arm-none-eabi/12.3.1/thumb/v7e-m+fp/hard/crtbegin.o

.data           0x20000000      0x19c load address 0x0801ac90
                0x20000000                        . = ALIGN (0x4)
                0x20000000                        _sdata = .
 *(.data)
 *(.data*)
 .data.call_uart_once
                0x20000000        0x1 ./Core/Src/main.o
                0x20000000                call_uart_once
 *fill*         0x20000001        0x3 
 .data.firCoeffs
                0x20000004      0x100 ./Core/Src/main.o
                0x20000004                firCoeffs
 .data.highPassCoeffs
                0x20000104       0x14 ./Core/Src/main.o
                0x20000104                highPassCoeffs
 .data.lowPassCoeffs
                0x20000118       0x14 ./Core/Src/main.o
                0x20000118                lowPassCoeffs
 .data.band1_coeffs
                0x2000012c       0x14 ./Core/Src/main.o
                0x2000012c                band1_coeffs
 .data.band2_coeffs
                0x20000140       0x14 ./Core/Src/main.o
                0x20000140                band2_coeffs
 .data.band3_coeffs
                0x20000154       0x14 ./Core/Src/main.o
                0x20000154                band3_coeffs
 .data.band4_coeffs
                0x20000168       0x14 ./Core/Src/main.o
                0x20000168                band4_coeffs
 .data.band5_coeffs
                0x2000017c       0x14 ./Core/Src/main.o
                0x2000017c                band5_coeffs
 .data.SystemCoreClock
                0x20000190        0x4 ./Core/Src/system_stm32f4xx.o
                0x20000190                SystemCoreClock
 .data.uwTickPrio
                0x20000194        0x4 ./Drivers/STM32F4xx_HAL_Driver/Src/stm32f4xx_hal.o
                0x20000194                uwTickPrio
 .data.uwTickFreq
                0x20000198        0x1 ./Drivers/STM32F4xx_HAL_Driver/Src/stm32f4xx_hal.o
                0x20000198                uwTickFreq
 *(.RamFunc)
 *(.RamFunc*)
                0x2000019c                        . = ALIGN (0x4)
 *fill*         0x20000199        0x3 
                0x2000019c                        _edata = .
                0x0801ae2c                        _siccmram = LOADADDR (.ccmram)

.igot.plt       0x2000019c        0x0 load address 0x0801ae2c
 .igot.plt      0x2000019c        0x0 /opt/st/stm32cubeide_1.17.0/plugins/com.st.stm32cube.ide.mcu.externaltools.gnu-tools-for-stm32.12.3.rel1.linux64_1.1.0.202410170702/tools/bin/../lib/gcc/arm-none-eabi/12.3.1/thumb/v7e-m+fp/hard/crtbegin.o

.ccmram         0x10000000        0x0 load address 0x0801ae2c
                0x10000000                        . = ALIGN (0x4)
                0x10000000                        _sccmram = .
 *(.ccmram)
 *(.ccmram*)
                0x10000000                        . = ALIGN (0x4)
                0x10000000                        _eccmram = .
                0x10000000                        . = ALIGN (0x4)

.bss            0x2000019c     0x3198
                0x2000019c                        _sbss = .
                0x2000019c                        __bss_start__ = _sbss
 *(.bss)
 .bss           0x2000019c       0x1c /opt/st/stm32cubeide_1.17.0/plugins/com.st.stm32cube.ide.mcu.externaltools.gnu-tools-for-stm32.12.3.rel1.linux64_1.1.0.202410170702/tools/bin/../lib/gcc/arm-none-eabi/12.3.1/thumb/v7e-m+fp/hard/crtbegin.o
 *(.bss*)
 .bss.hadc1     0x200001b8       0x48 ./Core/Src/adc.o
                0x200001b8                hadc1
 .bss.hdma_adc1
                0x20000200       0x60 ./Core/Src/adc.o
                0x20000200                hdma_adc1
 .bss.hi2c1     0x20000260       0x54 ./Core/Src/i2c.o
                0x20000260                hi2c1
 .bss.hi2s3     0x200002b4       0x48 ./Core/Src/i2s.o
                0x200002b4                hi2s3
 .bss.hdma_spi3_tx
                0x200002fc       0x60 ./Core/Src/i2s.o
                0x200002fc                hdma_spi3_tx
 .bss.adc_signal
                0x2000035c      0x800 ./Core/Src/main.o
                0x2000035c                adc_signal
 .bss.conv_signal
                0x20000b5c      0x400 ./Core/Src/main.o
                0x20000b5c                conv_signal
 .bss.output_signal
                0x20000f5c      0x400 ./Core/Src/main.o
                0x20000f5c                output_signal
 .bss.filtered_signal
                0x2000135c      0x400 ./Core/Src/main.o
                0x2000135c                filtered_signal
 .bss.eq_signal
                0x2000175c      0x400 ./Core/Src/main.o
                0x2000175c                eq_signal
 .bss.i2s_signal
                0x20001b5c     0x1000 ./Core/Src/main.o
                0x20001b5c                i2s_signal
 .bss.adc_half_flag
                0x20002b5c        0x1 ./Core/Src/main.o
                0x20002b5c                adc_half_flag
 .bss.adc_done_flag
                0x20002b5d        0x1 ./Core/Src/main.o
                0x20002b5d                adc_done_flag
 .bss.conv_flag
                0x20002b5e        0x1 ./Core/Src/main.o
                0x20002b5e                conv_flag
 .bss.i2s_send_flag
                0x20002b5f        0x1 ./Core/Src/main.o
                0x20002b5f                i2s_send_flag
 .bss.flag_uart
                0x20002b60        0x1 ./Core/Src/main.o
                0x20002b60                flag_uart
 *fill*         0x20002b61        0x3 
 .bss.last_systick
                0x20002b64        0x4 ./Core/Src/main.o
                0x20002b64                last_systick
 .bss.rfftInstance
                0x20002b68       0x18 ./Core/Src/main.o
                0x20002b68                rfftInstance
 .bss.S         0x20002b80        0xc ./Core/Src/main.o
                0x20002b80                S
 .bss.firCoeffsQ15
                0x20002b8c       0x80 ./Core/Src/main.o
                0x20002b8c                firCoeffsQ15
 .bss.firStateQ15
                0x20002c0c       0xfe ./Core/Src/main.o
                0x20002c0c                firStateQ15
 *fill*         0x20002d0a        0x2 
 .bss.highPassState
                0x20002d0c        0x8 ./Core/Src/main.o
                0x20002d0c                highPassState
 .bss.highPassFilter
                0x20002d14       0x10 ./Core/Src/main.o
                0x20002d14                highPassFilter
 .bss.highPassCoeffsQ15
                0x20002d24        0xa ./Core/Src/main.o
                0x20002d24                highPassCoeffsQ15
 *fill*         0x20002d2e        0x2 
 .bss.lowPassState
                0x20002d30        0x8 ./Core/Src/main.o
                0x20002d30                lowPassState
 .bss.lowPassFilter
                0x20002d38       0x10 ./Core/Src/main.o
                0x20002d38                lowPassFilter
 .bss.lowPassCoeffsQ15
                0x20002d48        0xa ./Core/Src/main.o
                0x20002d48                lowPassCoeffsQ15
 *fill*         0x20002d52        0x2 
 .bss.band1_coeffs_q15
                0x20002d54        0xa ./Core/Src/main.o
                0x20002d54                band1_coeffs_q15
 *fill*         0x20002d5e        0x2 
 .bss.band2_coeffs_q15
                0x20002d60        0xa ./Core/Src/main.o
                0x20002d60                band2_coeffs_q15
 *fill*         0x20002d6a        0x2 
 .bss.band3_coeffs_q15
                0x20002d6c        0xa ./Core/Src/main.o
                0x20002d6c                band3_coeffs_q15
 *fill*         0x20002d76        0x2 
 .bss.band4_coeffs_q15
                0x20002d78        0xa ./Core/Src/main.o
                0x20002d78                band4_coeffs_q15
 *fill*         0x20002d82        0x2 
 .bss.band5_coeffs_q15
                0x20002d84        0xa ./Core/Src/main.o
                0x20002d84                band5_coeffs_q15
 *fill*         0x20002d8e        0x2 
 .bss.band1_state
                0x20002d90        0x8 ./Core/Src/main.o
                0x20002d90                band1_state
 .bss.band2_state
                0x20002d98        0x8 ./Core/Src/main.o
                0x20002d98                band2_state
 .bss.band3_state
                0x20002da0        0x8 ./Core/Src/main.o
                0x20002da0                band3_state
 .bss.band4_state
                0x20002da8        0x8 ./Core/Src/main.o
                0x20002da8                band4_state
 .bss.band5_state
                0x20002db0        0x8 ./Core/Src/main.o
                0x20002db0                band5_state
 .bss.eqBands   0x20002db8       0x50 ./Core/Src/main.o
                0x20002db8                eqBands
 .bss.hspi1     0x20002e08       0x58 ./Core/Src/spi.o
                0x20002e08                hspi1
 .bss.htim2     0x20002e60       0x48 ./Core/Src/tim.o
                0x20002e60                htim2
 .bss.huart2    0x20002ea8       0x48 ./Core/Src/usart.o
                0x20002ea8                huart2
 .bss.hdma_usart2_tx
                0x20002ef0       0x60 ./Core/Src/usart.o
                0x20002ef0                hdma_usart2_tx
 .bss.uwTick    0x20002f50        0x4 ./Drivers/STM32F4xx_HAL_Driver/Src/stm32f4xx_hal.o
                0x20002f50                uwTick
 .bss.hhcd_USB_OTG_FS
                0x20002f54      0x3e0 ./USB_HOST/Target/usbh_conf.o
                0x20002f54                hhcd_USB_OTG_FS
 *(COMMON)
                0x20003334                        . = ALIGN (0x4)
                0x20003334                        _ebss = .
                0x20003334                        __bss_end__ = _ebss

._user_heap_stack
                0x20003334      0x604
                0x20003338                        . = ALIGN (0x8)
 *fill*         0x20003334        0x4 
                [!provide]                        PROVIDE (end = .)
                0x20003338                        PROVIDE (_end = .)
                0x20003538                        . = (. + _Min_Heap_Size)
 *fill*         0x20003338      0x200 
                0x20003938                        . = (. + _Min_Stack_Size)
 *fill*         0x20003538      0x400 
                0x20003938                        . = ALIGN (0x8)

/DISCARD/
 libc.a(*)
 libm.a(*)
 libgcc.a(*)

.ARM.attributes
                0x00000000       0x30
 *(.ARM.attributes)
 .ARM.attributes
                0x00000000       0x22 /opt/st/stm32cubeide_1.17.0/plugins/com.st.stm32cube.ide.mcu.externaltools.gnu-tools-for-stm32.12.3.rel1.linux64_1.1.0.202410170702/tools/bin/../lib/gcc/arm-none-eabi/12.3.1/thumb/v7e-m+fp/hard/crti.o
 .ARM.attributes
                0x00000022       0x34 /opt/st/stm32cubeide_1.17.0/plugins/com.st.stm32cube.ide.mcu.externaltools.gnu-tools-for-stm32.12.3.rel1.linux64_1.1.0.202410170702/tools/bin/../lib/gcc/arm-none-eabi/12.3.1/thumb/v7e-m+fp/hard/crtbegin.o
 .ARM.attributes
                0x00000056       0x34 ./Core/Src/adc.o
 .ARM.attributes
                0x0000008a       0x34 ./Core/Src/audio.o
 .ARM.attributes
                0x000000be       0x34 ./Core/Src/dma.o
 .ARM.attributes
                0x000000f2       0x34 ./Core/Src/gpio.o
 .ARM.attributes
                0x00000126       0x34 ./Core/Src/i2c.o
 .ARM.attributes
                0x0000015a       0x34 ./Core/Src/i2s.o
 .ARM.attributes
                0x0000018e       0x34 ./Core/Src/main.o
 .ARM.attributes
                0x000001c2       0x34 ./Core/Src/spi.o
 .ARM.attributes
                0x000001f6       0x34 ./Core/Src/stm32f4xx_hal_msp.o
 .ARM.attributes
                0x0000022a       0x34 ./Core/Src/stm32f4xx_it.o
 .ARM.attributes
                0x0000025e       0x34 ./Core/Src/system_stm32f4xx.o
 .ARM.attributes
                0x00000292       0x34 ./Core/Src/tim.o
 .ARM.attributes
                0x000002c6       0x34 ./Core/Src/usart.o
 .ARM.attributes
                0x000002fa       0x21 ./Core/Startup/startup_stm32f407vgtx.o
 .ARM.attributes
                0x0000031b       0x34 ./Drivers/STM32F4xx_HAL_Driver/Src/stm32f4xx_hal.o
 .ARM.attributes
                0x0000034f       0x34 ./Drivers/STM32F4xx_HAL_Driver/Src/stm32f4xx_hal_adc.o
 .ARM.attributes
                0x00000383       0x34 ./Drivers/STM32F4xx_HAL_Driver/Src/stm32f4xx_hal_cortex.o
 .ARM.attributes
                0x000003b7       0x34 ./Drivers/STM32F4xx_HAL_Driver/Src/stm32f4xx_hal_dma.o
 .ARM.attributes
                0x000003eb       0x34 ./Drivers/STM32F4xx_HAL_Driver/Src/stm32f4xx_hal_gpio.o
 .ARM.attributes
                0x0000041f       0x34 ./Drivers/STM32F4xx_HAL_Driver/Src/stm32f4xx_hal_hcd.o
 .ARM.attributes
                0x00000453       0x34 ./Drivers/STM32F4xx_HAL_Driver/Src/stm32f4xx_hal_i2c.o
 .ARM.attributes
                0x00000487       0x34 ./Drivers/STM32F4xx_HAL_Driver/Src/stm32f4xx_hal_i2s.o
 .ARM.attributes
                0x000004bb       0x34 ./Drivers/STM32F4xx_HAL_Driver/Src/stm32f4xx_hal_i2s_ex.o
 .ARM.attributes
                0x000004ef       0x34 ./Drivers/STM32F4xx_HAL_Driver/Src/stm32f4xx_hal_rcc.o
 .ARM.attributes
                0x00000523       0x34 ./Drivers/STM32F4xx_HAL_Driver/Src/stm32f4xx_hal_rcc_ex.o
 .ARM.attributes
                0x00000557       0x34 ./Drivers/STM32F4xx_HAL_Driver/Src/stm32f4xx_hal_spi.o
 .ARM.attributes
                0x0000058b       0x34 ./Drivers/STM32F4xx_HAL_Driver/Src/stm32f4xx_hal_tim.o
 .ARM.attributes
                0x000005bf       0x34 ./Drivers/STM32F4xx_HAL_Driver/Src/stm32f4xx_hal_tim_ex.o
 .ARM.attributes
                0x000005f3       0x34 ./Drivers/STM32F4xx_HAL_Driver/Src/stm32f4xx_hal_uart.o
 .ARM.attributes
                0x00000627       0x34 ./Drivers/STM32F4xx_HAL_Driver/Src/stm32f4xx_ll_usb.o
 .ARM.attributes
                0x0000065b       0x34 ./Middlewares/ST/STM32_USB_Host_Library/Core/Src/usbh_core.o
 .ARM.attributes
                0x0000068f       0x34 ./Middlewares/ST/STM32_USB_Host_Library/Core/Src/usbh_pipes.o
 .ARM.attributes
                0x000006c3       0x34 ./USB_HOST/Target/usbh_conf.o
 .ARM.attributes
                0x000006f7       0x39 ../libs/libarm_cortexM4lf_math.a(arm_float_to_q15.o)
 .ARM.attributes
                0x00000730       0x39 ../libs/libarm_cortexM4lf_math.a(arm_rfft_init_q15.o)
 .ARM.attributes
                0x00000769       0x39 ../libs/libarm_cortexM4lf_math.a(arm_fir_q15.o)
 .ARM.attributes
                0x000007a2       0x39 ../libs/libarm_cortexM4lf_math.a(arm_fir_init_q15.o)
 .ARM.attributes
                0x000007db       0x39 ../libs/libarm_cortexM4lf_math.a(arm_biquad_cascade_df1_q15.o)
 .ARM.attributes
                0x00000814       0x39 ../libs/libarm_cortexM4lf_math.a(arm_biquad_cascade_df1_init_q15.o)
 .ARM.attributes
                0x0000084d       0x39 ../libs/libarm_cortexM4lf_math.a(arm_mult_q15.o)
 .ARM.attributes
                0x00000886       0x39 ../libs/libarm_cortexM4lf_math.a(arm_const_structs.o)
 .ARM.attributes
                0x000008bf       0x39 ../libs/libarm_cortexM4lf_math.a(arm_common_tables.o)
 .ARM.attributes
                0x000008f8       0x34 /opt/st/stm32cubeide_1.17.0/plugins/com.st.stm32cube.ide.mcu.externaltools.gnu-tools-for-stm32.12.3.rel1.linux64_1.1.0.202410170702/tools/bin/../lib/gcc/arm-none-eabi/12.3.1/../../../../arm-none-eabi/lib/thumb/v7e-m+fp/hard/libc_nano.a(libc_a-memset.o)
 .ARM.attributes
                0x0000092c       0x34 /opt/st/stm32cubeide_1.17.0/plugins/com.st.stm32cube.ide.mcu.externaltools.gnu-tools-for-stm32.12.3.rel1.linux64_1.1.0.202410170702/tools/bin/../lib/gcc/arm-none-eabi/12.3.1/../../../../arm-none-eabi/lib/thumb/v7e-m+fp/hard/libc_nano.a(libc_a-init.o)
 .ARM.attributes
                0x00000960       0x22 /opt/st/stm32cubeide_1.17.0/plugins/com.st.stm32cube.ide.mcu.externaltools.gnu-tools-for-stm32.12.3.rel1.linux64_1.1.0.202410170702/tools/bin/../lib/gcc/arm-none-eabi/12.3.1/thumb/v7e-m+fp/hard/libgcc.a(_aeabi_uldivmod.o)
 .ARM.attributes
                0x00000982       0x34 /opt/st/stm32cubeide_1.17.0/plugins/com.st.stm32cube.ide.mcu.externaltools.gnu-tools-for-stm32.12.3.rel1.linux64_1.1.0.202410170702/tools/bin/../lib/gcc/arm-none-eabi/12.3.1/thumb/v7e-m+fp/hard/libgcc.a(_udivmoddi4.o)
 .ARM.attributes
                0x000009b6       0x22 /opt/st/stm32cubeide_1.17.0/plugins/com.st.stm32cube.ide.mcu.externaltools.gnu-tools-for-stm32.12.3.rel1.linux64_1.1.0.202410170702/tools/bin/../lib/gcc/arm-none-eabi/12.3.1/thumb/v7e-m+fp/hard/libgcc.a(_dvmd_tls.o)
 .ARM.attributes
                0x000009d8       0x22 /opt/st/stm32cubeide_1.17.0/plugins/com.st.stm32cube.ide.mcu.externaltools.gnu-tools-for-stm32.12.3.rel1.linux64_1.1.0.202410170702/tools/bin/../lib/gcc/arm-none-eabi/12.3.1/thumb/v7e-m+fp/hard/crtn.o
OUTPUT(Projekt_DOS.elf elf32-littlearm)
LOAD linker stubs
LOAD /opt/st/stm32cubeide_1.17.0/plugins/com.st.stm32cube.ide.mcu.externaltools.gnu-tools-for-stm32.12.3.rel1.linux64_1.1.0.202410170702/tools/bin/../lib/gcc/arm-none-eabi/12.3.1/../../../../arm-none-eabi/lib/thumb/v7e-m+fp/hard/libc.a
LOAD /opt/st/stm32cubeide_1.17.0/plugins/com.st.stm32cube.ide.mcu.externaltools.gnu-tools-for-stm32.12.3.rel1.linux64_1.1.0.202410170702/tools/bin/../lib/gcc/arm-none-eabi/12.3.1/../../../../arm-none-eabi/lib/thumb/v7e-m+fp/hard/libm.a
LOAD /opt/st/stm32cubeide_1.17.0/plugins/com.st.stm32cube.ide.mcu.externaltools.gnu-tools-for-stm32.12.3.rel1.linux64_1.1.0.202410170702/tools/bin/../lib/gcc/arm-none-eabi/12.3.1/thumb/v7e-m+fp/hard/libgcc.a

.debug_info     0x00000000    0x211cd
 .debug_info    0x00000000      0x9d5 ./Core/Src/adc.o
 .debug_info    0x000009d5      0x74b ./Core/Src/audio.o
 .debug_info    0x00001120      0x4c6 ./Core/Src/dma.o
 .debug_info    0x000015e6      0x459 ./Core/Src/gpio.o
 .debug_info    0x00001a3f      0x968 ./Core/Src/i2c.o
 .debug_info    0x000023a7      0xa64 ./Core/Src/i2s.o
 .debug_info    0x00002e0b     0x243e ./Core/Src/main.o
 .debug_info    0x00005249      0x94d ./Core/Src/spi.o
 .debug_info    0x00005b96      0x27c ./Core/Src/stm32f4xx_hal_msp.o
 .debug_info    0x00005e12      0x943 ./Core/Src/stm32f4xx_it.o
 .debug_info    0x00006755      0x512 ./Core/Src/system_stm32f4xx.o
 .debug_info    0x00006c67      0x994 ./Core/Src/tim.o
 .debug_info    0x000075fb      0x95a ./Core/Src/usart.o
 .debug_info    0x00007f55       0x30 ./Core/Startup/startup_stm32f407vgtx.o
 .debug_info    0x00007f85      0x944 ./Drivers/STM32F4xx_HAL_Driver/Src/stm32f4xx_hal.o
 .debug_info    0x000088c9      0xcd4 ./Drivers/STM32F4xx_HAL_Driver/Src/stm32f4xx_hal_adc.o
 .debug_info    0x0000959d      0xd8c ./Drivers/STM32F4xx_HAL_Driver/Src/stm32f4xx_hal_cortex.o
 .debug_info    0x0000a329      0x8e7 ./Drivers/STM32F4xx_HAL_Driver/Src/stm32f4xx_hal_dma.o
 .debug_info    0x0000ac10      0x6c3 ./Drivers/STM32F4xx_HAL_Driver/Src/stm32f4xx_hal_gpio.o
 .debug_info    0x0000b2d3     0x114c ./Drivers/STM32F4xx_HAL_Driver/Src/stm32f4xx_hal_hcd.o
 .debug_info    0x0000c41f     0x2415 ./Drivers/STM32F4xx_HAL_Driver/Src/stm32f4xx_hal_i2c.o
 .debug_info    0x0000e834      0xdf8 ./Drivers/STM32F4xx_HAL_Driver/Src/stm32f4xx_hal_i2s.o
 .debug_info    0x0000f62c      0xa9f ./Drivers/STM32F4xx_HAL_Driver/Src/stm32f4xx_hal_i2s_ex.o
 .debug_info    0x000100cb      0x8af ./Drivers/STM32F4xx_HAL_Driver/Src/stm32f4xx_hal_rcc.o
 .debug_info    0x0001097a      0x536 ./Drivers/STM32F4xx_HAL_Driver/Src/stm32f4xx_hal_rcc_ex.o
 .debug_info    0x00010eb0     0x1525 ./Drivers/STM32F4xx_HAL_Driver/Src/stm32f4xx_hal_spi.o
 .debug_info    0x000123d5     0x299d ./Drivers/STM32F4xx_HAL_Driver/Src/stm32f4xx_hal_tim.o
 .debug_info    0x00014d72     0x14db ./Drivers/STM32F4xx_HAL_Driver/Src/stm32f4xx_hal_tim_ex.o
 .debug_info    0x0001624d     0x2f4f ./Drivers/STM32F4xx_HAL_Driver/Src/stm32f4xx_hal_uart.o
 .debug_info    0x0001919c     0x1993 ./Drivers/STM32F4xx_HAL_Driver/Src/stm32f4xx_ll_usb.o
 .debug_info    0x0001ab2f      0xfb2 ./Middlewares/ST/STM32_USB_Host_Library/Core/Src/usbh_core.o
 .debug_info    0x0001bae1      0xa8e ./Middlewares/ST/STM32_USB_Host_Library/Core/Src/usbh_pipes.o
 .debug_info    0x0001c56f     0x1ce6 ./USB_HOST/Target/usbh_conf.o
 .debug_info    0x0001e255      0x24d ../libs/libarm_cortexM4lf_math.a(arm_float_to_q15.o)
 .debug_info    0x0001e4a2      0x356 ../libs/libarm_cortexM4lf_math.a(arm_rfft_init_q15.o)
 .debug_info    0x0001e7f8      0x71d ../libs/libarm_cortexM4lf_math.a(arm_fir_q15.o)
 .debug_info    0x0001ef15      0x21c ../libs/libarm_cortexM4lf_math.a(arm_fir_init_q15.o)
 .debug_info    0x0001f131      0x803 ../libs/libarm_cortexM4lf_math.a(arm_biquad_cascade_df1_q15.o)
 .debug_info    0x0001f934      0x1ec ../libs/libarm_cortexM4lf_math.a(arm_biquad_cascade_df1_init_q15.o)
 .debug_info    0x0001fb20      0x31b ../libs/libarm_cortexM4lf_math.a(arm_mult_q15.o)
 .debug_info    0x0001fe3b      0x9f5 ../libs/libarm_cortexM4lf_math.a(arm_const_structs.o)
 .debug_info    0x00020830      0x99d ../libs/libarm_cortexM4lf_math.a(arm_common_tables.o)

.debug_abbrev   0x00000000     0x5092
 .debug_abbrev  0x00000000      0x205 ./Core/Src/adc.o
 .debug_abbrev  0x00000205      0x18f ./Core/Src/audio.o
 .debug_abbrev  0x00000394      0x11b ./Core/Src/dma.o
 .debug_abbrev  0x000004af      0x152 ./Core/Src/gpio.o
 .debug_abbrev  0x00000601      0x1f1 ./Core/Src/i2c.o
 .debug_abbrev  0x000007f2      0x202 ./Core/Src/i2s.o
 .debug_abbrev  0x000009f4      0x334 ./Core/Src/main.o
 .debug_abbrev  0x00000d28      0x1fa ./Core/Src/spi.o
 .debug_abbrev  0x00000f22       0xf4 ./Core/Src/stm32f4xx_hal_msp.o
 .debug_abbrev  0x00001016      0x1d2 ./Core/Src/stm32f4xx_it.o
 .debug_abbrev  0x000011e8      0x11a ./Core/Src/system_stm32f4xx.o
 .debug_abbrev  0x00001302      0x1d8 ./Core/Src/tim.o
 .debug_abbrev  0x000014da      0x20d ./Core/Src/usart.o
 .debug_abbrev  0x000016e7       0x24 ./Core/Startup/startup_stm32f407vgtx.o
 .debug_abbrev  0x0000170b      0x214 ./Drivers/STM32F4xx_HAL_Driver/Src/stm32f4xx_hal.o
 .debug_abbrev  0x0000191f      0x252 ./Drivers/STM32F4xx_HAL_Driver/Src/stm32f4xx_hal_adc.o
 .debug_abbrev  0x00001b71      0x31d ./Drivers/STM32F4xx_HAL_Driver/Src/stm32f4xx_hal_cortex.o
 .debug_abbrev  0x00001e8e      0x264 ./Drivers/STM32F4xx_HAL_Driver/Src/stm32f4xx_hal_dma.o
 .debug_abbrev  0x000020f2      0x1d4 ./Drivers/STM32F4xx_HAL_Driver/Src/stm32f4xx_hal_gpio.o
 .debug_abbrev  0x000022c6      0x296 ./Drivers/STM32F4xx_HAL_Driver/Src/stm32f4xx_hal_hcd.o
 .debug_abbrev  0x0000255c      0x2ad ./Drivers/STM32F4xx_HAL_Driver/Src/stm32f4xx_hal_i2c.o
 .debug_abbrev  0x00002809      0x256 ./Drivers/STM32F4xx_HAL_Driver/Src/stm32f4xx_hal_i2s.o
 .debug_abbrev  0x00002a5f      0x276 ./Drivers/STM32F4xx_HAL_Driver/Src/stm32f4xx_hal_i2s_ex.o
 .debug_abbrev  0x00002cd5      0x2b7 ./Drivers/STM32F4xx_HAL_Driver/Src/stm32f4xx_hal_rcc.o
 .debug_abbrev  0x00002f8c      0x1b0 ./Drivers/STM32F4xx_HAL_Driver/Src/stm32f4xx_hal_rcc_ex.o
 .debug_abbrev  0x0000313c      0x27a ./Drivers/STM32F4xx_HAL_Driver/Src/stm32f4xx_hal_spi.o
 .debug_abbrev  0x000033b6      0x278 ./Drivers/STM32F4xx_HAL_Driver/Src/stm32f4xx_hal_tim.o
 .debug_abbrev  0x0000362e      0x283 ./Drivers/STM32F4xx_HAL_Driver/Src/stm32f4xx_hal_tim_ex.o
 .debug_abbrev  0x000038b1      0x30e ./Drivers/STM32F4xx_HAL_Driver/Src/stm32f4xx_hal_uart.o
 .debug_abbrev  0x00003bbf      0x2b3 ./Drivers/STM32F4xx_HAL_Driver/Src/stm32f4xx_ll_usb.o
 .debug_abbrev  0x00003e72      0x32a ./Middlewares/ST/STM32_USB_Host_Library/Core/Src/usbh_core.o
 .debug_abbrev  0x0000419c      0x281 ./Middlewares/ST/STM32_USB_Host_Library/Core/Src/usbh_pipes.o
 .debug_abbrev  0x0000441d      0x3c2 ./USB_HOST/Target/usbh_conf.o
 .debug_abbrev  0x000047df       0xa8 ../libs/libarm_cortexM4lf_math.a(arm_float_to_q15.o)
 .debug_abbrev  0x00004887      0x112 ../libs/libarm_cortexM4lf_math.a(arm_rfft_init_q15.o)
 .debug_abbrev  0x00004999      0x175 ../libs/libarm_cortexM4lf_math.a(arm_fir_q15.o)
 .debug_abbrev  0x00004b0e      0x100 ../libs/libarm_cortexM4lf_math.a(arm_fir_init_q15.o)
 .debug_abbrev  0x00004c0e      0x1c2 ../libs/libarm_cortexM4lf_math.a(arm_biquad_cascade_df1_q15.o)
 .debug_abbrev  0x00004dd0       0xe8 ../libs/libarm_cortexM4lf_math.a(arm_biquad_cascade_df1_init_q15.o)
 .debug_abbrev  0x00004eb8       0xad ../libs/libarm_cortexM4lf_math.a(arm_mult_q15.o)
 .debug_abbrev  0x00004f65       0xa9 ../libs/libarm_cortexM4lf_math.a(arm_const_structs.o)
 .debug_abbrev  0x0000500e       0x84 ../libs/libarm_cortexM4lf_math.a(arm_common_tables.o)

.debug_aranges  0x00000000     0x1ad8
 .debug_aranges
                0x00000000       0x30 ./Core/Src/adc.o
 .debug_aranges
                0x00000030       0x28 ./Core/Src/audio.o
 .debug_aranges
                0x00000058       0x20 ./Core/Src/dma.o
 .debug_aranges
                0x00000078       0x20 ./Core/Src/gpio.o
 .debug_aranges
                0x00000098       0x30 ./Core/Src/i2c.o
 .debug_aranges
                0x000000c8       0x30 ./Core/Src/i2s.o
 .debug_aranges
                0x000000f8       0xc8 ./Core/Src/main.o
 .debug_aranges
                0x000001c0       0x30 ./Core/Src/spi.o
 .debug_aranges
                0x000001f0       0x20 ./Core/Src/stm32f4xx_hal_msp.o
 .debug_aranges
                0x00000210       0x80 ./Core/Src/stm32f4xx_it.o
 .debug_aranges
                0x00000290       0x28 ./Core/Src/system_stm32f4xx.o
 .debug_aranges
                0x000002b8       0x30 ./Core/Src/tim.o
 .debug_aranges
                0x000002e8       0x30 ./Core/Src/usart.o
 .debug_aranges
                0x00000318       0x28 ./Core/Startup/startup_stm32f407vgtx.o
 .debug_aranges
                0x00000340       0xf0 ./Drivers/STM32F4xx_HAL_Driver/Src/stm32f4xx_hal.o
 .debug_aranges
                0x00000430       0xe8 ./Drivers/STM32F4xx_HAL_Driver/Src/stm32f4xx_hal_adc.o
 .debug_aranges
                0x00000518      0x130 ./Drivers/STM32F4xx_HAL_Driver/Src/stm32f4xx_hal_cortex.o
 .debug_aranges
                0x00000648       0x90 ./Drivers/STM32F4xx_HAL_Driver/Src/stm32f4xx_hal_dma.o
 .debug_aranges
                0x000006d8       0x58 ./Drivers/STM32F4xx_HAL_Driver/Src/stm32f4xx_hal_gpio.o
 .debug_aranges
                0x00000730      0x108 ./Drivers/STM32F4xx_HAL_Driver/Src/stm32f4xx_hal_hcd.o
 .debug_aranges
                0x00000838      0x2a8 ./Drivers/STM32F4xx_HAL_Driver/Src/stm32f4xx_hal_i2c.o
 .debug_aranges
                0x00000ae0      0x108 ./Drivers/STM32F4xx_HAL_Driver/Src/stm32f4xx_hal_i2s.o
 .debug_aranges
                0x00000be8       0x88 ./Drivers/STM32F4xx_HAL_Driver/Src/stm32f4xx_hal_i2s_ex.o
 .debug_aranges
                0x00000c70       0x88 ./Drivers/STM32F4xx_HAL_Driver/Src/stm32f4xx_hal_rcc.o
 .debug_aranges
                0x00000cf8       0x48 ./Drivers/STM32F4xx_HAL_Driver/Src/stm32f4xx_hal_rcc_ex.o
 .debug_aranges
                0x00000d40      0x1d0 ./Drivers/STM32F4xx_HAL_Driver/Src/stm32f4xx_hal_spi.o
 .debug_aranges
                0x00000f10      0x3d0 ./Drivers/STM32F4xx_HAL_Driver/Src/stm32f4xx_hal_tim.o
 .debug_aranges
                0x000012e0      0x168 ./Drivers/STM32F4xx_HAL_Driver/Src/stm32f4xx_hal_tim_ex.o
 .debug_aranges
                0x00001448      0x208 ./Drivers/STM32F4xx_HAL_Driver/Src/stm32f4xx_hal_uart.o
 .debug_aranges
                0x00001650      0x1a0 ./Drivers/STM32F4xx_HAL_Driver/Src/stm32f4xx_ll_usb.o
 .debug_aranges
                0x000017f0       0xc0 ./Middlewares/ST/STM32_USB_Host_Library/Core/Src/usbh_core.o
 .debug_aranges
                0x000018b0       0x40 ./Middlewares/ST/STM32_USB_Host_Library/Core/Src/usbh_pipes.o
 .debug_aranges
                0x000018f0       0xd8 ./USB_HOST/Target/usbh_conf.o
 .debug_aranges
                0x000019c8       0x20 ../libs/libarm_cortexM4lf_math.a(arm_float_to_q15.o)
 .debug_aranges
                0x000019e8       0x20 ../libs/libarm_cortexM4lf_math.a(arm_rfft_init_q15.o)
 .debug_aranges
                0x00001a08       0x20 ../libs/libarm_cortexM4lf_math.a(arm_fir_q15.o)
 .debug_aranges
                0x00001a28       0x20 ../libs/libarm_cortexM4lf_math.a(arm_fir_init_q15.o)
 .debug_aranges
                0x00001a48       0x20 ../libs/libarm_cortexM4lf_math.a(arm_biquad_cascade_df1_q15.o)
 .debug_aranges
                0x00001a68       0x20 ../libs/libarm_cortexM4lf_math.a(arm_biquad_cascade_df1_init_q15.o)
 .debug_aranges
                0x00001a88       0x20 ../libs/libarm_cortexM4lf_math.a(arm_mult_q15.o)
 .debug_aranges
                0x00001aa8       0x18 ../libs/libarm_cortexM4lf_math.a(arm_const_structs.o)
 .debug_aranges
                0x00001ac0       0x18 ../libs/libarm_cortexM4lf_math.a(arm_common_tables.o)

.debug_rnglists
                0x00000000     0x1413
 .debug_rnglists
                0x00000000       0x21 ./Core/Src/adc.o
 .debug_rnglists
                0x00000021       0x1a ./Core/Src/audio.o
 .debug_rnglists
                0x0000003b       0x13 ./Core/Src/dma.o
 .debug_rnglists
                0x0000004e       0x14 ./Core/Src/gpio.o
 .debug_rnglists
                0x00000062       0x20 ./Core/Src/i2c.o
 .debug_rnglists
                0x00000082       0x20 ./Core/Src/i2s.o
 .debug_rnglists
                0x000000a2       0x9d ./Core/Src/main.o
 .debug_rnglists
                0x0000013f       0x20 ./Core/Src/spi.o
 .debug_rnglists
                0x0000015f       0x13 ./Core/Src/stm32f4xx_hal_msp.o
 .debug_rnglists
                0x00000172       0x5b ./Core/Src/stm32f4xx_it.o
 .debug_rnglists
                0x000001cd       0x1a ./Core/Src/system_stm32f4xx.o
 .debug_rnglists
                0x000001e7       0x20 ./Core/Src/tim.o
 .debug_rnglists
                0x00000207       0x20 ./Core/Src/usart.o
 .debug_rnglists
                0x00000227       0x19 ./Core/Startup/startup_stm32f407vgtx.o
 .debug_rnglists
                0x00000240       0xaf ./Drivers/STM32F4xx_HAL_Driver/Src/stm32f4xx_hal.o
 .debug_rnglists
                0x000002ef       0xb5 ./Drivers/STM32F4xx_HAL_Driver/Src/stm32f4xx_hal_adc.o
 .debug_rnglists
                0x000003a4       0xe0 ./Drivers/STM32F4xx_HAL_Driver/Src/stm32f4xx_hal_cortex.o
 .debug_rnglists
                0x00000484       0x70 ./Drivers/STM32F4xx_HAL_Driver/Src/stm32f4xx_hal_dma.o
 .debug_rnglists
                0x000004f4       0x3f ./Drivers/STM32F4xx_HAL_Driver/Src/stm32f4xx_hal_gpio.o
 .debug_rnglists
                0x00000533       0xca ./Drivers/STM32F4xx_HAL_Driver/Src/stm32f4xx_hal_hcd.o
 .debug_rnglists
                0x000005fd      0x23c ./Drivers/STM32F4xx_HAL_Driver/Src/stm32f4xx_hal_i2c.o
 .debug_rnglists
                0x00000839       0xcc ./Drivers/STM32F4xx_HAL_Driver/Src/stm32f4xx_hal_i2s.o
 .debug_rnglists
                0x00000905       0x6a ./Drivers/STM32F4xx_HAL_Driver/Src/stm32f4xx_hal_i2s_ex.o
 .debug_rnglists
                0x0000096f       0x66 ./Drivers/STM32F4xx_HAL_Driver/Src/stm32f4xx_hal_rcc.o
 .debug_rnglists
                0x000009d5       0x35 ./Drivers/STM32F4xx_HAL_Driver/Src/stm32f4xx_hal_rcc_ex.o
 .debug_rnglists
                0x00000a0a      0x16f ./Drivers/STM32F4xx_HAL_Driver/Src/stm32f4xx_hal_spi.o
 .debug_rnglists
                0x00000b79      0x31a ./Drivers/STM32F4xx_HAL_Driver/Src/stm32f4xx_hal_tim.o
 .debug_rnglists
                0x00000e93      0x125 ./Drivers/STM32F4xx_HAL_Driver/Src/stm32f4xx_hal_tim_ex.o
 .debug_rnglists
                0x00000fb8      0x1bc ./Drivers/STM32F4xx_HAL_Driver/Src/stm32f4xx_hal_uart.o
 .debug_rnglists
                0x00001174      0x147 ./Drivers/STM32F4xx_HAL_Driver/Src/stm32f4xx_ll_usb.o
 .debug_rnglists
                0x000012bb       0x8f ./Middlewares/ST/STM32_USB_Host_Library/Core/Src/usbh_core.o
 .debug_rnglists
                0x0000134a       0x2b ./Middlewares/ST/STM32_USB_Host_Library/Core/Src/usbh_pipes.o
 .debug_rnglists
                0x00001375       0x9e ./USB_HOST/Target/usbh_conf.o

.debug_macro    0x00000000    0x26be7
 .debug_macro   0x00000000      0x265 ./Core/Src/adc.o
 .debug_macro   0x00000265      0xab4 ./Core/Src/adc.o
 .debug_macro   0x00000d19      0x2b9 ./Core/Src/adc.o
 .debug_macro   0x00000fd2       0x2e ./Core/Src/adc.o
 .debug_macro   0x00001000       0x2f ./Core/Src/adc.o
 .debug_macro   0x0000102f       0x22 ./Core/Src/adc.o
 .debug_macro   0x00001051       0x8e ./Core/Src/adc.o
 .debug_macro   0x000010df       0x51 ./Core/Src/adc.o
 .debug_macro   0x00001130      0x103 ./Core/Src/adc.o
 .debug_macro   0x00001233       0x6a ./Core/Src/adc.o
 .debug_macro   0x0000129d      0x1df ./Core/Src/adc.o
 .debug_macro   0x0000147c       0x1c ./Core/Src/adc.o
 .debug_macro   0x00001498       0x22 ./Core/Src/adc.o
 .debug_macro   0x000014ba       0xfb ./Core/Src/adc.o
 .debug_macro   0x000015b5     0x1011 ./Core/Src/adc.o
 .debug_macro   0x000025c6      0x11f ./Core/Src/adc.o
 .debug_macro   0x000026e5    0x15e97 ./Core/Src/adc.o
 .debug_macro   0x0001857c       0x6d ./Core/Src/adc.o
 .debug_macro   0x000185e9     0x369a ./Core/Src/adc.o
 .debug_macro   0x0001bc83      0x189 ./Core/Src/adc.o
 .debug_macro   0x0001be0c       0x5c ./Core/Src/adc.o
 .debug_macro   0x0001be68      0x980 ./Core/Src/adc.o
 .debug_macro   0x0001c7e8      0x9e9 ./Core/Src/adc.o
 .debug_macro   0x0001d1d1      0x115 ./Core/Src/adc.o
 .debug_macro   0x0001d2e6      0x13e ./Core/Src/adc.o
 .debug_macro   0x0001d424       0xa5 ./Core/Src/adc.o
 .debug_macro   0x0001d4c9      0x174 ./Core/Src/adc.o
 .debug_macro   0x0001d63d      0x287 ./Core/Src/adc.o
 .debug_macro   0x0001d8c4       0x5f ./Core/Src/adc.o
 .debug_macro   0x0001d923      0x236 ./Core/Src/adc.o
 .debug_macro   0x0001db59      0xb5b ./Core/Src/adc.o
 .debug_macro   0x0001e6b4      0x38b ./Core/Src/adc.o
 .debug_macro   0x0001ea3f      0x176 ./Core/Src/adc.o
 .debug_macro   0x0001ebb5       0xf9 ./Core/Src/adc.o
 .debug_macro   0x0001ecae      0x12c ./Core/Src/adc.o
 .debug_macro   0x0001edda      0x21e ./Core/Src/adc.o
 .debug_macro   0x0001eff8       0x2e ./Core/Src/adc.o
 .debug_macro   0x0001f026      0x1b5 ./Core/Src/adc.o
 .debug_macro   0x0001f1db       0xd6 ./Core/Src/adc.o
 .debug_macro   0x0001f2b1      0x1a7 ./Core/Src/adc.o
 .debug_macro   0x0001f458       0x46 ./Core/Src/adc.o
 .debug_macro   0x0001f49e       0x4a ./Core/Src/adc.o
 .debug_macro   0x0001f4e8      0x127 ./Core/Src/adc.o
 .debug_macro   0x0001f60f       0x7e ./Core/Src/adc.o
 .debug_macro   0x0001f68d       0x89 ./Core/Src/adc.o
 .debug_macro   0x0001f716      0x225 ./Core/Src/adc.o
 .debug_macro   0x0001f93b      0x8ed ./Core/Src/adc.o
 .debug_macro   0x00020228       0x4d ./Core/Src/adc.o
 .debug_macro   0x00020275      0x2aa ./Core/Src/adc.o
 .debug_macro   0x0002051f      0x293 ./Core/Src/adc.o
 .debug_macro   0x000207b2       0x98 ./Core/Src/adc.o
 .debug_macro   0x0002084a      0x12d ./Core/Src/adc.o
 .debug_macro   0x00020977      0x190 ./Core/Src/adc.o
 .debug_macro   0x00020b07      0x370 ./Core/Src/audio.o
 .debug_macro   0x00020e77       0x2a ./Core/Src/audio.o
 .debug_macro   0x00020ea1       0x5b ./Core/Src/audio.o
 .debug_macro   0x00020efc       0x94 ./Core/Src/audio.o
 .debug_macro   0x00020f90       0x43 ./Core/Src/audio.o
 .debug_macro   0x00020fd3       0x34 ./Core/Src/audio.o
 .debug_macro   0x00021007       0x16 ./Core/Src/audio.o
 .debug_macro   0x0002101d      0x11c ./Core/Src/audio.o
 .debug_macro   0x00021139       0x94 ./Core/Src/audio.o
 .debug_macro   0x000211cd       0x16 ./Core/Src/audio.o
 .debug_macro   0x000211e3       0x43 ./Core/Src/audio.o
 .debug_macro   0x00021226       0x57 ./Core/Src/audio.o
 .debug_macro   0x0002127d       0x34 ./Core/Src/audio.o
 .debug_macro   0x000212b1       0x10 ./Core/Src/audio.o
 .debug_macro   0x000212c1       0x58 ./Core/Src/audio.o
 .debug_macro   0x00021319       0x8e ./Core/Src/audio.o
 .debug_macro   0x000213a7       0x1c ./Core/Src/audio.o
 .debug_macro   0x000213c3      0x177 ./Core/Src/audio.o
 .debug_macro   0x0002153a      0x369 ./Core/Src/audio.o
 .debug_macro   0x000218a3       0x16 ./Core/Src/audio.o
 .debug_macro   0x000218b9       0x29 ./Core/Src/audio.o
 .debug_macro   0x000218e2       0x56 ./Core/Src/audio.o
 .debug_macro   0x00021938       0x10 ./Core/Src/audio.o
 .debug_macro   0x00021948      0x265 ./Core/Src/dma.o
 .debug_macro   0x00021bad      0x265 ./Core/Src/gpio.o
 .debug_macro   0x00021e12      0x265 ./Core/Src/i2c.o
 .debug_macro   0x00022077      0x265 ./Core/Src/i2s.o
 .debug_macro   0x000222dc      0x467 ./Core/Src/main.o
 .debug_macro   0x00022743       0x12 ./Core/Src/main.o
 .debug_macro   0x00022755       0x61 ./Core/Src/main.o
 .debug_macro   0x000227b6       0x10 ./Core/Src/main.o
 .debug_macro   0x000227c6       0x35 ./Core/Src/main.o
 .debug_macro   0x000227fb       0x20 ./Core/Src/main.o
 .debug_macro   0x0002281b      0x19b ./Core/Src/main.o
 .debug_macro   0x000229b6       0xd6 ./Core/Src/main.o
 .debug_macro   0x00022a8c       0x1c ./Core/Src/main.o
 .debug_macro   0x00022aa8       0x10 ./Core/Src/main.o
 .debug_macro   0x00022ab8       0x1c ./Core/Src/main.o
 .debug_macro   0x00022ad4       0x16 ./Core/Src/main.o
 .debug_macro   0x00022aea      0x146 ./Core/Src/main.o
 .debug_macro   0x00022c30      0x265 ./Core/Src/spi.o
 .debug_macro   0x00022e95      0x25b ./Core/Src/stm32f4xx_hal_msp.o
 .debug_macro   0x000230f0      0x265 ./Core/Src/stm32f4xx_it.o
 .debug_macro   0x00023355      0x24c ./Core/Src/system_stm32f4xx.o
 .debug_macro   0x000235a1      0x265 ./Core/Src/tim.o
 .debug_macro   0x00023806      0x265 ./Core/Src/usart.o
 .debug_macro   0x00023a6b      0x2ac ./Drivers/STM32F4xx_HAL_Driver/Src/stm32f4xx_hal.o
 .debug_macro   0x00023d17      0x24d ./Drivers/STM32F4xx_HAL_Driver/Src/stm32f4xx_hal_adc.o
 .debug_macro   0x00023f64      0x24c ./Drivers/STM32F4xx_HAL_Driver/Src/stm32f4xx_hal_cortex.o
 .debug_macro   0x000241b0      0x252 ./Drivers/STM32F4xx_HAL_Driver/Src/stm32f4xx_hal_dma.o
 .debug_macro   0x00024402      0x252 ./Drivers/STM32F4xx_HAL_Driver/Src/stm32f4xx_hal_gpio.o
 .debug_macro   0x00024654      0x24c ./Drivers/STM32F4xx_HAL_Driver/Src/stm32f4xx_hal_hcd.o
 .debug_macro   0x000248a0      0x29a ./Drivers/STM32F4xx_HAL_Driver/Src/stm32f4xx_hal_i2c.o
 .debug_macro   0x00024b3a      0x254 ./Drivers/STM32F4xx_HAL_Driver/Src/stm32f4xx_hal_i2s.o
 .debug_macro   0x00024d8e      0x24c ./Drivers/STM32F4xx_HAL_Driver/Src/stm32f4xx_hal_i2s_ex.o
 .debug_macro   0x00024fda      0x270 ./Drivers/STM32F4xx_HAL_Driver/Src/stm32f4xx_hal_rcc.o
 .debug_macro   0x0002524a      0x24c ./Drivers/STM32F4xx_HAL_Driver/Src/stm32f4xx_hal_rcc_ex.o
 .debug_macro   0x00025496      0x25b ./Drivers/STM32F4xx_HAL_Driver/Src/stm32f4xx_hal_spi.o
 .debug_macro   0x000256f1      0x24d ./Drivers/STM32F4xx_HAL_Driver/Src/stm32f4xx_hal_tim.o
 .debug_macro   0x0002593e      0x24c ./Drivers/STM32F4xx_HAL_Driver/Src/stm32f4xx_hal_tim_ex.o
 .debug_macro   0x00025b8a      0x24d ./Drivers/STM32F4xx_HAL_Driver/Src/stm32f4xx_hal_uart.o
 .debug_macro   0x00025dd7      0x24c ./Drivers/STM32F4xx_HAL_Driver/Src/stm32f4xx_ll_usb.o
 .debug_macro   0x00026023      0x3f0 ./Middlewares/ST/STM32_USB_Host_Library/Core/Src/usbh_core.o
 .debug_macro   0x00026413      0x3e2 ./Middlewares/ST/STM32_USB_Host_Library/Core/Src/usbh_pipes.o
 .debug_macro   0x000267f5      0x3f2 ./USB_HOST/Target/usbh_conf.o

.debug_line     0x00000000    0x2390b
 .debug_line    0x00000000      0x81f ./Core/Src/adc.o
 .debug_line    0x0000081f      0x996 ./Core/Src/audio.o
 .debug_line    0x000011b5      0x779 ./Core/Src/dma.o
 .debug_line    0x0000192e      0x7ed ./Core/Src/gpio.o
 .debug_line    0x0000211b      0x7e2 ./Core/Src/i2c.o
 .debug_line    0x000028fd      0x82d ./Core/Src/i2s.o
 .debug_line    0x0000312a     0x1034 ./Core/Src/main.o
 .debug_line    0x0000415e      0x7ea ./Core/Src/spi.o
 .debug_line    0x00004948      0x779 ./Core/Src/stm32f4xx_hal_msp.o
 .debug_line    0x000050c1      0x89b ./Core/Src/stm32f4xx_it.o
 .debug_line    0x0000595c      0x7fd ./Core/Src/system_stm32f4xx.o
 .debug_line    0x00006159      0x7e3 ./Core/Src/tim.o
 .debug_line    0x0000693c      0x809 ./Core/Src/usart.o
 .debug_line    0x00007145       0x7a ./Core/Startup/startup_stm32f407vgtx.o
 .debug_line    0x000071bf      0xa66 ./Drivers/STM32F4xx_HAL_Driver/Src/stm32f4xx_hal.o
 .debug_line    0x00007c25     0x12ee ./Drivers/STM32F4xx_HAL_Driver/Src/stm32f4xx_hal_adc.o
 .debug_line    0x00008f13      0xd58 ./Drivers/STM32F4xx_HAL_Driver/Src/stm32f4xx_hal_cortex.o
 .debug_line    0x00009c6b      0xfd6 ./Drivers/STM32F4xx_HAL_Driver/Src/stm32f4xx_hal_dma.o
 .debug_line    0x0000ac41      0xbf2 ./Drivers/STM32F4xx_HAL_Driver/Src/stm32f4xx_hal_gpio.o
 .debug_line    0x0000b833     0x1527 ./Drivers/STM32F4xx_HAL_Driver/Src/stm32f4xx_hal_hcd.o
 .debug_line    0x0000cd5a     0x3bac ./Drivers/STM32F4xx_HAL_Driver/Src/stm32f4xx_hal_i2c.o
 .debug_line    0x00010906     0x145a ./Drivers/STM32F4xx_HAL_Driver/Src/stm32f4xx_hal_i2s.o
 .debug_line    0x00011d60     0x148f ./Drivers/STM32F4xx_HAL_Driver/Src/stm32f4xx_hal_i2s_ex.o
 .debug_line    0x000131ef      0xdf1 ./Drivers/STM32F4xx_HAL_Driver/Src/stm32f4xx_hal_rcc.o
 .debug_line    0x00013fe0      0xa7a ./Drivers/STM32F4xx_HAL_Driver/Src/stm32f4xx_hal_rcc_ex.o
 .debug_line    0x00014a5a     0x1d84 ./Drivers/STM32F4xx_HAL_Driver/Src/stm32f4xx_hal_spi.o
 .debug_line    0x000167de     0x380a ./Drivers/STM32F4xx_HAL_Driver/Src/stm32f4xx_hal_tim.o
 .debug_line    0x00019fe8     0x1a5c ./Drivers/STM32F4xx_HAL_Driver/Src/stm32f4xx_hal_tim_ex.o
 .debug_line    0x0001ba44     0x2938 ./Drivers/STM32F4xx_HAL_Driver/Src/stm32f4xx_hal_uart.o
 .debug_line    0x0001e37c     0x1e41 ./Drivers/STM32F4xx_HAL_Driver/Src/stm32f4xx_ll_usb.o
 .debug_line    0x000201bd     0x1186 ./Middlewares/ST/STM32_USB_Host_Library/Core/Src/usbh_core.o
 .debug_line    0x00021343      0xa74 ./Middlewares/ST/STM32_USB_Host_Library/Core/Src/usbh_pipes.o
 .debug_line    0x00021db7      0xd33 ./USB_HOST/Target/usbh_conf.o
 .debug_line    0x00022aea      0x175 ../libs/libarm_cortexM4lf_math.a(arm_float_to_q15.o)
 .debug_line    0x00022c5f      0x1ee ../libs/libarm_cortexM4lf_math.a(arm_rfft_init_q15.o)
 .debug_line    0x00022e4d      0x228 ../libs/libarm_cortexM4lf_math.a(arm_fir_q15.o)
 .debug_line    0x00023075      0x156 ../libs/libarm_cortexM4lf_math.a(arm_fir_init_q15.o)
 .debug_line    0x000231cb      0x1ff ../libs/libarm_cortexM4lf_math.a(arm_biquad_cascade_df1_q15.o)
 .debug_line    0x000233ca      0x15f ../libs/libarm_cortexM4lf_math.a(arm_biquad_cascade_df1_init_q15.o)
 .debug_line    0x00023529      0x16f ../libs/libarm_cortexM4lf_math.a(arm_mult_q15.o)
 .debug_line    0x00023698      0x145 ../libs/libarm_cortexM4lf_math.a(arm_const_structs.o)
 .debug_line    0x000237dd      0x12e ../libs/libarm_cortexM4lf_math.a(arm_common_tables.o)

.debug_str      0x00000000    0xe3e67
 .debug_str     0x00000000    0xd623f ./Core/Src/adc.o
                              0xd654d (size before relaxing)
 .debug_str     0x000d623f     0x3511 ./Core/Src/audio.o
                              0xd96d5 (size before relaxing)
 .debug_str     0x000d9750      0x52c ./Core/Src/dma.o
                              0xd6507 (size before relaxing)
 .debug_str     0x000d9c7c       0x20 ./Core/Src/gpio.o
                              0xd60c7 (size before relaxing)
 .debug_str     0x000d9c9c       0x58 ./Core/Src/i2c.o
                              0xd65e4 (size before relaxing)
 .debug_str     0x000d9cf4      0x286 ./Core/Src/i2s.o
                              0xd65f5 (size before relaxing)
 .debug_str     0x000d9f7a     0x2201 ./Core/Src/main.o
                              0xdbb84 (size before relaxing)
 .debug_str     0x000dc17b      0x19b ./Core/Src/spi.o
                              0xd6541 (size before relaxing)
 .debug_str     0x000dc316       0x49 ./Core/Src/stm32f4xx_hal_msp.o
                              0xd6007 (size before relaxing)
 .debug_str     0x000dc35f      0x523 ./Core/Src/stm32f4xx_it.o