Archive member included to satisfy reference by file (symbol)

../libs/libarm_cortexM4lf_math.a(arm_float_to_q15.o)
                              ./Core/Src/main.o (arm_float_to_q15)
../libs/libarm_cortexM4lf_math.a(arm_rfft_q15.o)
                              ./Core/Src/main.o (arm_rfft_q15)
../libs/libarm_cortexM4lf_math.a(arm_rfft_init_q15.o)
                              ./Core/Src/main.o (arm_rfft_init_q15)
../libs/libarm_cortexM4lf_math.a(arm_fir_q15.o)
                              ./Core/Src/main.o (arm_fir_q15)
../libs/libarm_cortexM4lf_math.a(arm_fir_init_q15.o)
                              ./Core/Src/main.o (arm_fir_init_q15)
../libs/libarm_cortexM4lf_math.a(arm_cmplx_mag_q15.o)
                              ./Core/Src/main.o (arm_cmplx_mag_q15)
../libs/libarm_cortexM4lf_math.a(arm_sqrt_q15.o)
                              ../libs/libarm_cortexM4lf_math.a(arm_cmplx_mag_q15.o) (arm_sqrt_q15)
../libs/libarm_cortexM4lf_math.a(arm_sin_f32.o)
                              ./Core/Src/main.o (arm_sin_f32)
../libs/libarm_cortexM4lf_math.a(arm_scale_q15.o)
                              ./Core/Src/main.o (arm_scale_q15)
../libs/libarm_cortexM4lf_math.a(arm_const_structs.o)
                              ../libs/libarm_cortexM4lf_math.a(arm_rfft_init_q15.o) (arm_cfft_sR_q15_len4096)
../libs/libarm_cortexM4lf_math.a(arm_common_tables.o)
                              ../libs/libarm_cortexM4lf_math.a(arm_sin_f32.o) (sinTable_f32)
../libs/libarm_cortexM4lf_math.a(arm_cfft_q15.o)
                              ../libs/libarm_cortexM4lf_math.a(arm_rfft_q15.o) (arm_cfft_q15)
../libs/libarm_cortexM4lf_math.a(arm_bitreversal2.o)
                              ../libs/libarm_cortexM4lf_math.a(arm_cfft_q15.o) (arm_bitreversal_16)
../libs/libarm_cortexM4lf_math.a(arm_cfft_radix4_q15.o)
                              ../libs/libarm_cortexM4lf_math.a(arm_cfft_q15.o) (arm_radix4_butterfly_q15)
../libs/libarm_cortexM4lf_math.a(arm_bitreversal.o)
                              ../libs/libarm_cortexM4lf_math.a(arm_cfft_radix4_q15.o) (arm_bitreversal_q15)
/opt/st/stm32cubeide_1.17.0/plugins/com.st.stm32cube.ide.mcu.externaltools.gnu-tools-for-stm32.12.3.rel1.linux64_1.1.0.202410170702/tools/bin/../lib/gcc/arm-none-eabi/12.3.1/../../../../arm-none-eabi/lib/thumb/v7e-m+fp/hard/libc_nano.a(libc_a-exit.o)
                              /opt/st/stm32cubeide_1.17.0/plugins/com.st.stm32cube.ide.mcu.externaltools.gnu-tools-for-stm32.12.3.rel1.linux64_1.1.0.202410170702/tools/bin/../lib/gcc/arm-none-eabi/12.3.1/../../../../arm-none-eabi/lib/thumb/v7e-m+fp/hard/crt0.o (exit)
/opt/st/stm32cubeide_1.17.0/plugins/com.st.stm32cube.ide.mcu.externaltools.gnu-tools-for-stm32.12.3.rel1.linux64_1.1.0.202410170702/tools/bin/../lib/gcc/arm-none-eabi/12.3.1/../../../../arm-none-eabi/lib/thumb/v7e-m+fp/hard/libc_nano.a(libc_a-malloc.o)
                              ./Middlewares/ST/STM32_USB_Host_Library/Class/CDC/Src/usbh_cdc.o (malloc)
/opt/st/stm32cubeide_1.17.0/plugins/com.st.stm32cube.ide.mcu.externaltools.gnu-tools-for-stm32.12.3.rel1.linux64_1.1.0.202410170702/tools/bin/../lib/gcc/arm-none-eabi/12.3.1/../../../../arm-none-eabi/lib/thumb/v7e-m+fp/hard/libc_nano.a(libc_a-mallocr.o)
                              /opt/st/stm32cubeide_1.17.0/plugins/com.st.stm32cube.ide.mcu.externaltools.gnu-tools-for-stm32.12.3.rel1.linux64_1.1.0.202410170702/tools/bin/../lib/gcc/arm-none-eabi/12.3.1/../../../../arm-none-eabi/lib/thumb/v7e-m+fp/hard/libc_nano.a(libc_a-malloc.o) (_malloc_r)
/opt/st/stm32cubeide_1.17.0/plugins/com.st.stm32cube.ide.mcu.externaltools.gnu-tools-for-stm32.12.3.rel1.linux64_1.1.0.202410170702/tools/bin/../lib/gcc/arm-none-eabi/12.3.1/../../../../arm-none-eabi/lib/thumb/v7e-m+fp/hard/libc_nano.a(libc_a-mlock.o)
                              /opt/st/stm32cubeide_1.17.0/plugins/com.st.stm32cube.ide.mcu.externaltools.gnu-tools-for-stm32.12.3.rel1.linux64_1.1.0.202410170702/tools/bin/../lib/gcc/arm-none-eabi/12.3.1/../../../../arm-none-eabi/lib/thumb/v7e-m+fp/hard/libc_nano.a(libc_a-mallocr.o) (__malloc_lock)
/opt/st/stm32cubeide_1.17.0/plugins/com.st.stm32cube.ide.mcu.externaltools.gnu-tools-for-stm32.12.3.rel1.linux64_1.1.0.202410170702/tools/bin/../lib/gcc/arm-none-eabi/12.3.1/../../../../arm-none-eabi/lib/thumb/v7e-m+fp/hard/libc_nano.a(libc_a-findfp.o)
                              /opt/st/stm32cubeide_1.17.0/plugins/com.st.stm32cube.ide.mcu.externaltools.gnu-tools-for-stm32.12.3.rel1.linux64_1.1.0.202410170702/tools/bin/../lib/gcc/arm-none-eabi/12.3.1/../../../../arm-none-eabi/lib/thumb/v7e-m+fp/hard/libc_nano.a(libc_a-exit.o) (__stdio_exit_handler)
/opt/st/stm32cubeide_1.17.0/plugins/com.st.stm32cube.ide.mcu.externaltools.gnu-tools-for-stm32.12.3.rel1.linux64_1.1.0.202410170702/tools/bin/../lib/gcc/arm-none-eabi/12.3.1/../../../../arm-none-eabi/lib/thumb/v7e-m+fp/hard/libc_nano.a(libc_a-fwalk.o)
[...]
Memory Configuration

Name             Origin             Length             Attributes
CCMRAM           0x10000000         0x00010000         xrw
RAM              0x20000000         0x00020000         xrw
FLASH            0x08000000         0x00100000         xr
*default*        0x00000000         0xffffffff

Linker script and memory map

LOAD /opt/st/stm32cubeide_1.17.0/plugins/com.st.stm32cube.ide.mcu.externaltools.gnu-tools-for-stm32.12.3.rel1.linux64_1.1.0.202410170702/tools/bin/../lib/gcc/arm-none-eabi/12.3.1/thumb/v7e-m+fp/hard/crti.o
LOAD /opt/st/stm32cubeide_1.17.0/plugins/com.st.stm32cube.ide.mcu.externaltools.gnu-tools-for-stm32.12.3.rel1.linux64_1.1.0.202410170702/tools/bin/../lib/gcc/arm-none-eabi/12.3.1/thumb/v7e-m+fp/hard/crtbegin.o
LOAD /opt/st/stm32cubeide_1.17.0/plugins/com.st.stm32cube.ide.mcu.externaltools.gnu-tools-for-stm32.12.3.rel1.linux64_1.1.0.202410170702/tools/bin/../lib/gcc/arm-none-eabi/12.3.1/../../../../arm-none-eabi/lib/thumb/v7e-m+fp/hard/crt0.o
LOAD ./Core/Src/adc.o
LOAD ./Core/Src/audio.o
LOAD ./Core/Src/dma.o
LOAD ./Core/Src/gpio.o
LOAD ./Core/Src/i2c.o
LOAD ./Core/Src/i2s.o
LOAD ./Core/Src/main.o
LOAD ./Core/Src/spi.o
LOAD ./Core/Src/stm32f4xx_hal_msp.o
LOAD ./Core/Src/stm32f4xx_it.o
LOAD ./Core/Src/syscalls.o
LOAD ./Core/Src/sysmem.o
LOAD ./Core/Src/system_stm32f4xx.o
LOAD ./Core/Src/tim.o
LOAD ./Core/Startup/startup_stm32f407vgtx.o
LOAD ./Drivers/STM32F4xx_HAL_Driver/Src/stm32f4xx_hal.o
LOAD ./Drivers/STM32F4xx_HAL_Driver/Src/stm32f4xx_hal_adc.o
LOAD ./Drivers/STM32F4xx_HAL_Driver/Src/stm32f4xx_hal_adc_ex.o
LOAD ./Drivers/STM32F4xx_HAL_Driver/Src/stm32f4xx_hal_cortex.o
LOAD ./Drivers/STM32F4xx_HAL_Driver/Src/stm32f4xx_hal_dma.o
LOAD ./Drivers/STM32F4xx_HAL_Driver/Src/stm32f4xx_hal_dma_ex.o
LOAD ./Drivers/STM32F4xx_HAL_Driver/Src/stm32f4xx_hal_exti.o
LOAD ./Drivers/STM32F4xx_HAL_Driver/Src/stm32f4xx_hal_flash.o
LOAD ./Drivers/STM32F4xx_HAL_Driver/Src/stm32f4xx_hal_flash_ex.o
LOAD ./Drivers/STM32F4xx_HAL_Driver/Src/stm32f4xx_hal_flash_ramfunc.o
LOAD ./Drivers/STM32F4xx_HAL_Driver/Src/stm32f4xx_hal_gpio.o
LOAD ./Drivers/STM32F4xx_HAL_Driver/Src/stm32f4xx_hal_hcd.o
LOAD ./Drivers/STM32F4xx_HAL_Driver/Src/stm32f4xx_hal_i2c.o
LOAD ./Drivers/STM32F4xx_HAL_Driver/Src/stm32f4xx_hal_i2c_ex.o
LOAD ./Drivers/STM32F4xx_HAL_Driver/Src/stm32f4xx_hal_i2s.o
LOAD ./Drivers/STM32F4xx_HAL_Driver/Src/stm32f4xx_hal_i2s_ex.o
LOAD ./Drivers/STM32F4xx_HAL_Driver/Src/stm32f4xx_hal_pwr.o
LOAD ./Drivers/STM32F4xx_HAL_Driver/Src/stm32f4xx_hal_pwr_ex.o
LOAD ./Drivers/STM32F4xx_HAL_Driver/Src/stm32f4xx_hal_rcc.o
LOAD ./Drivers/STM32F4xx_HAL_Driver/Src/stm32f4xx_hal_rcc_ex.o
LOAD ./Drivers/STM32F4xx_HAL_Driver/Src/stm32f4xx_hal_spi.o
LOAD ./Drivers/STM32F4xx_HAL_Driver/Src/stm32f4xx_hal_tim.o
LOAD ./Drivers/STM32F4xx_HAL_Driver/Src/stm32f4xx_hal_tim_ex.o
LOAD ./Drivers/STM32F4xx_HAL_Driver/Src/stm32f4xx_ll_adc.o
LOAD ./Drivers/STM32F4xx_HAL_Driver/Src/stm32f4xx_ll_usb.o
LOAD ./Middlewares/ST/STM32_USB_Host_Library/Class/CDC/Src/usbh_cdc.o
LOAD ./Middlewares/ST/STM32_USB_Host_Library/Core/Src/usbh_core.o
LOAD ./Middlewares/ST/STM32_USB_Host_Library/Core/Src/usbh_ctlreq.o
LOAD ./Middlewares/ST/STM32_USB_Host_Library/Core/Src/usbh_ioreq.o
LOAD ./Middlewares/ST/STM32_USB_Host_Library/Core/Src/usbh_pipes.o
LOAD ./USB_HOST/App/usb_host.o
LOAD ./USB_HOST/Target/usbh_conf.o
LOAD ./USB_HOST/Target/usbh_platform.o
LOAD ../libs/libarm_cortexM4lf_math.a
START GROUP
LOAD /opt/st/stm32cubeide_1.17.0/plugins/com.st.stm32cube.ide.mcu.externaltools.gnu-tools-for-stm32.12.3.rel1.linux64_1.1.0.202410170702/tools/bin/../lib/gcc/arm-none-eabi/12.3.1/../../../../arm-none-eabi/lib/thumb/v7e-m+fp/hard/libc_nano.a
LOAD /opt/st/stm32cubeide_1.17.0/plugins/com.st.stm32cube.ide.mcu.externaltools.gnu-tools-for-stm32.12.3.rel1.linux64_1.1.0.202410170702/tools/bin/../lib/gcc/arm-none-eabi/12.3.1/../../../../arm-none-eabi/lib/thumb/v7e-m+fp/hard/libm.a
END GROUP
START GROUP
LOAD /opt/st/stm32cubeide_1.17.0/plugins/com.st.stm32cube.ide.mcu.externaltools.gnu-tools-for-stm32.12.3.rel1.linux64_1.1.0.202410170702/tools/bin/../lib/gcc/arm-none-eabi/12.3.1/thumb/v7e-m+fp/hard/libgcc.a
LOAD /opt/st/stm32cubeide_1.17.0/plugins/com.st.stm32cube.ide.mcu.externaltools.gnu-tools-for-stm32.12.3.rel1.linux64_1.1.0.202410170702/tools/bin/../lib/gcc/arm-none-eabi/12.3.1/../../../../arm-none-eabi/lib/thumb/v7e-m+fp/hard/libc_nano.a
END GROUP
START GROUP
LOAD /opt/st/stm32cubeide_1.17.0/plugins/com.st.stm32cube.ide.mcu.externaltools.gnu-tools-for-stm32.12.3.rel1.linux64_1.1.0.202410170702/tools/bin/../lib/gcc/arm-none-eabi/12.3.1/thumb/v7e-m+fp/hard/libgcc.a
LOAD /opt/st/stm32cubeide_1.17.0/plugins/com.st.stm32cube.ide.mcu.externaltools.gnu-tools-for-stm32.12.3.rel1.linux64_1.1.0.202410170702/tools/bin/../lib/gcc/arm-none-eabi/12.3.1/../../../../arm-none-eabi/lib/thumb/v7e-m+fp/hard/libc_nano.a
LOAD /opt/st/stm32cubeide_1.17.0/plugins/com.st.stm32cube.ide.mcu.externaltools.gnu-tools-for-stm32.12.3.rel1.linux64_1.1.0.202410170702/tools/bin/../lib/gcc/arm-none-eabi/12.3.1/../../../../arm-none-eabi/lib/thumb/v7e-m+fp/hard/libnosys.a
END GROUP
START GROUP
LOAD /opt/st/stm32cubeide_1.17.0/plugins/com.st.stm32cube.ide.mcu.externaltools.gnu-tools-for-stm32.12.3.rel1.linux64_1.1.0.202410170702/tools/bin/../lib/gcc/arm-none-eabi/12.3.1/thumb/v7e-m+fp/hard/libgcc.a
LOAD /opt/st/stm32cubeide_1.17.0/plugins/com.st.stm32cube.ide.mcu.externaltools.gnu-tools-for-stm32.12.3.rel1.linux64_1.1.0.202410170702/tools/bin/../lib/gcc/arm-none-eabi/12.3.1/../../../../arm-none-eabi/lib/thumb/v7e-m+fp/hard/libc_nano.a
LOAD /opt/st/stm32cubeide_1.17.0/plugins/com.st.stm32cube.ide.mcu.externaltools.gnu-tools-for-stm32.12.3.rel1.linux64_1.1.0.202410170702/tools/bin/../lib/gcc/arm-none-eabi/12.3.1/../../../../arm-none-eabi/lib/thumb/v7e-m+fp/hard/libnosys.a
END GROUP
LOAD /opt/st/stm32cubeide_1.17.0/plugins/com.st.stm32cube.ide.mcu.externaltools.gnu-tools-for-stm32.12.3.rel1.linux64_1.1.0.202410170702/tools/bin/../lib/gcc/arm-none-eabi/12.3.1/thumb/v7e-m+fp/hard/crtend.o
LOAD /opt/st/stm32cubeide_1.17.0/plugins/com.st.stm32cube.ide.mcu.externaltools.gnu-tools-for-stm32.12.3.rel1.linux64_1.1.0.202410170702/tools/bin/../lib/gcc/arm-none-eabi/12.3.1/thumb/v7e-m+fp/hard/crtn.o
                0x20020000                        _estack = (ORIGIN (RAM) + LENGTH (RAM))
                0x00000200                        _Min_Heap_Size = 0x200
                0x00000400                        _Min_Stack_Size = 0x400

.isr_vector     0x08000000      0x188
                0x08000000                        . = ALIGN (0x4)
 *(.isr_vector)
 .isr_vector    0x08000000      0x188 ./Core/Startup/startup_stm32f407vgtx.o
                0x08000000                g_pfnVectors
                0x08000188                        . = ALIGN (0x4)

.text           0x08000188     0xa250
                0x08000188                        . = ALIGN (0x4)
 *(.text)
 .text          0x08000188       0x40 /opt/st/stm32cubeide_1.17.0/plugins/com.st.stm32cube.ide.mcu.externaltools.gnu-tools-for-stm32.12.3.rel1.linux64_1.1.0.202410170702/tools/bin/../lib/gcc/arm-none-eabi/12.3.1/thumb/v7e-m+fp/hard/crtbegin.o
 .text          0x080001c8       0x30 /opt/st/stm32cubeide_1.17.0/plugins/com.st.stm32cube.ide.mcu.externaltools.gnu-tools-for-stm32.12.3.rel1.linux64_1.1.0.202410170702/tools/bin/../lib/gcc/arm-none-eabi/12.3.1/thumb/v7e-m+fp/hard/libgcc.a(_aeabi_uldivmod.o)
                0x080001c8                __aeabi_uldivmod
 .text          0x080001f8      0x2bc /opt/st/stm32cubeide_1.17.0/plugins/com.st.stm32cube.ide.mcu.externaltools.gnu-tools-for-stm32.12.3.rel1.linux64_1.1.0.202410170702/tools/bin/../lib/gcc/arm-none-eabi/12.3.1/thumb/v7e-m+fp/hard/libgcc.a(_udivmoddi4.o)
                0x080001f8                __udivmoddi4
 .text          0x080004b4        0x4 /opt/st/stm32cubeide_1.17.0/plugins/com.st.stm32cube.ide.mcu.externaltools.gnu-tools-for-stm32.12.3.rel1.linux64_1.1.0.202410170702/tools/bin/../lib/gcc/arm-none-eabi/12.3.1/thumb/v7e-m+fp/hard/libgcc.a(_dvmd_tls.o)
                0x080004b4                __aeabi_ldiv0
                0x080004b4                __aeabi_idiv0
 *(.text*)
 .text.MX_ADC1_Init
                0x080004b8       0xa4 ./Core/Src/adc.o
                0x080004b8                MX_ADC1_Init
 .text.HAL_ADC_MspInit
                0x0800055c       0xf0 ./Core/Src/adc.o
                0x0800055c                HAL_ADC_MspInit
 .text.init_AudioReset
                0x0800064c       0x18 ./Core/Src/audio.o
                0x0800064c                init_AudioReset
 .text.configAudio
                0x08000664      0x1e0 ./Core/Src/audio.o
                0x08000664                configAudio
 .text.MX_DMA_Init
                0x08000844       0x6c ./Core/Src/dma.o
                0x08000844                MX_DMA_Init
 .text.MX_GPIO_Init
                0x080008b0      0x1fc ./Core/Src/gpio.o
                0x080008b0                MX_GPIO_Init
 .text.MX_I2C1_Init
                0x08000aac       0x5c ./Core/Src/i2c.o
                0x08000aac                MX_I2C1_Init
 .text.HAL_I2C_MspInit
                0x08000b08       0x90 ./Core/Src/i2c.o
                0x08000b08                HAL_I2C_MspInit
 .text.MX_I2S3_Init
                0x08000b98       0x5c ./Core/Src/i2s.o
                0x08000b98                MX_I2S3_Init
 .text.HAL_I2S_MspInit
                0x08000bf4      0x168 ./Core/Src/i2s.o
                0x08000bf4                HAL_I2S_MspInit
 *fill*         0x08000d5c        0x4 
 .text.main     0x08000d60       0xec ./Core/Src/main.o
                0x08000d60                main
 .text.SystemClock_Config
                0x08000e4c       0xd4 ./Core/Src/main.o
                0x08000e4c                SystemClock_Config
 .text.convert_to_q15
                0x08000f20       0x44 ./Core/Src/main.o
                0x08000f20                convert_to_q15
 .text.init_fir_filter
                0x08000f64       0x3c ./Core/Src/main.o
                0x08000f64                init_fir_filter
 .text.fir_filter
                0x08000fa0       0x48 ./Core/Src/main.o
                0x08000fa0                fir_filter
 .text.amplify_signal_q15
                0x08000fe8       0x96 ./Core/Src/main.o
                0x08000fe8                amplify_signal_q15
 *fill*         0x0800107e        0x2 
 .text.HAL_ADC_ConvCpltCallback
                0x08001080       0x20 ./Core/Src/main.o
                0x08001080                HAL_ADC_ConvCpltCallback
 .text.HAL_I2S_TxCpltCallback
                0x080010a0       0x14 ./Core/Src/main.o
                0x080010a0                HAL_I2S_TxCpltCallback
 .text.Error_Handler
                0x080010b4        0xc ./Core/Src/main.o
                0x080010b4                Error_Handler
 .text.MX_SPI1_Init
                0x080010c0       0x6c ./Core/Src/spi.o
                0x080010c0                MX_SPI1_Init
 .text.HAL_SPI_MspInit
                0x0800112c       0x90 ./Core/Src/spi.o
                0x0800112c                HAL_SPI_MspInit
 .text.HAL_MspInit
                0x080011bc       0x50 ./Core/Src/stm32f4xx_hal_msp.o
                0x080011bc                HAL_MspInit
 .text.NMI_Handler
                0x0800120c        0x8 ./Core/Src/stm32f4xx_it.o
                0x0800120c                NMI_Handler
 .text.HardFault_Handler
                0x08001214        0x8 ./Core/Src/stm32f4xx_it.o
                0x08001214                HardFault_Handler
 .text.MemManage_Handler
                0x0800121c        0x8 ./Core/Src/stm32f4xx_it.o
                0x0800121c                MemManage_Handler
 .text.BusFault_Handler
                0x08001224        0x8 ./Core/Src/stm32f4xx_it.o
                0x08001224                BusFault_Handler
 .text.UsageFault_Handler
                0x0800122c        0x8 ./Core/Src/stm32f4xx_it.o
                0x0800122c                UsageFault_Handler
 .text.SVC_Handler
                0x08001234        0xe ./Core/Src/stm32f4xx_it.o
                0x08001234                SVC_Handler
 .text.DebugMon_Handler
                0x08001242        0xe ./Core/Src/stm32f4xx_it.o
                0x08001242                DebugMon_Handler
 .text.PendSV_Handler
                0x08001250        0xe ./Core/Src/stm32f4xx_it.o
                0x08001250                PendSV_Handler
 .text.SysTick_Handler
                0x0800125e        0xc ./Core/Src/stm32f4xx_it.o
                0x0800125e                SysTick_Handler
 *fill*         0x0800126a        0x2 
 .text.DMA1_Stream5_IRQHandler
                0x0800126c       0x14 ./Core/Src/stm32f4xx_it.o
                0x0800126c                DMA1_Stream5_IRQHandler
 .text.DMA2_Stream0_IRQHandler
                0x08001280       0x14 ./Core/Src/stm32f4xx_it.o
                0x08001280                DMA2_Stream0_IRQHandler
 .text.OTG_FS_IRQHandler
                0x08001294       0x14 ./Core/Src/stm32f4xx_it.o
                0x08001294                OTG_FS_IRQHandler
 .text._sbrk    0x080012a8       0x6c ./Core/Src/sysmem.o
                0x080012a8                _sbrk
 .text.SystemInit
                0x08001314       0x24 ./Core/Src/system_stm32f4xx.o
                0x08001314                SystemInit
 .text.MX_TIM2_Init
                0x08001338       0x98 ./Core/Src/tim.o
                0x08001338                MX_TIM2_Init
 .text.HAL_TIM_Base_MspInit
                0x080013d0       0x40 ./Core/Src/tim.o
                0x080013d0                HAL_TIM_Base_MspInit
 .text.Reset_Handler
                0x08001410       0x50 ./Core/Startup/startup_stm32f407vgtx.o
                0x08001410                Reset_Handler
 .text.Default_Handler
                0x08001460        0x2 ./Core/Startup/startup_stm32f407vgtx.o
                0x08001460                RTC_Alarm_IRQHandler
                0x08001460                HASH_RNG_IRQHandler
                0x08001460                EXTI2_IRQHandler
                0x08001460                TIM8_CC_IRQHandler
                0x08001460                TIM1_CC_IRQHandler
                0x08001460                DMA2_Stream5_IRQHandler
                0x08001460                PVD_IRQHandler
                0x08001460                SDIO_IRQHandler
                0x08001460                TAMP_STAMP_IRQHandler
                0x08001460                CAN2_RX1_IRQHandler
                0x08001460                EXTI3_IRQHandler
                0x08001460                TIM8_TRG_COM_TIM14_IRQHandler
                0x08001460                TIM1_UP_TIM10_IRQHandler
                0x08001460                TIM8_UP_TIM13_IRQHandler
                0x08001460                I2C3_ER_IRQHandler
                0x08001460                EXTI0_IRQHandler
                0x08001460                I2C2_EV_IRQHandler
                0x08001460                DMA1_Stream2_IRQHandler
                0x08001460                CAN1_RX0_IRQHandler
                0x08001460                FPU_IRQHandler
                0x08001460                OTG_HS_WKUP_IRQHandler
                0x08001460                CAN2_SCE_IRQHandler
                0x08001460                DMA2_Stream2_IRQHandler
                0x08001460                SPI1_IRQHandler
                0x08001460                TIM6_DAC_IRQHandler
                0x08001460                TIM1_BRK_TIM9_IRQHandler
                0x08001460                DCMI_IRQHandler
                0x08001460                CAN2_RX0_IRQHandler
                0x08001460                DMA2_Stream3_IRQHandler
                0x08001460                USART6_IRQHandler
                0x08001460                USART3_IRQHandler
                0x08001460                CAN1_RX1_IRQHandler
                0x08001460                UART5_IRQHandler
                0x08001460                TIM4_IRQHandler
                0x08001460                I2C1_EV_IRQHandler
                0x08001460                DMA1_Stream6_IRQHandler
                0x08001460                DMA1_Stream1_IRQHandler
                0x08001460                UART4_IRQHandler
                0x08001460                TIM3_IRQHandler
                0x08001460                RCC_IRQHandler
                0x08001460                TIM8_BRK_TIM12_IRQHandler
                0x08001460                Default_Handler
                0x08001460                EXTI15_10_IRQHandler
                0x08001460                ADC_IRQHandler
                0x08001460                DMA1_Stream7_IRQHandler
                0x08001460                TIM7_IRQHandler
                0x08001460                CAN2_TX_IRQHandler
                0x08001460                TIM5_IRQHandler
                0x08001460                DMA2_Stream7_IRQHandler
                0x08001460                I2C3_EV_IRQHandler
                0x08001460                EXTI9_5_IRQHandler
                0x08001460                RTC_WKUP_IRQHandler
                0x08001460                ETH_WKUP_IRQHandler
                0x08001460                SPI2_IRQHandler
                0x08001460                OTG_HS_EP1_IN_IRQHandler
                0x08001460                DMA1_Stream0_IRQHandler
                0x08001460                CAN1_TX_IRQHandler
                0x08001460                EXTI4_IRQHandler
                0x08001460                FSMC_IRQHandler
                0x08001460                ETH_IRQHandler
                0x08001460                OTG_HS_EP1_OUT_IRQHandler
                0x08001460                WWDG_IRQHandler
                0x08001460                TIM2_IRQHandler
                0x08001460                OTG_FS_WKUP_IRQHandler
                0x08001460                TIM1_TRG_COM_TIM11_IRQHandler
                0x08001460                OTG_HS_IRQHandler
                0x08001460                EXTI1_IRQHandler
                0x08001460                USART2_IRQHandler
                0x08001460                I2C2_ER_IRQHandler
                0x08001460                DMA2_Stream1_IRQHandler
                0x08001460                CAN1_SCE_IRQHandler
                0x08001460                FLASH_IRQHandler
                0x08001460                DMA2_Stream4_IRQHandler
                0x08001460                USART1_IRQHandler
                0x08001460                SPI3_IRQHandler
                0x08001460                DMA1_Stream4_IRQHandler
                0x08001460                I2C1_ER_IRQHandler
                0x08001460                DMA2_Stream6_IRQHandler
                0x08001460                DMA1_Stream3_IRQHandler
 *fill*         0x08001462        0x2 
 .text.HAL_Init
                0x08001464       0x44 ./Drivers/STM32F4xx_HAL_Driver/Src/stm32f4xx_hal.o
                0x08001464                HAL_Init
 .text.HAL_InitTick
                0x080014a8       0x60 ./Drivers/STM32F4xx_HAL_Driver/Src/stm32f4xx_hal.o
                0x080014a8                HAL_InitTick
 .text.HAL_IncTick
                0x08001508       0x28 ./Drivers/STM32F4xx_HAL_Driver/Src/stm32f4xx_hal.o
                0x08001508                HAL_IncTick
 .text.HAL_GetTick
                0x08001530       0x18 ./Drivers/STM32F4xx_HAL_Driver/Src/stm32f4xx_hal.o
                0x08001530                HAL_GetTick
 .text.HAL_Delay
                0x08001548       0x48 ./Drivers/STM32F4xx_HAL_Driver/Src/stm32f4xx_hal.o
                0x08001548                HAL_Delay
 .text.HAL_ADC_Init
                0x08001590       0x86 ./Drivers/STM32F4xx_HAL_Driver/Src/stm32f4xx_hal_adc.o
                0x08001590                HAL_ADC_Init
 *fill*         0x08001616        0x2 
 .text.HAL_ADC_Start_DMA
                0x08001618      0x220 ./Drivers/STM32F4xx_HAL_Driver/Src/stm32f4xx_hal_adc.o
                0x08001618                HAL_ADC_Start_DMA
 .text.HAL_ADC_ConvHalfCpltCallback
                0x08001838       0x14 ./Drivers/STM32F4xx_HAL_Driver/Src/stm32f4xx_hal_adc.o
                0x08001838                HAL_ADC_ConvHalfCpltCallback
 .text.HAL_ADC_ErrorCallback
                0x0800184c       0x14 ./Drivers/STM32F4xx_HAL_Driver/Src/stm32f4xx_hal_adc.o
                0x0800184c                HAL_ADC_ErrorCallback
 .text.HAL_ADC_ConfigChannel
                0x08001860      0x244 ./Drivers/STM32F4xx_HAL_Driver/Src/stm32f4xx_hal_adc.o
                0x08001860                HAL_ADC_ConfigChannel
 .text.ADC_Init
                0x08001aa4      0x1f8 ./Drivers/STM32F4xx_HAL_Driver/Src/stm32f4xx_hal_adc.o
 .text.ADC_DMAConvCplt
                0x08001c9c       0xba ./Drivers/STM32F4xx_HAL_Driver/Src/stm32f4xx_hal_adc.o
 .text.ADC_DMAHalfConvCplt
                0x08001d56       0x1c ./Drivers/STM32F4xx_HAL_Driver/Src/stm32f4xx_hal_adc.o
 .text.ADC_DMAError
                0x08001d72       0x2e ./Drivers/STM32F4xx_HAL_Driver/Src/stm32f4xx_hal_adc.o
 .text.__NVIC_SetPriorityGrouping
                0x08001da0       0x48 ./Drivers/STM32F4xx_HAL_Driver/Src/stm32f4xx_hal_cortex.o
 .text.__NVIC_GetPriorityGrouping
                0x08001de8       0x1c ./Drivers/STM32F4xx_HAL_Driver/Src/stm32f4xx_hal_cortex.o
 .text.__NVIC_EnableIRQ
                0x08001e04       0x3c ./Drivers/STM32F4xx_HAL_Driver/Src/stm32f4xx_hal_cortex.o
 .text.__NVIC_SetPriority
                0x08001e40       0x54 ./Drivers/STM32F4xx_HAL_Driver/Src/stm32f4xx_hal_cortex.o
 .text.NVIC_EncodePriority
                0x08001e94       0x66 ./Drivers/STM32F4xx_HAL_Driver/Src/stm32f4xx_hal_cortex.o
 *fill*         0x08001efa        0x2 
 .text.SysTick_Config
                0x08001efc       0x44 ./Drivers/STM32F4xx_HAL_Driver/Src/stm32f4xx_hal_cortex.o
 .text.HAL_NVIC_SetPriorityGrouping
                0x08001f40       0x16 ./Drivers/STM32F4xx_HAL_Driver/Src/stm32f4xx_hal_cortex.o
                0x08001f40                HAL_NVIC_SetPriorityGrouping
 .text.HAL_NVIC_SetPriority
                0x08001f56       0x38 ./Drivers/STM32F4xx_HAL_Driver/Src/stm32f4xx_hal_cortex.o
                0x08001f56                HAL_NVIC_SetPriority
 .text.HAL_NVIC_EnableIRQ
                0x08001f8e       0x1c ./Drivers/STM32F4xx_HAL_Driver/Src/stm32f4xx_hal_cortex.o
                0x08001f8e                HAL_NVIC_EnableIRQ
 .text.HAL_SYSTICK_Config
                0x08001faa       0x18 ./Drivers/STM32F4xx_HAL_Driver/Src/stm32f4xx_hal_cortex.o
                0x08001faa                HAL_SYSTICK_Config
 *fill*         0x08001fc2        0x2 
 .text.HAL_DMA_Init
                0x08001fc4      0x15c ./Drivers/STM32F4xx_HAL_Driver/Src/stm32f4xx_hal_dma.o
                0x08001fc4                HAL_DMA_Init
 .text.HAL_DMA_Start_IT
                0x08002120       0xb0 ./Drivers/STM32F4xx_HAL_Driver/Src/stm32f4xx_hal_dma.o
                0x08002120                HAL_DMA_Start_IT
 .text.HAL_DMA_IRQHandler
                0x080021d0      0x314 ./Drivers/STM32F4xx_HAL_Driver/Src/stm32f4xx_hal_dma.o
                0x080021d0                HAL_DMA_IRQHandler
 .text.DMA_SetConfig
                0x080024e4       0x5c ./Drivers/STM32F4xx_HAL_Driver/Src/stm32f4xx_hal_dma.o
 .text.DMA_CalcBaseAndBitshift
                0x08002540       0x6c ./Drivers/STM32F4xx_HAL_Driver/Src/stm32f4xx_hal_dma.o
 .text.DMA_CheckFifoParam
                0x080025ac       0xf8 ./Drivers/STM32F4xx_HAL_Driver/Src/stm32f4xx_hal_dma.o
 .text.HAL_GPIO_Init
                0x080026a4      0x338 ./Drivers/STM32F4xx_HAL_Driver/Src/stm32f4xx_hal_gpio.o
                0x080026a4                HAL_GPIO_Init
 .text.HAL_GPIO_WritePin
                0x080029dc       0x32 ./Drivers/STM32F4xx_HAL_Driver/Src/stm32f4xx_hal_gpio.o
                0x080029dc                HAL_GPIO_WritePin
 .text.HAL_HCD_Init
                0x08002a0e       0xce ./Drivers/STM32F4xx_HAL_Driver/Src/stm32f4xx_hal_hcd.o
                0x08002a0e                HAL_HCD_Init
 .text.HAL_HCD_HC_Init
                0x08002adc      0x170 ./Drivers/STM32F4xx_HAL_Driver/Src/stm32f4xx_hal_hcd.o
                0x08002adc                HAL_HCD_HC_Init
 .text.HAL_HCD_HC_Halt
                0x08002c4c       0x46 ./Drivers/STM32F4xx_HAL_Driver/Src/stm32f4xx_hal_hcd.o
                0x08002c4c                HAL_HCD_HC_Halt
 *fill*         0x08002c92        0x2 
 .text.HAL_HCD_HC_SubmitRequest
                0x08002c94      0x33c ./Drivers/STM32F4xx_HAL_Driver/Src/stm32f4xx_hal_hcd.o
                0x08002c94                HAL_HCD_HC_SubmitRequest
 .text.HAL_HCD_IRQHandler
                0x08002fd0      0x220 ./Drivers/STM32F4xx_HAL_Driver/Src/stm32f4xx_hal_hcd.o
                0x08002fd0                HAL_HCD_IRQHandler
 .text.HAL_HCD_Start
                0x080031f0       0x46 ./Drivers/STM32F4xx_HAL_Driver/Src/stm32f4xx_hal_hcd.o
                0x080031f0                HAL_HCD_Start
 .text.HAL_HCD_Stop
                0x08003236       0x3a ./Drivers/STM32F4xx_HAL_Driver/Src/stm32f4xx_hal_hcd.o
                0x08003236                HAL_HCD_Stop
 .text.HAL_HCD_HC_GetURBState
                0x08003270       0x2a ./Drivers/STM32F4xx_HAL_Driver/Src/stm32f4xx_hal_hcd.o
                0x08003270                HAL_HCD_HC_GetURBState
 .text.HAL_HCD_HC_GetXferCount
                0x0800329a       0x2a ./Drivers/STM32F4xx_HAL_Driver/Src/stm32f4xx_hal_hcd.o
                0x0800329a                HAL_HCD_HC_GetXferCount
 .text.HAL_HCD_GetCurrentFrame
                0x080032c4       0x1c ./Drivers/STM32F4xx_HAL_Driver/Src/stm32f4xx_hal_hcd.o
                0x080032c4                HAL_HCD_GetCurrentFrame
 .text.HAL_HCD_HC_ClearHubInfo
                0x080032e0       0x6a ./Drivers/STM32F4xx_HAL_Driver/Src/stm32f4xx_hal_hcd.o
                0x080032e0                HAL_HCD_HC_ClearHubInfo
 .text.HCD_HC_IN_IRQHandler
                0x0800334a      0xcd2 ./Drivers/STM32F4xx_HAL_Driver/Src/stm32f4xx_hal_hcd.o
 .text.HCD_HC_OUT_IRQHandler
                0x0800401c      0x97e ./Drivers/STM32F4xx_HAL_Driver/Src/stm32f4xx_hal_hcd.o
 .text.HCD_RXQLVL_IRQHandler
                0x0800499a      0x1be ./Drivers/STM32F4xx_HAL_Driver/Src/stm32f4xx_hal_hcd.o
 .text.HCD_Port_IRQHandler
                0x08004b58       0xe6 ./Drivers/STM32F4xx_HAL_Driver/Src/stm32f4xx_hal_hcd.o
 *fill*         0x08004c3e        0x2 
 .text.HAL_I2C_Init
                0x08004c40      0x288 ./Drivers/STM32F4xx_HAL_Driver/Src/stm32f4xx_hal_i2c.o
                0x08004c40                HAL_I2C_Init
 .text.HAL_I2C_Master_Transmit
                0x08004ec8      0x1fc ./Drivers/STM32F4xx_HAL_Driver/Src/stm32f4xx_hal_i2c.o
                0x08004ec8                HAL_I2C_Master_Transmit
 .text.I2C_MasterRequestWrite
                0x080050c4      0x104 ./Drivers/STM32F4xx_HAL_Driver/Src/stm32f4xx_hal_i2c.o
 .text.I2C_WaitOnFlagUntilTimeout
                0x080051c8       0xf4 ./Drivers/STM32F4xx_HAL_Driver/Src/stm32f4xx_hal_i2c.o
 .text.I2C_WaitOnMasterAddressFlagUntilTimeout
                0x080052bc      0x140 ./Drivers/STM32F4xx_HAL_Driver/Src/stm32f4xx_hal_i2c.o
 .text.I2C_WaitOnTXEFlagUntilTimeout
                0x080053fc       0x90 ./Drivers/STM32F4xx_HAL_Driver/Src/stm32f4xx_hal_i2c.o
 .text.I2C_WaitOnBTFFlagUntilTimeout
                0x0800548c       0x90 ./Drivers/STM32F4xx_HAL_Driver/Src/stm32f4xx_hal_i2c.o
 .text.I2C_IsAcknowledgeFailed
                0x0800551c       0x5e ./Drivers/STM32F4xx_HAL_Driver/Src/stm32f4xx_hal_i2c.o
 *fill*         0x0800557a        0x2 
 .text.HAL_I2S_Init
                0x0800557c      0x280 ./Drivers/STM32F4xx_HAL_Driver/Src/stm32f4xx_hal_i2s.o
                0x0800557c                HAL_I2S_Init
 .text.HAL_I2S_Transmit_DMA
                0x080057fc      0x148 ./Drivers/STM32F4xx_HAL_Driver/Src/stm32f4xx_hal_i2s.o
                0x080057fc                HAL_I2S_Transmit_DMA
 .text.HAL_I2S_TxHalfCpltCallback
                0x08005944       0x14 ./Drivers/STM32F4xx_HAL_Driver/Src/stm32f4xx_hal_i2s.o
                0x08005944                HAL_I2S_TxHalfCpltCallback
 .text.HAL_I2S_RxCpltCallback
                0x08005958       0x14 ./Drivers/STM32F4xx_HAL_Driver/Src/stm32f4xx_hal_i2s.o
                0x08005958                HAL_I2S_RxCpltCallback
 .text.HAL_I2S_ErrorCallback
                0x0800596c       0x14 ./Drivers/STM32F4xx_HAL_Driver/Src/stm32f4xx_hal_i2s.o
                0x0800596c                HAL_I2S_ErrorCallback
 .text.I2S_DMATxCplt
                0x08005980       0x42 ./Drivers/STM32F4xx_HAL_Driver/Src/stm32f4xx_hal_i2s.o
 .text.I2S_DMATxHalfCplt
                0x080059c2       0x1c ./Drivers/STM32F4xx_HAL_Driver/Src/stm32f4xx_hal_i2s.o
 .text.I2S_DMAError
                0x080059de       0x4c ./Drivers/STM32F4xx_HAL_Driver/Src/stm32f4xx_hal_i2s.o
 .text.I2S_Transmit_IT
                0x08005a2a       0x5c ./Drivers/STM32F4xx_HAL_Driver/Src/stm32f4xx_hal_i2s.o
 .text.I2S_Receive_IT
                0x08005a86       0x5e ./Drivers/STM32F4xx_HAL_Driver/Src/stm32f4xx_hal_i2s.o
 .text.I2S_IRQHandler
                0x08005ae4      0x114 ./Drivers/STM32F4xx_HAL_Driver/Src/stm32f4xx_hal_i2s.o
 .text.HAL_I2SEx_FullDuplex_IRQHandler
                0x08005bf8      0x2a8 ./Drivers/STM32F4xx_HAL_Driver/Src/stm32f4xx_hal_i2s_ex.o
                0x08005bf8                HAL_I2SEx_FullDuplex_IRQHandler
 .text.HAL_I2SEx_TxRxCpltCallback
                0x08005ea0       0x14 ./Drivers/STM32F4xx_HAL_Driver/Src/stm32f4xx_hal_i2s_ex.o
                0x08005ea0                HAL_I2SEx_TxRxCpltCallback
 .text.I2SEx_TxISR_I2S
                0x08005eb4       0x62 ./Drivers/STM32F4xx_HAL_Driver/Src/stm32f4xx_hal_i2s_ex.o
 *fill*         0x08005f16        0x2 
 .text.I2SEx_TxISR_I2SExt
                0x08005f18       0x98 ./Drivers/STM32F4xx_HAL_Driver/Src/stm32f4xx_hal_i2s_ex.o
 .text.I2SEx_RxISR_I2S
                0x08005fb0       0x64 ./Drivers/STM32F4xx_HAL_Driver/Src/stm32f4xx_hal_i2s_ex.o
 .text.I2SEx_RxISR_I2SExt
                0x08006014       0x98 ./Drivers/STM32F4xx_HAL_Driver/Src/stm32f4xx_hal_i2s_ex.o
 .text.HAL_RCC_OscConfig
                0x080060ac      0x4f0 ./Drivers/STM32F4xx_HAL_Driver/Src/stm32f4xx_hal_rcc.o
                0x080060ac                HAL_RCC_OscConfig
 .text.HAL_RCC_ClockConfig
                0x0800659c      0x1cc ./Drivers/STM32F4xx_HAL_Driver/Src/stm32f4xx_hal_rcc.o
                0x0800659c                HAL_RCC_ClockConfig
 .text.HAL_RCC_GetSysClockFreq
                0x08006768      0x20c ./Drivers/STM32F4xx_HAL_Driver/Src/stm32f4xx_hal_rcc.o
                0x08006768                HAL_RCC_GetSysClockFreq
 .text.HAL_RCC_GetHCLKFreq
                0x08006974       0x18 ./Drivers/STM32F4xx_HAL_Driver/Src/stm32f4xx_hal_rcc.o
                0x08006974                HAL_RCC_GetHCLKFreq
 .text.HAL_RCC_GetPCLK1Freq
                0x0800698c       0x28 ./Drivers/STM32F4xx_HAL_Driver/Src/stm32f4xx_hal_rcc.o
                0x0800698c                HAL_RCC_GetPCLK1Freq
 .text.HAL_RCCEx_PeriphCLKConfig
                0x080069b4      0x1c4 ./Drivers/STM32F4xx_HAL_Driver/Src/stm32f4xx_hal_rcc_ex.o
                0x080069b4                HAL_RCCEx_PeriphCLKConfig
 .text.HAL_RCCEx_GetPeriphCLKFreq
                0x08006b78       0xc0 ./Drivers/STM32F4xx_HAL_Driver/Src/stm32f4xx_hal_rcc_ex.o
                0x08006b78                HAL_RCCEx_GetPeriphCLKFreq
 .text.HAL_SPI_Init
                0x08006c38      0x112 ./Drivers/STM32F4xx_HAL_Driver/Src/stm32f4xx_hal_spi.o
                0x08006c38                HAL_SPI_Init
 .text.HAL_TIM_Base_Init
                0x08006d4a       0x9e ./Drivers/STM32F4xx_HAL_Driver/Src/stm32f4xx_hal_tim.o
                0x08006d4a                HAL_TIM_Base_Init
 .text.HAL_TIM_Base_Start
                0x08006de8       0xd0 ./Drivers/STM32F4xx_HAL_Driver/Src/stm32f4xx_hal_tim.o
                0x08006de8                HAL_TIM_Base_Start
 .text.HAL_TIM_ConfigClockSource
                0x08006eb8      0x18e ./Drivers/STM32F4xx_HAL_Driver/Src/stm32f4xx_hal_tim.o
                0x08006eb8                HAL_TIM_ConfigClockSource
 *fill*         0x08007046        0x2 
 .text.TIM_Base_SetConfig
                0x08007048      0x158 ./Drivers/STM32F4xx_HAL_Driver/Src/stm32f4xx_hal_tim.o
                0x08007048                TIM_Base_SetConfig
 .text.TIM_TI1_ConfigInputStage
                0x080071a0       0x5e ./Drivers/STM32F4xx_HAL_Driver/Src/stm32f4xx_hal_tim.o
 .text.TIM_TI2_ConfigInputStage
                0x080071fe       0x60 ./Drivers/STM32F4xx_HAL_Driver/Src/stm32f4xx_hal_tim.o
 .text.TIM_ITRx_SetConfig
                0x0800725e       0x36 ./Drivers/STM32F4xx_HAL_Driver/Src/stm32f4xx_hal_tim.o
 .text.TIM_ETR_SetConfig
                0x08007294       0x40 ./Drivers/STM32F4xx_HAL_Driver/Src/stm32f4xx_hal_tim.o
                0x08007294                TIM_ETR_SetConfig
 .text.HAL_TIMEx_MasterConfigSynchronization
                0x080072d4       0xf8 ./Drivers/STM32F4xx_HAL_Driver/Src/stm32f4xx_hal_tim_ex.o
                0x080072d4                HAL_TIMEx_MasterConfigSynchronization
 .text.USB_CoreInit
                0x080073cc       0xc8 ./Drivers/STM32F4xx_HAL_Driver/Src/stm32f4xx_ll_usb.o
                0x080073cc                USB_CoreInit
 .text.USB_EnableGlobalInt
                0x08007494       0x22 ./Drivers/STM32F4xx_HAL_Driver/Src/stm32f4xx_ll_usb.o
                0x08007494                USB_EnableGlobalInt
 .text.USB_DisableGlobalInt
                0x080074b6       0x22 ./Drivers/STM32F4xx_HAL_Driver/Src/stm32f4xx_ll_usb.o
                0x080074b6                USB_DisableGlobalInt
 .text.USB_SetCurrentMode
                0x080074d8       0x98 ./Drivers/STM32F4xx_HAL_Driver/Src/stm32f4xx_ll_usb.o
                0x080074d8                USB_SetCurrentMode
 .text.USB_FlushTxFifo
                0x08007570       0x64 ./Drivers/STM32F4xx_HAL_Driver/Src/stm32f4xx_ll_usb.o
                0x08007570                USB_FlushTxFifo
 .text.USB_FlushRxFifo
                0x080075d4       0x5c ./Drivers/STM32F4xx_HAL_Driver/Src/stm32f4xx_ll_usb.o
                0x080075d4                USB_FlushRxFifo
 .text.USB_WritePacket
                0x08007630       0x7c ./Drivers/STM32F4xx_HAL_Driver/Src/stm32f4xx_ll_usb.o
                0x08007630                USB_WritePacket
 .text.USB_ReadPacket
                0x080076ac       0xb0 ./Drivers/STM32F4xx_HAL_Driver/Src/stm32f4xx_ll_usb.o
                0x080076ac                USB_ReadPacket
 .text.USB_ReadInterrupts
                0x0800775c       0x26 ./Drivers/STM32F4xx_HAL_Driver/Src/stm32f4xx_ll_usb.o
                0x0800775c                USB_ReadInterrupts
 .text.USB_ReadChInterrupts
                0x08007782       0x42 ./Drivers/STM32F4xx_HAL_Driver/Src/stm32f4xx_ll_usb.o
                0x08007782                USB_ReadChInterrupts
 .text.USB_GetMode
                0x080077c4       0x1c ./Drivers/STM32F4xx_HAL_Driver/Src/stm32f4xx_ll_usb.o
                0x080077c4                USB_GetMode
 .text.USB_CoreReset
                0x080077e0       0x62 ./Drivers/STM32F4xx_HAL_Driver/Src/stm32f4xx_ll_usb.o
 *fill*         0x08007842        0x2 
 .text.USB_HostInit
                0x08007844      0x188 ./Drivers/STM32F4xx_HAL_Driver/Src/stm32f4xx_ll_usb.o
                0x08007844                USB_HostInit
 .text.USB_InitFSLSPClkSel
                0x080079cc       0x7a ./Drivers/STM32F4xx_HAL_Driver/Src/stm32f4xx_ll_usb.o
                0x080079cc                USB_InitFSLSPClkSel
 .text.USB_DriveVbus
                0x08007a46       0x72 ./Drivers/STM32F4xx_HAL_Driver/Src/stm32f4xx_ll_usb.o
                0x08007a46                USB_DriveVbus
 .text.USB_GetHostSpeed
                0x08007ab8       0x2e ./Drivers/STM32F4xx_HAL_Driver/Src/stm32f4xx_ll_usb.o
                0x08007ab8                USB_GetHostSpeed
 .text.USB_GetCurrentFrame
                0x08007ae6       0x22 ./Drivers/STM32F4xx_HAL_Driver/Src/stm32f4xx_ll_usb.o
                0x08007ae6                USB_GetCurrentFrame
 .text.USB_HC_Init
                0x08007b08      0x258 ./Drivers/STM32F4xx_HAL_Driver/Src/stm32f4xx_ll_usb.o
                0x08007b08                USB_HC_Init
 .text.USB_HC_StartXfer
                0x08007d60      0x4f4 ./Drivers/STM32F4xx_HAL_Driver/Src/stm32f4xx_ll_usb.o
                0x08007d60                USB_HC_StartXfer
 .text.USB_HC_ReadInterrupt
                0x08008254       0x22 ./Drivers/STM32F4xx_HAL_Driver/Src/stm32f4xx_ll_usb.o
                0x08008254                USB_HC_ReadInterrupt
 .text.USB_HC_Halt
                0x08008276      0x240 ./Drivers/STM32F4xx_HAL_Driver/Src/stm32f4xx_ll_usb.o
                0x08008276                USB_HC_Halt
 *fill*         0x080084b6        0x2 
 .text.USB_DoPing
                0x080084b8       0x78 ./Drivers/STM32F4xx_HAL_Driver/Src/stm32f4xx_ll_usb.o
                0x080084b8                USB_DoPing
 .text.USB_StopHost
                0x08008530      0x124 ./Drivers/STM32F4xx_HAL_Driver/Src/stm32f4xx_ll_usb.o
                0x08008530                USB_StopHost
 .text.USBH_CDC_InterfaceInit
                0x08008654      0x2ac ./Middlewares/ST/STM32_USB_Host_Library/Class/CDC/Src/usbh_cdc.o
 .text.USBH_CDC_InterfaceDeInit
                0x08008900       0xb2 ./Middlewares/ST/STM32_USB_Host_Library/Class/CDC/Src/usbh_cdc.o
 .text.USBH_CDC_ClassRequest
                0x080089b2       0x3e ./Middlewares/ST/STM32_USB_Host_Library/Class/CDC/Src/usbh_cdc.o
 .text.USBH_CDC_Process
                0x080089f0      0x12c ./Middlewares/ST/STM32_USB_Host_Library/Class/CDC/Src/usbh_cdc.o
 .text.USBH_CDC_SOFProcess
                0x08008b1c       0x16 ./Middlewares/ST/STM32_USB_Host_Library/Class/CDC/Src/usbh_cdc.o
 .text.GetLineCoding
                0x08008b32       0x3e ./Middlewares/ST/STM32_USB_Host_Library/Class/CDC/Src/usbh_cdc.o
 .text.SetLineCoding
                0x08008b70       0x3e ./Middlewares/ST/STM32_USB_Host_Library/Class/CDC/Src/usbh_cdc.o
 .text.CDC_ProcessTransmission
                0x08008bae       0xec ./Middlewares/ST/STM32_USB_Host_Library/Class/CDC/Src/usbh_cdc.o
 .text.CDC_ProcessReception
                0x08008c9a       0xb6 ./Middlewares/ST/STM32_USB_Host_Library/Class/CDC/Src/usbh_cdc.o
 .text.USBH_CDC_TransmitCallback
                0x08008d50       0x14 ./Middlewares/ST/STM32_USB_Host_Library/Class/CDC/Src/usbh_cdc.o
                0x08008d50                USBH_CDC_TransmitCallback
 .text.USBH_CDC_ReceiveCallback
                0x08008d64       0x14 ./Middlewares/ST/STM32_USB_Host_Library/Class/CDC/Src/usbh_cdc.o
                0x08008d64                USBH_CDC_ReceiveCallback
 .text.USBH_CDC_LineCodingChanged
                0x08008d78       0x14 ./Middlewares/ST/STM32_USB_Host_Library/Class/CDC/Src/usbh_cdc.o
                0x08008d78                USBH_CDC_LineCodingChanged
 .text.USBH_Init
                0x08008d8c       0x74 ./Middlewares/ST/STM32_USB_Host_Library/Core/Src/usbh_core.o
                0x08008d8c                USBH_Init
 .text.DeInitStateMachine
                0x08008e00       0xe6 ./Middlewares/ST/STM32_USB_Host_Library/Core/Src/usbh_core.o
 .text.USBH_RegisterClass
                0x08008ee6       0x54 ./Middlewares/ST/STM32_USB_Host_Library/Core/Src/usbh_core.o
                0x08008ee6                USBH_RegisterClass
 .text.USBH_SelectInterface
                0x08008f3a       0x38 ./Middlewares/ST/STM32_USB_Host_Library/Core/Src/usbh_core.o
                0x08008f3a                USBH_SelectInterface
 .text.USBH_FindInterface
                0x08008f72       0x8c ./Middlewares/ST/STM32_USB_Host_Library/Core/Src/usbh_core.o
                0x08008f72                USBH_FindInterface
 .text.USBH_Start
                0x08008ffe       0x20 ./Middlewares/ST/STM32_USB_Host_Library/Core/Src/usbh_core.o
                0x08008ffe                USBH_Start
 .text.USBH_LL_SetTimer
                0x0800901e       0x1e ./Middlewares/ST/STM32_USB_Host_Library/Core/Src/usbh_core.o
                0x0800901e                USBH_LL_SetTimer
 .text.USBH_LL_IncTimer
                0x0800903c       0x24 ./Middlewares/ST/STM32_USB_Host_Library/Core/Src/usbh_core.o
                0x0800903c                USBH_LL_IncTimer
 .text.USBH_HandleSof
                0x08009060       0x30 ./Middlewares/ST/STM32_USB_Host_Library/Core/Src/usbh_core.o
 .text.USBH_LL_PortEnabled
                0x08009090       0x1c ./Middlewares/ST/STM32_USB_Host_Library/Core/Src/usbh_core.o
                0x08009090                USBH_LL_PortEnabled
 .text.USBH_LL_PortDisabled
                0x080090ac       0x1c ./Middlewares/ST/STM32_USB_Host_Library/Core/Src/usbh_core.o
                0x080090ac                USBH_LL_PortDisabled
 .text.USBH_LL_Connect
                0x080090c8       0x2e ./Middlewares/ST/STM32_USB_Host_Library/Core/Src/usbh_core.o
                0x080090c8                USBH_LL_Connect
 .text.USBH_LL_Disconnect
                0x080090f6       0x48 ./Middlewares/ST/STM32_USB_Host_Library/Core/Src/usbh_core.o
                0x080090f6                USBH_LL_Disconnect
 .text.USBH_ClrFeature
                0x0800913e       0x48 ./Middlewares/ST/STM32_USB_Host_Library/Core/Src/usbh_ctlreq.o
                0x0800913e                USBH_ClrFeature
 .text.USBH_CtlReq
                0x08009186       0x7a ./Middlewares/ST/STM32_USB_Host_Library/Core/Src/usbh_ctlreq.o
                0x08009186                USBH_CtlReq
 .text.USBH_HandleControl
                0x08009200      0x2e8 ./Middlewares/ST/STM32_USB_Host_Library/Core/Src/usbh_ctlreq.o
 .text.USBH_CtlSendSetup
                0x080094e8       0x34 ./Middlewares/ST/STM32_USB_Host_Library/Core/Src/usbh_ioreq.o
                0x080094e8                USBH_CtlSendSetup
 .text.USBH_CtlSendData
                0x0800951c       0x4a ./Middlewares/ST/STM32_USB_Host_Library/Core/Src/usbh_ioreq.o
                0x0800951c                USBH_CtlSendData
 .text.USBH_CtlReceiveData
                0x08009566       0x3c ./Middlewares/ST/STM32_USB_Host_Library/Core/Src/usbh_ioreq.o
                0x08009566                USBH_CtlReceiveData
 .text.USBH_BulkSendData
                0x080095a2       0x4a ./Middlewares/ST/STM32_USB_Host_Library/Core/Src/usbh_ioreq.o
                0x080095a2                USBH_BulkSendData
 .text.USBH_BulkReceiveData
                0x080095ec       0x3c ./Middlewares/ST/STM32_USB_Host_Library/Core/Src/usbh_ioreq.o
                0x080095ec                USBH_BulkReceiveData
 .text.USBH_OpenPipe
                0x08009628       0x3e ./Middlewares/ST/STM32_USB_Host_Library/Core/Src/usbh_pipes.o
                0x08009628                USBH_OpenPipe
 .text.USBH_ClosePipe
                0x08009666       0x20 ./Middlewares/ST/STM32_USB_Host_Library/Core/Src/usbh_pipes.o
                0x08009666                USBH_ClosePipe
 .text.USBH_AllocPipe
                0x08009686       0x42 ./Middlewares/ST/STM32_USB_Host_Library/Core/Src/usbh_pipes.o
                0x08009686                USBH_AllocPipe
 .text.USBH_FreePipe
                0x080096c8       0x3c ./Middlewares/ST/STM32_USB_Host_Library/Core/Src/usbh_pipes.o
                0x080096c8                USBH_FreePipe
 .text.USBH_GetFreePipe
                0x08009704       0x48 ./Middlewares/ST/STM32_USB_Host_Library/Core/Src/usbh_pipes.o
 .text.MX_USB_HOST_Init
                0x0800974c       0x4c ./USB_HOST/App/usb_host.o
                0x0800974c                MX_USB_HOST_Init
 .text.USBH_UserProcess
                0x08009798       0x5c ./USB_HOST/App/usb_host.o
 .text.HAL_HCD_MspInit
                0x080097f4       0xc4 ./USB_HOST/Target/usbh_conf.o
                0x080097f4                HAL_HCD_MspInit
 .text.HAL_HCD_SOF_Callback
                0x080098b8       0x1c ./USB_HOST/Target/usbh_conf.o
                0x080098b8                HAL_HCD_SOF_Callback
 .text.HAL_HCD_Connect_Callback
                0x080098d4       0x1c ./USB_HOST/Target/usbh_conf.o
                0x080098d4                HAL_HCD_Connect_Callback
 .text.HAL_HCD_Disconnect_Callback
                0x080098f0       0x1c ./USB_HOST/Target/usbh_conf.o
                0x080098f0                HAL_HCD_Disconnect_Callback
 .text.HAL_HCD_HC_NotifyURBChange_Callback
                0x0800990c       0x1c ./USB_HOST/Target/usbh_conf.o
                0x0800990c                HAL_HCD_HC_NotifyURBChange_Callback
 .text.HAL_HCD_PortEnabled_Callback
                0x08009928       0x1c ./USB_HOST/Target/usbh_conf.o
                0x08009928                HAL_HCD_PortEnabled_Callback
 .text.HAL_HCD_PortDisabled_Callback
                0x08009944       0x1c ./USB_HOST/Target/usbh_conf.o
                0x08009944                HAL_HCD_PortDisabled_Callback
 .text.USBH_LL_Init
                0x08009960       0x78 ./USB_HOST/Target/usbh_conf.o
                0x08009960                USBH_LL_Init
 .text.USBH_LL_Start
                0x080099d8       0x36 ./USB_HOST/Target/usbh_conf.o
                0x080099d8                USBH_LL_Start
 .text.USBH_LL_Stop
                0x08009a0e       0x36 ./USB_HOST/Target/usbh_conf.o
                0x08009a0e                USBH_LL_Stop
 .text.USBH_LL_GetLastXferSize
                0x08009a44       0x26 ./USB_HOST/Target/usbh_conf.o
                0x08009a44                USBH_LL_GetLastXferSize
 .text.USBH_LL_OpenPipe
                0x08009a6a       0x5e ./USB_HOST/Target/usbh_conf.o
                0x08009a6a                USBH_LL_OpenPipe
 .text.USBH_LL_ClosePipe
                0x08009ac8       0x3e ./USB_HOST/Target/usbh_conf.o
                0x08009ac8                USBH_LL_ClosePipe
 .text.USBH_LL_SubmitURB
                0x08009b06       0x62 ./USB_HOST/Target/usbh_conf.o
                0x08009b06                USBH_LL_SubmitURB
 .text.USBH_LL_GetURBState
                0x08009b68       0x26 ./USB_HOST/Target/usbh_conf.o
                0x08009b68                USBH_LL_GetURBState
 .text.USBH_LL_DriverVBUS
                0x08009b8e       0x2e ./USB_HOST/Target/usbh_conf.o
                0x08009b8e                USBH_LL_DriverVBUS
 .text.USBH_LL_SetToggle
                0x08009bbc       0x66 ./USB_HOST/Target/usbh_conf.o
                0x08009bbc                USBH_LL_SetToggle
 *fill*         0x08009c22        0x2 
 .text.USBH_Get_USB_Status
                0x08009c24       0x58 ./USB_HOST/Target/usbh_conf.o
                0x08009c24                USBH_Get_USB_Status
 .text.MX_DriverVbusFS
                0x08009c7c       0x38 ./USB_HOST/Target/usbh_platform.o
                0x08009c7c                MX_DriverVbusFS
 .text.arm_float_to_q15
                0x08009cb4      0x130 ../libs/libarm_cortexM4lf_math.a(arm_float_to_q15.o)
                0x08009cb4                arm_float_to_q15
 .text.arm_fir_q15
                0x08009de4      0x318 ../libs/libarm_cortexM4lf_math.a(arm_fir_q15.o)
                0x08009de4                arm_fir_q15
 .text.arm_fir_init_q15
                0x0800a0fc       0x2c ../libs/libarm_cortexM4lf_math.a(arm_fir_init_q15.o)
                0x0800a0fc                arm_fir_init_q15
 .text.malloc   0x0800a128       0x10 /opt/st/stm32cubeide_1.17.0/plugins/com.st.stm32cube.ide.mcu.externaltools.gnu-tools-for-stm32.12.3.rel1.linux64_1.1.0.202410170702/tools/bin/../lib/gcc/arm-none-eabi/12.3.1/../../../../arm-none-eabi/lib/thumb/v7e-m+fp/hard/libc_nano.a(libc_a-malloc.o)
                0x0800a128                malloc
 .text.free     0x0800a138       0x10 /opt/st/stm32cubeide_1.17.0/plugins/com.st.stm32cube.ide.mcu.externaltools.gnu-tools-for-stm32.12.3.rel1.linux64_1.1.0.202410170702/tools/bin/../lib/gcc/arm-none-eabi/12.3.1/../../../../arm-none-eabi/lib/thumb/v7e-m+fp/hard/libc_nano.a(libc_a-malloc.o)
                0x0800a138                free
 .text.sbrk_aligned
                0x0800a148       0x44 /opt/st/stm32cubeide_1.17.0/plugins/com.st.stm32cube.ide.mcu.externaltools.gnu-tools-for-stm32.12.3.rel1.linux64_1.1.0.202410170702/tools/bin/../lib/gcc/arm-none-eabi/12.3.1/../../../../arm-none-eabi/lib/thumb/v7e-m+fp/hard/libc_nano.a(libc_a-mallocr.o)
 .text._malloc_r
                0x0800a18c      0x100 /opt/st/stm32cubeide_1.17.0/plugins/com.st.stm32cube.ide.mcu.externaltools.gnu-tools-for-stm32.12.3.rel1.linux64_1.1.0.202410170702/tools/bin/../lib/gcc/arm-none-eabi/12.3.1/../../../../arm-none-eabi/lib/thumb/v7e-m+fp/hard/libc_nano.a(libc_a-mallocr.o)
                0x0800a18c                _malloc_r
 .text.__malloc_lock
                0x0800a28c        0xc /opt/st/stm32cubeide_1.17.0/plugins/com.st.stm32cube.ide.mcu.externaltools.gnu-tools-for-stm32.12.3.rel1.linux64_1.1.0.202410170702/tools/bin/../lib/gcc/arm-none-eabi/12.3.1/../../../../arm-none-eabi/lib/thumb/v7e-m+fp/hard/libc_nano.a(libc_a-mlock.o)
                0x0800a28c                __malloc_lock
 .text.__malloc_unlock
                0x0800a298        0xc /opt/st/stm32cubeide_1.17.0/plugins/com.st.stm32cube.ide.mcu.externaltools.gnu-tools-for-stm32.12.3.rel1.linux64_1.1.0.202410170702/tools/bin/../lib/gcc/arm-none-eabi/12.3.1/../../../../arm-none-eabi/lib/thumb/v7e-m+fp/hard/libc_nano.a(libc_a-mlock.o)
                0x0800a298                __malloc_unlock
 .text.memset   0x0800a2a4       0x10 /opt/st/stm32cubeide_1.17.0/plugins/com.st.stm32cube.ide.mcu.externaltools.gnu-tools-for-stm32.12.3.rel1.linux64_1.1.0.202410170702/tools/bin/../lib/gcc/arm-none-eabi/12.3.1/../../../../arm-none-eabi/lib/thumb/v7e-m+fp/hard/libc_nano.a(libc_a-memset.o)
                0x0800a2a4                memset
 .text._sbrk_r  0x0800a2b4       0x20 /opt/st/stm32cubeide_1.17.0/plugins/com.st.stm32cube.ide.mcu.externaltools.gnu-tools-for-stm32.12.3.rel1.linux64_1.1.0.202410170702/tools/bin/../lib/gcc/arm-none-eabi/12.3.1/../../../../arm-none-eabi/lib/thumb/v7e-m+fp/hard/libc_nano.a(libc_a-sbrkr.o)
                0x0800a2b4                _sbrk_r
 .text.__errno  0x0800a2d4        0xc /opt/st/stm32cubeide_1.17.0/plugins/com.st.stm32cube.ide.mcu.externaltools.gnu-tools-for-stm32.12.3.rel1.linux64_1.1.0.202410170702/tools/bin/../lib/gcc/arm-none-eabi/12.3.1/../../../../arm-none-eabi/lib/thumb/v7e-m+fp/hard/libc_nano.a(libc_a-errno.o)
                0x0800a2d4                __errno
 .text.__libc_init_array
                0x0800a2e0       0x48 /opt/st/stm32cubeide_1.17.0/plugins/com.st.stm32cube.ide.mcu.externaltools.gnu-tools-for-stm32.12.3.rel1.linux64_1.1.0.202410170702/tools/bin/../lib/gcc/arm-none-eabi/12.3.1/../../../../arm-none-eabi/lib/thumb/v7e-m+fp/hard/libc_nano.a(libc_a-init.o)
                0x0800a2e0                __libc_init_array
 .text.__retarget_lock_acquire_recursive
                0x0800a328        0x2 /opt/st/stm32cubeide_1.17.0/plugins/com.st.stm32cube.ide.mcu.externaltools.gnu-tools-for-stm32.12.3.rel1.linux64_1.1.0.202410170702/tools/bin/../lib/gcc/arm-none-eabi/12.3.1/../../../../arm-none-eabi/lib/thumb/v7e-m+fp/hard/libc_nano.a(libc_a-lock.o)
                0x0800a328                __retarget_lock_acquire_recursive
 .text.__retarget_lock_release_recursive
                0x0800a32a        0x2 /opt/st/stm32cubeide_1.17.0/plugins/com.st.stm32cube.ide.mcu.externaltools.gnu-tools-for-stm32.12.3.rel1.linux64_1.1.0.202410170702/tools/bin/../lib/gcc/arm-none-eabi/12.3.1/../../../../arm-none-eabi/lib/thumb/v7e-m+fp/hard/libc_nano.a(libc_a-lock.o)
                0x0800a32a                __retarget_lock_release_recursive
 .text._free_r  0x0800a32c       0x94 /opt/st/stm32cubeide_1.17.0/plugins/com.st.stm32cube.ide.mcu.externaltools.gnu-tools-for-stm32.12.3.rel1.linux64_1.1.0.202410170702/tools/bin/../lib/gcc/arm-none-eabi/12.3.1/../../../../arm-none-eabi/lib/thumb/v7e-m+fp/hard/libc_nano.a(libc_a-freer.o)
                0x0800a32c                _free_r
 *(.glue_7)
 .glue_7        0x0800a3c0        0x0 linker stubs
 *(.glue_7t)
 .glue_7t       0x0800a3c0        0x0 linker stubs
 *(.eh_frame)
 .eh_frame      0x0800a3c0        0x0 /opt/st/stm32cubeide_1.17.0/plugins/com.st.stm32cube.ide.mcu.externaltools.gnu-tools-for-stm32.12.3.rel1.linux64_1.1.0.202410170702/tools/bin/../lib/gcc/arm-none-eabi/12.3.1/thumb/v7e-m+fp/hard/crtbegin.o
 *(.init)
 .init          0x0800a3c0        0x4 /opt/st/stm32cubeide_1.17.0/plugins/com.st.stm32cube.ide.mcu.externaltools.gnu-tools-for-stm32.12.3.rel1.linux64_1.1.0.202410170702/tools/bin/../lib/gcc/arm-none-eabi/12.3.1/thumb/v7e-m+fp/hard/crti.o
                0x0800a3c0                _init
 .init          0x0800a3c4        0x8 /opt/st/stm32cubeide_1.17.0/plugins/com.st.stm32cube.ide.mcu.externaltools.gnu-tools-for-stm32.12.3.rel1.linux64_1.1.0.202410170702/tools/bin/../lib/gcc/arm-none-eabi/12.3.1/thumb/v7e-m+fp/hard/crtn.o
 *(.fini)
 .fini          0x0800a3cc        0x4 /opt/st/stm32cubeide_1.17.0/plugins/com.st.stm32cube.ide.mcu.externaltools.gnu-tools-for-stm32.12.3.rel1.linux64_1.1.0.202410170702/tools/bin/../lib/gcc/arm-none-eabi/12.3.1/thumb/v7e-m+fp/hard/crti.o
                0x0800a3cc                _fini
 .fini          0x0800a3d0        0x8 /opt/st/stm32cubeide_1.17.0/plugins/com.st.stm32cube.ide.mcu.externaltools.gnu-tools-for-stm32.12.3.rel1.linux64_1.1.0.202410170702/tools/bin/../lib/gcc/arm-none-eabi/12.3.1/thumb/v7e-m+fp/hard/crtn.o
                0x0800a3d8                        . = ALIGN (0x4)
                0x0800a3d8                        _etext = .

.vfp11_veneer   0x0800a3d8        0x0
 .vfp11_veneer  0x0800a3d8        0x0 linker stubs

.v4_bx          0x0800a3d8        0x0
 .v4_bx         0x0800a3d8        0x0 linker stubs

.iplt           0x0800a3d8        0x0
 .iplt          0x0800a3d8        0x0 /opt/st/stm32cubeide_1.17.0/plugins/com.st.stm32cube.ide.mcu.externaltools.gnu-tools-for-stm32.12.3.rel1.linux64_1.1.0.202410170702/tools/bin/../lib/gcc/arm-none-eabi/12.3.1/thumb/v7e-m+fp/hard/crtbegin.o

.rodata         0x0800a3d8       0x24
                0x0800a3d8                        . = ALIGN (0x4)
 *(.rodata)
 .rodata        0x0800a3d8        0x4 ./Middlewares/ST/STM32_USB_Host_Library/Class/CDC/Src/usbh_cdc.o
 *(.rodata*)
 .rodata.AHBPrescTable
                0x0800a3dc       0x10 ./Core/Src/system_stm32f4xx.o
                0x0800a3dc                AHBPrescTable
 .rodata.APBPrescTable
                0x0800a3ec        0x8 ./Core/Src/system_stm32f4xx.o
                0x0800a3ec                APBPrescTable
 .rodata.flagBitshiftOffset.0
                0x0800a3f4        0x8 ./Drivers/STM32F4xx_HAL_Driver/Src/stm32f4xx_hal_dma.o
                0x0800a3fc                        . = ALIGN (0x4)

.ARM.extab      0x0800a3fc        0x0
                0x0800a3fc                        . = ALIGN (0x4)
 *(.ARM.extab* .gnu.linkonce.armextab.*)
                0x0800a3fc                        . = ALIGN (0x4)

.ARM            0x0800a3fc        0x8
                0x0800a3fc                        . = ALIGN (0x4)
                0x0800a3fc                        __exidx_start = .
 *(.ARM.exidx*)
 .ARM.exidx     0x0800a3fc        0x8 /opt/st/stm32cubeide_1.17.0/plugins/com.st.stm32cube.ide.mcu.externaltools.gnu-tools-for-stm32.12.3.rel1.linux64_1.1.0.202410170702/tools/bin/../lib/gcc/arm-none-eabi/12.3.1/thumb/v7e-m+fp/hard/libgcc.a(_udivmoddi4.o)
                0x0800a404                        __exidx_end = .
                0x0800a404                        . = ALIGN (0x4)

.preinit_array  0x0800a404        0x0
                0x0800a404                        . = ALIGN (0x4)
                0x0800a404                        PROVIDE (__preinit_array_start = .)
 *(.preinit_array*)
                0x0800a404                        PROVIDE (__preinit_array_end = .)
                0x0800a404                        . = ALIGN (0x4)

.init_array     0x0800a404        0x4
                0x0800a404                        . = ALIGN (0x4)
                0x0800a404                        PROVIDE (__init_array_start = .)
 *(SORT_BY_NAME(.init_array.*))
 *(.init_array*)
 .init_array    0x0800a404        0x4 /opt/st/stm32cubeide_1.17.0/plugins/com.st.stm32cube.ide.mcu.externaltools.gnu-tools-for-stm32.12.3.rel1.linux64_1.1.0.202410170702/tools/bin/../lib/gcc/arm-none-eabi/12.3.1/thumb/v7e-m+fp/hard/crtbegin.o
                0x0800a408                        PROVIDE (__init_array_end = .)
                0x0800a408                        . = ALIGN (0x4)

.fini_array     0x0800a408        0x4
                0x0800a408                        . = ALIGN (0x4)
                [!provide]                        PROVIDE (__fini_array_start = .)
 *(SORT_BY_NAME(.fini_array.*))
 *(.fini_array*)
 .fini_array    0x0800a408        0x4 /opt/st/stm32cubeide_1.17.0/plugins/com.st.stm32cube.ide.mcu.externaltools.gnu-tools-for-stm32.12.3.rel1.linux64_1.1.0.202410170702/tools/bin/../lib/gcc/arm-none-eabi/12.3.1/thumb/v7e-m+fp/hard/crtbegin.o
                [!provide]                        PROVIDE (__fini_array_end = .)
                0x0800a40c                        . = ALIGN (0x4)
                0x0800a40c                        _sidata = LOADADDR (.data)

.rel.dyn        0x0800a40c        0x0
 .rel.iplt      0x0800a40c        0x0 /opt/st/stm32cubeide_1.17.0/plugins/com.st.stm32cube.ide.mcu.externaltools.gnu-tools-for-stm32.12.3.rel1.linux64_1.1.0.202410170702/tools/bin/../lib/gcc/arm-none-eabi/12.3.1/thumb/v7e-m+fp/hard/crtbegin.o

.data           0x20000000      0x87c load address 0x0800a40c
                0x20000000                        . = ALIGN (0x4)
                0x20000000                        _sdata = .
 *(.data)
 *(.data*)
 .data.firCoeffs
                0x20000000      0x800 ./Core/Src/main.o
                0x20000000                firCoeffs
 .data.SystemCoreClock
                0x20000800        0x4 ./Core/Src/system_stm32f4xx.o
                0x20000800                SystemCoreClock
 .data.uwTickPrio
                0x20000804        0x4 ./Drivers/STM32F4xx_HAL_Driver/Src/stm32f4xx_hal.o
                0x20000804                uwTickPrio
 .data.uwTickFreq
                0x20000808        0x1 ./Drivers/STM32F4xx_HAL_Driver/Src/stm32f4xx_hal.o
                0x20000808                uwTickFreq
 *fill*         0x20000809        0x3 
 .data.CDC_Class
                0x2000080c       0x20 ./Middlewares/ST/STM32_USB_Host_Library/Class/CDC/Src/usbh_cdc.o
                0x2000080c                CDC_Class
 .data._impure_ptr
                0x2000082c        0x4 /opt/st/stm32cubeide_1.17.0/plugins/com.st.stm32cube.ide.mcu.externaltools.gnu-tools-for-stm32.12.3.rel1.linux64_1.1.0.202410170702/tools/bin/../lib/gcc/arm-none-eabi/12.3.1/../../../../arm-none-eabi/lib/thumb/v7e-m+fp/hard/libc_nano.a(libc_a-impure.o)
                0x2000082c                _impure_ptr
 .data._impure_data
                0x20000830       0x4c /opt/st/stm32cubeide_1.17.0/plugins/com.st.stm32cube.ide.mcu.externaltools.gnu-tools-for-stm32.12.3.rel1.linux64_1.1.0.202410170702/tools/bin/../lib/gcc/arm-none-eabi/12.3.1/../../../../arm-none-eabi/lib/thumb/v7e-m+fp/hard/libc_nano.a(libc_a-impure.o)
                0x20000830                _impure_data
 *(.RamFunc)
 *(.RamFunc*)
                0x2000087c                        . = ALIGN (0x4)
                0x2000087c                        _edata = .
                0x0800ac88                        _siccmram = LOADADDR (.ccmram)

.igot.plt       0x2000087c        0x0 load address 0x0800ac88
 .igot.plt      0x2000087c        0x0 /opt/st/stm32cubeide_1.17.0/plugins/com.st.stm32cube.ide.mcu.externaltools.gnu-tools-for-stm32.12.3.rel1.linux64_1.1.0.202410170702/tools/bin/../lib/gcc/arm-none-eabi/12.3.1/thumb/v7e-m+fp/hard/crtbegin.o

.ccmram         0x10000000        0x0 load address 0x0800ac88
                0x10000000                        . = ALIGN (0x4)
                0x10000000                        _sccmram = .
 *(.ccmram)
 *(.ccmram*)
                0x10000000                        . = ALIGN (0x4)
                0x10000000                        _eccmram = .
                0x10000000                        . = ALIGN (0x4)

.bss            0x2000087c     0x2580
                0x2000087c                        _sbss = .
                0x2000087c                        __bss_start__ = _sbss
 *(.bss)
 .bss           0x2000087c       0x1c /opt/st/stm32cubeide_1.17.0/plugins/com.st.stm32cube.ide.mcu.externaltools.gnu-tools-for-stm32.12.3.rel1.linux64_1.1.0.202410170702/tools/bin/../lib/gcc/arm-none-eabi/12.3.1/thumb/v7e-m+fp/hard/crtbegin.o
 *(.bss*)
 .bss.hadc1     0x20000898       0x48 ./Core/Src/adc.o
                0x20000898                hadc1
 .bss.hdma_adc1
                0x200008e0       0x60 ./Core/Src/adc.o
                0x200008e0                hdma_adc1
 .bss.hi2c1     0x20000940       0x54 ./Core/Src/i2c.o
                0x20000940                hi2c1
 .bss.hi2s3     0x20000994       0x48 ./Core/Src/i2s.o
                0x20000994                hi2s3
 .bss.hdma_spi3_tx
                0x200009dc       0x60 ./Core/Src/i2s.o
                0x200009dc                hdma_spi3_tx
 .bss.adc_signal
                0x20000a3c      0x400 ./Core/Src/main.o
                0x20000a3c                adc_signal
 .bss.fx_ready  0x20000e3c        0x1 ./Core/Src/main.o
                0x20000e3c                fx_ready
 *fill*         0x20000e3d        0x3 
 .bss.last_systick
                0x20000e40        0x4 ./Core/Src/main.o
                0x20000e40                last_systick
 .bss.conv_signal
                0x20000e44      0x400 ./Core/Src/main.o
                0x20000e44                conv_signal
 .bss.filtered_signal
                0x20001244      0x400 ./Core/Src/main.o
                0x20001244                filtered_signal
 .bss.gained_signal
                0x20001644      0x400 ./Core/Src/main.o
                0x20001644                gained_signal
 .bss.firCoeffsQ15
                0x20001a44      0x400 ./Core/Src/main.o
                0x20001a44                firCoeffsQ15
 .bss.firStateQ15
                0x20001e44      0x5fe ./Core/Src/main.o
                0x20001e44                firStateQ15
 *fill*         0x20002442        0x2 
 .bss.S         0x20002444        0xc ./Core/Src/main.o
                0x20002444                S
 .bss.hspi1     0x20002450       0x58 ./Core/Src/spi.o
                0x20002450                hspi1
 .bss.__sbrk_heap_end
                0x200024a8        0x4 ./Core/Src/sysmem.o
 .bss.htim2     0x200024ac       0x48 ./Core/Src/tim.o
                0x200024ac                htim2
 .bss.uwTick    0x200024f4        0x4 ./Drivers/STM32F4xx_HAL_Driver/Src/stm32f4xx_hal.o
                0x200024f4                uwTick
 .bss.hUsbHostFS
                0x200024f8      0x3d8 ./USB_HOST/App/usb_host.o
                0x200024f8                hUsbHostFS
 .bss.Appli_state
                0x200028d0        0x1 ./USB_HOST/App/usb_host.o
                0x200028d0                Appli_state
 *fill*         0x200028d1        0x3 
 .bss.hhcd_USB_OTG_FS
                0x200028d4      0x3e0 ./USB_HOST/Target/usbh_conf.o
                0x200028d4                hhcd_USB_OTG_FS
 .bss.__malloc_sbrk_start
                0x20002cb4        0x4 /opt/st/stm32cubeide_1.17.0/plugins/com.st.stm32cube.ide.mcu.externaltools.gnu-tools-for-stm32.12.3.rel1.linux64_1.1.0.202410170702/tools/bin/../lib/gcc/arm-none-eabi/12.3.1/../../../../arm-none-eabi/lib/thumb/v7e-m+fp/hard/libc_nano.a(libc_a-mallocr.o)
                0x20002cb4                __malloc_sbrk_start
 .bss.__malloc_free_list
                0x20002cb8        0x4 /opt/st/stm32cubeide_1.17.0/plugins/com.st.stm32cube.ide.mcu.externaltools.gnu-tools-for-stm32.12.3.rel1.linux64_1.1.0.202410170702/tools/bin/../lib/gcc/arm-none-eabi/12.3.1/../../../../arm-none-eabi/lib/thumb/v7e-m+fp/hard/libc_nano.a(libc_a-mallocr.o)
                0x20002cb8                __malloc_free_list
 .bss.__sf      0x20002cbc      0x138 /opt/st/stm32cubeide_1.17.0/plugins/com.st.stm32cube.ide.mcu.externaltools.gnu-tools-for-stm32.12.3.rel1.linux64_1.1.0.202410170702/tools/bin/../lib/gcc/arm-none-eabi/12.3.1/../../../../arm-none-eabi/lib/thumb/v7e-m+fp/hard/libc_nano.a(libc_a-findfp.o)
                0x20002cbc                __sf
 .bss.errno     0x20002df4        0x4 /opt/st/stm32cubeide_1.17.0/plugins/com.st.stm32cube.ide.mcu.externaltools.gnu-tools-for-stm32.12.3.rel1.linux64_1.1.0.202410170702/tools/bin/../lib/gcc/arm-none-eabi/12.3.1/../../../../arm-none-eabi/lib/thumb/v7e-m+fp/hard/libc_nano.a(libc_a-reent.o)
                0x20002df4                errno
 .bss.__lock___malloc_recursive_mutex
                0x20002df8        0x1 /opt/st/stm32cubeide_1.17.0/plugins/com.st.stm32cube.ide.mcu.externaltools.gnu-tools-for-stm32.12.3.rel1.linux64_1.1.0.202410170702/tools/bin/../lib/gcc/arm-none-eabi/12.3.1/../../../../arm-none-eabi/lib/thumb/v7e-m+fp/hard/libc_nano.a(libc_a-lock.o)
                0x20002df8                __lock___malloc_recursive_mutex
 *(COMMON)
                0x20002dfc                        . = ALIGN (0x4)
 *fill*         0x20002df9        0x3 
                0x20002dfc                        _ebss = .
                0x20002dfc                        __bss_end__ = _ebss

._user_heap_stack
                0x20002dfc      0x604
                0x20002e00                        . = ALIGN (0x8)
 *fill*         0x20002dfc        0x4 
                [!provide]                        PROVIDE (end = .)
                0x20002e00                        PROVIDE (_end = .)
                0x20003000                        . = (. + _Min_Heap_Size)
 *fill*         0x20002e00      0x200 
                0x20003400                        . = (. + _Min_Stack_Size)
 *fill*         0x20003000      0x400 
                0x20003400                        . = ALIGN (0x8)

/DISCARD/
 libc.a(*)
 libm.a(*)
 libgcc.a(*)

.ARM.attributes
                0x00000000       0x30
 *(.ARM.attributes)
 .ARM.attributes
                0x00000000       0x22 /opt/st/stm32cubeide_1.17.0/plugins/com.st.stm32cube.ide.mcu.externaltools.gnu-tools-for-stm32.12.3.rel1.linux64_1.1.0.202410170702/tools/bin/../lib/gcc/arm-none-eabi/12.3.1/thumb/v7e-m+fp/hard/crti.o
 .ARM.attributes
                0x00000022       0x34 /opt/st/stm32cubeide_1.17.0/plugins/com.st.stm32cube.ide.mcu.externaltools.gnu-tools-for-stm32.12.3.rel1.linux64_1.1.0.202410170702/tools/bin/../lib/gcc/arm-none-eabi/12.3.1/thumb/v7e-m+fp/hard/crtbegin.o
 .ARM.attributes
                0x00000056       0x34 ./Core/Src/adc.o
 .ARM.attributes
                0x0000008a       0x34 ./Core/Src/audio.o
 .ARM.attributes
                0x000000be       0x34 ./Core/Src/dma.o
 .ARM.attributes
                0x000000f2       0x34 ./Core/Src/gpio.o
 .ARM.attributes
                0x00000126       0x34 ./Core/Src/i2c.o
 .ARM.attributes
                0x0000015a       0x34 ./Core/Src/i2s.o
 .ARM.attributes
                0x0000018e       0x34 ./Core/Src/main.o
 .ARM.attributes
                0x000001c2       0x34 ./Core/Src/spi.o
 .ARM.attributes
                0x000001f6       0x34 ./Core/Src/stm32f4xx_hal_msp.o
 .ARM.attributes
                0x0000022a       0x34 ./Core/Src/stm32f4xx_it.o
 .ARM.attributes
                0x0000025e       0x34 ./Core/Src/sysmem.o
 .ARM.attributes
                0x00000292       0x34 ./Core/Src/system_stm32f4xx.o
 .ARM.attributes
                0x000002c6       0x34 ./Core/Src/tim.o
 .ARM.attributes
                0x000002fa       0x21 ./Core/Startup/startup_stm32f407vgtx.o
 .ARM.attributes
                0x0000031b       0x34 ./Drivers/STM32F4xx_HAL_Driver/Src/stm32f4xx_hal.o
 .ARM.attributes
                0x0000034f       0x34 ./Drivers/STM32F4xx_HAL_Driver/Src/stm32f4xx_hal_adc.o
 .ARM.attributes
                0x00000383       0x34 ./Drivers/STM32F4xx_HAL_Driver/Src/stm32f4xx_hal_cortex.o
 .ARM.attributes
                0x000003b7       0x34 ./Drivers/STM32F4xx_HAL_Driver/Src/stm32f4xx_hal_dma.o
 .ARM.attributes
                0x000003eb       0x34 ./Drivers/STM32F4xx_HAL_Driver/Src/stm32f4xx_hal_gpio.o
 .ARM.attributes
                0x0000041f       0x34 ./Drivers/STM32F4xx_HAL_Driver/Src/stm32f4xx_hal_hcd.o
 .ARM.attributes
                0x00000453       0x34 ./Drivers/STM32F4xx_HAL_Driver/Src/stm32f4xx_hal_i2c.o
 .ARM.attributes
                0x00000487       0x34 ./Drivers/STM32F4xx_HAL_Driver/Src/stm32f4xx_hal_i2s.o
 .ARM.attributes
                0x000004bb       0x34 ./Drivers/STM32F4xx_HAL_Driver/Src/stm32f4xx_hal_i2s_ex.o
 .ARM.attributes
                0x000004ef       0x34 ./Drivers/STM32F4xx_HAL_Driver/Src/stm32f4xx_hal_rcc.o
 .ARM.attributes
                0x00000523       0x34 ./Drivers/STM32F4xx_HAL_Driver/Src/stm32f4xx_hal_rcc_ex.o
 .ARM.attributes
                0x00000557       0x34 ./Drivers/STM32F4xx_HAL_Driver/Src/stm32f4xx_hal_spi.o
 .ARM.attributes
                0x0000058b       0x34 ./Drivers/STM32F4xx_HAL_Driver/Src/stm32f4xx_hal_tim.o
 .ARM.attributes
                0x000005bf       0x34 ./Drivers/STM32F4xx_HAL_Driver/Src/stm32f4xx_hal_tim_ex.o
 .ARM.attributes
                0x000005f3       0x34 ./Drivers/STM32F4xx_HAL_Driver/Src/stm32f4xx_ll_usb.o
 .ARM.attributes
                0x00000627       0x34 ./Middlewares/ST/STM32_USB_Host_Library/Class/CDC/Src/usbh_cdc.o
 .ARM.attributes
                0x0000065b       0x34 ./Middlewares/ST/STM32_USB_Host_Library/Core/Src/usbh_core.o
 .ARM.attributes
                0x0000068f       0x34 ./Middlewares/ST/STM32_USB_Host_Library/Core/Src/usbh_ctlreq.o
 .ARM.attributes
                0x000006c3       0x34 ./Middlewares/ST/STM32_USB_Host_Library/Core/Src/usbh_ioreq.o
 .ARM.attributes
                0x000006f7       0x34 ./Middlewares/ST/STM32_USB_Host_Library/Core/Src/usbh_pipes.o
 .ARM.attributes
                0x0000072b       0x34 ./USB_HOST/App/usb_host.o
 .ARM.attributes
                0x0000075f       0x34 ./USB_HOST/Target/usbh_conf.o
 .ARM.attributes
                0x00000793       0x34 ./USB_HOST/Target/usbh_platform.o
 .ARM.attributes
                0x000007c7       0x39 ../libs/libarm_cortexM4lf_math.a(arm_float_to_q15.o)
 .ARM.attributes
                0x00000800       0x39 ../libs/libarm_cortexM4lf_math.a(arm_fir_q15.o)
 .ARM.attributes
                0x00000839       0x39 ../libs/libarm_cortexM4lf_math.a(arm_fir_init_q15.o)
 .ARM.attributes
                0x00000872       0x34 /opt/st/stm32cubeide_1.17.0/plugins/com.st.stm32cube.ide.mcu.externaltools.gnu-tools-for-stm32.12.3.rel1.linux64_1.1.0.202410170702/tools/bin/../lib/gcc/arm-none-eabi/12.3.1/../../../../arm-none-eabi/lib/thumb/v7e-m+fp/hard/libc_nano.a(libc_a-malloc.o)
 .ARM.attributes
                0x000008a6       0x34 /opt/st/stm32cubeide_1.17.0/plugins/com.st.stm32cube.ide.mcu.externaltools.gnu-tools-for-stm32.12.3.rel1.linux64_1.1.0.202410170702/tools/bin/../lib/gcc/arm-none-eabi/12.3.1/../../../../arm-none-eabi/lib/thumb/v7e-m+fp/hard/libc_nano.a(libc_a-mallocr.o)
 .ARM.attributes
                0x000008da       0x34 /opt/st/stm32cubeide_1.17.0/plugins/com.st.stm32cube.ide.mcu.externaltools.gnu-tools-for-stm32.12.3.rel1.linux64_1.1.0.202410170702/tools/bin/../lib/gcc/arm-none-eabi/12.3.1/../../../../arm-none-eabi/lib/thumb/v7e-m+fp/hard/libc_nano.a(libc_a-mlock.o)
 .ARM.attributes
                0x0000090e       0x34 /opt/st/stm32cubeide_1.17.0/plugins/com.st.stm32cube.ide.mcu.externaltools.gnu-tools-for-stm32.12.3.rel1.linux64_1.1.0.202410170702/tools/bin/../lib/gcc/arm-none-eabi/12.3.1/../../../../arm-none-eabi/lib/thumb/v7e-m+fp/hard/libc_nano.a(libc_a-findfp.o)
 .ARM.attributes
                0x00000942       0x34 /opt/st/stm32cubeide_1.17.0/plugins/com.st.stm32cube.ide.mcu.externaltools.gnu-tools-for-stm32.12.3.rel1.linux64_1.1.0.202410170702/tools/bin/../lib/gcc/arm-none-eabi/12.3.1/../../../../arm-none-eabi/lib/thumb/v7e-m+fp/hard/libc_nano.a(libc_a-memset.o)
 .ARM.attributes
                0x00000976       0x34 /opt/st/stm32cubeide_1.17.0/plugins/com.st.stm32cube.ide.mcu.externaltools.gnu-tools-for-stm32.12.3.rel1.linux64_1.1.0.202410170702/tools/bin/../lib/gcc/arm-none-eabi/12.3.1/../../../../arm-none-eabi/lib/thumb/v7e-m+fp/hard/libc_nano.a(libc_a-reent.o)
 .ARM.attributes
                0x000009aa       0x34 /opt/st/stm32cubeide_1.17.0/plugins/com.st.stm32cube.ide.mcu.externaltools.gnu-tools-for-stm32.12.3.rel1.linux64_1.1.0.202410170702/tools/bin/../lib/gcc/arm-none-eabi/12.3.1/../../../../arm-none-eabi/lib/thumb/v7e-m+fp/hard/libc_nano.a(libc_a-impure.o)
 .ARM.attributes
                0x000009de       0x34 /opt/st/stm32cubeide_1.17.0/plugins/com.st.stm32cube.ide.mcu.externaltools.gnu-tools-for-stm32.12.3.rel1.linux64_1.1.0.202410170702/tools/bin/../lib/gcc/arm-none-eabi/12.3.1/../../../../arm-none-eabi/lib/thumb/v7e-m+fp/hard/libc_nano.a(libc_a-sbrkr.o)
 .ARM.attributes
                0x00000a12       0x34 /opt/st/stm32cubeide_1.17.0/plugins/com.st.stm32cube.ide.mcu.externaltools.gnu-tools-for-stm32.12.3.rel1.linux64_1.1.0.202410170702/tools/bin/../lib/gcc/arm-none-eabi/12.3.1/../../../../arm-none-eabi/lib/thumb/v7e-m+fp/hard/libc_nano.a(libc_a-errno.o)
 .ARM.attributes
                0x00000a46       0x34 /opt/st/stm32cubeide_1.17.0/plugins/com.st.stm32cube.ide.mcu.externaltools.gnu-tools-for-stm32.12.3.rel1.linux64_1.1.0.202410170702/tools/bin/../lib/gcc/arm-none-eabi/12.3.1/../../../../arm-none-eabi/lib/thumb/v7e-m+fp/hard/libc_nano.a(libc_a-init.o)
 .ARM.attributes
                0x00000a7a       0x34 /opt/st/stm32cubeide_1.17.0/plugins/com.st.stm32cube.ide.mcu.externaltools.gnu-tools-for-stm32.12.3.rel1.linux64_1.1.0.202410170702/tools/bin/../lib/gcc/arm-none-eabi/12.3.1/../../../../arm-none-eabi/lib/thumb/v7e-m+fp/hard/libc_nano.a(libc_a-lock.o)
 .ARM.attributes
                0x00000aae       0x34 /opt/st/stm32cubeide_1.17.0/plugins/com.st.stm32cube.ide.mcu.externaltools.gnu-tools-for-stm32.12.3.rel1.linux64_1.1.0.202410170702/tools/bin/../lib/gcc/arm-none-eabi/12.3.1/../../../../arm-none-eabi/lib/thumb/v7e-m+fp/hard/libc_nano.a(libc_a-freer.o)
 .ARM.attributes
                0x00000ae2       0x22 /opt/st/stm32cubeide_1.17.0/plugins/com.st.stm32cube.ide.mcu.externaltools.gnu-tools-for-stm32.12.3.rel1.linux64_1.1.0.202410170702/tools/bin/../lib/gcc/arm-none-eabi/12.3.1/thumb/v7e-m+fp/hard/libgcc.a(_aeabi_uldivmod.o)
 .ARM.attributes
                0x00000b04       0x34 /opt/st/stm32cubeide_1.17.0/plugins/com.st.stm32cube.ide.mcu.externaltools.gnu-tools-for-stm32.12.3.rel1.linux64_1.1.0.202410170702/tools/bin/../lib/gcc/arm-none-eabi/12.3.1/thumb/v7e-m+fp/hard/libgcc.a(_udivmoddi4.o)
 .ARM.attributes
                0x00000b38       0x22 /opt/st/stm32cubeide_1.17.0/plugins/com.st.stm32cube.ide.mcu.externaltools.gnu-tools-for-stm32.12.3.rel1.linux64_1.1.0.202410170702/tools/bin/../lib/gcc/arm-none-eabi/12.3.1/thumb/v7e-m+fp/hard/libgcc.a(_dvmd_tls.o)
 .ARM.attributes
                0x00000b5a       0x22 /opt/st/stm32cubeide_1.17.0/plugins/com.st.stm32cube.ide.mcu.externaltools.gnu-tools-for-stm32.12.3.rel1.linux64_1.1.0.202410170702/tools/bin/../lib/gcc/arm-none-eabi/12.3.1/thumb/v7e-m+fp/hard/crtn.o
OUTPUT(Projekt_DOS.elf elf32-littlearm)
LOAD linker stubs
LOAD /opt/st/stm32cubeide_1.17.0/plugins/com.st.stm32cube.ide.mcu.externaltools.gnu-tools-for-stm32.12.3.rel1.linux64_1.1.0.202410170702/tools/bin/../lib/gcc/arm-none-eabi/12.3.1/../../../../arm-none-eabi/lib/thumb/v7e-m+fp/hard/libc.a
LOAD /opt/st/stm32cubeide_1.17.0/plugins/com.st.stm32cube.ide.mcu.externaltools.gnu-tools-for-stm32.12.3.rel1.linux64_1.1.0.202410170702/tools/bin/../lib/gcc/arm-none-eabi/12.3.1/../../../../arm-none-eabi/lib/thumb/v7e-m+fp/hard/libm.a
LOAD /opt/st/stm32cubeide_1.17.0/plugins/com.st.stm32cube.ide.mcu.externaltools.gnu-tools-for-stm32.12.3.rel1.linux64_1.1.0.202410170702/tools/bin/../lib/gcc/arm-none-eabi/12.3.1/thumb/v7e-m+fp/hard/libgcc.a

.debug_info     0x00000000    0x1e71b
 .debug_info    0x00000000      0x9d5 ./Core/Src/adc.o
 .debug_info    0x000009d5      0x74b ./Core/Src/audio.o
 .debug_info    0x00001120      0x4c6 ./Core/Src/dma.o
 .debug_info    0x000015e6      0x459 ./Core/Src/gpio.o
 .debug_info    0x00001a3f      0x968 ./Core/Src/i2c.o
 .debug_info    0x000023a7      0xa64 ./Core/Src/i2s.o
 .debug_info    0x00002e0b     0x18b0 ./Core/Src/main.o
 .debug_info    0x000046bb      0x94d ./Core/Src/spi.o
 .debug_info    0x00005008      0x27c ./Core/Src/stm32f4xx_hal_msp.o
 .debug_info    0x00005284      0x929 ./Core/Src/stm32f4xx_it.o
 .debug_info    0x00005bad      0x168 ./Core/Src/sysmem.o
 .debug_info    0x00005d15      0x512 ./Core/Src/system_stm32f4xx.o
 .debug_info    0x00006227      0x994 ./Core/Src/tim.o
 .debug_info    0x00006bbb       0x30 ./Core/Startup/startup_stm32f407vgtx.o
 .debug_info    0x00006beb      0x944 ./Drivers/STM32F4xx_HAL_Driver/Src/stm32f4xx_hal.o
 .debug_info    0x0000752f      0xcd4 ./Drivers/STM32F4xx_HAL_Driver/Src/stm32f4xx_hal_adc.o
 .debug_info    0x00008203      0xd8c ./Drivers/STM32F4xx_HAL_Driver/Src/stm32f4xx_hal_cortex.o
 .debug_info    0x00008f8f      0x8e7 ./Drivers/STM32F4xx_HAL_Driver/Src/stm32f4xx_hal_dma.o
 .debug_info    0x00009876      0x6c3 ./Drivers/STM32F4xx_HAL_Driver/Src/stm32f4xx_hal_gpio.o
 .debug_info    0x00009f39     0x114c ./Drivers/STM32F4xx_HAL_Driver/Src/stm32f4xx_hal_hcd.o
 .debug_info    0x0000b085     0x2415 ./Drivers/STM32F4xx_HAL_Driver/Src/stm32f4xx_hal_i2c.o
 .debug_info    0x0000d49a      0xdf8 ./Drivers/STM32F4xx_HAL_Driver/Src/stm32f4xx_hal_i2s.o
 .debug_info    0x0000e292      0xa9f ./Drivers/STM32F4xx_HAL_Driver/Src/stm32f4xx_hal_i2s_ex.o
 .debug_info    0x0000ed31      0x8af ./Drivers/STM32F4xx_HAL_Driver/Src/stm32f4xx_hal_rcc.o
 .debug_info    0x0000f5e0      0x536 ./Drivers/STM32F4xx_HAL_Driver/Src/stm32f4xx_hal_rcc_ex.o
 .debug_info    0x0000fb16     0x1525 ./Drivers/STM32F4xx_HAL_Driver/Src/stm32f4xx_hal_spi.o
 .debug_info    0x0001103b     0x299d ./Drivers/STM32F4xx_HAL_Driver/Src/stm32f4xx_hal_tim.o
 .debug_info    0x000139d8     0x14db ./Drivers/STM32F4xx_HAL_Driver/Src/stm32f4xx_hal_tim_ex.o
 .debug_info    0x00014eb3     0x1993 ./Drivers/STM32F4xx_HAL_Driver/Src/stm32f4xx_ll_usb.o
 .debug_info    0x00016846     0x1470 ./Middlewares/ST/STM32_USB_Host_Library/Class/CDC/Src/usbh_cdc.o
 .debug_info    0x00017cb6      0xfb2 ./Middlewares/ST/STM32_USB_Host_Library/Core/Src/usbh_core.o
 .debug_info    0x00018c68      0xfa6 ./Middlewares/ST/STM32_USB_Host_Library/Core/Src/usbh_ctlreq.o
 .debug_info    0x00019c0e      0xc2b ./Middlewares/ST/STM32_USB_Host_Library/Core/Src/usbh_ioreq.o
 .debug_info    0x0001a839      0xa8e ./Middlewares/ST/STM32_USB_Host_Library/Core/Src/usbh_pipes.o
 .debug_info    0x0001b2c7      0xa10 ./USB_HOST/App/usb_host.o
 .debug_info    0x0001bcd7     0x1ce6 ./USB_HOST/Target/usbh_conf.o
 .debug_info    0x0001d9bd      0x1d8 ./USB_HOST/Target/usbh_platform.o
 .debug_info    0x0001db95      0x24d ../libs/libarm_cortexM4lf_math.a(arm_float_to_q15.o)
 .debug_info    0x0001dde2      0x71d ../libs/libarm_cortexM4lf_math.a(arm_fir_q15.o)
 .debug_info    0x0001e4ff      0x21c ../libs/libarm_cortexM4lf_math.a(arm_fir_init_q15.o)

.debug_abbrev   0x00000000     0x52a2
 .debug_abbrev  0x00000000      0x205 ./Core/Src/adc.o
 .debug_abbrev  0x00000205      0x18f ./Core/Src/audio.o
 .debug_abbrev  0x00000394      0x11b ./Core/Src/dma.o
 .debug_abbrev  0x000004af      0x152 ./Core/Src/gpio.o
 .debug_abbrev  0x00000601      0x1f1 ./Core/Src/i2c.o
 .debug_abbrev  0x000007f2      0x202 ./Core/Src/i2s.o
 .debug_abbrev  0x000009f4      0x337 ./Core/Src/main.o
 .debug_abbrev  0x00000d2b      0x1fa ./Core/Src/spi.o
 .debug_abbrev  0x00000f25       0xf4 ./Core/Src/stm32f4xx_hal_msp.o
 .debug_abbrev  0x00001019      0x1d2 ./Core/Src/stm32f4xx_it.o
 .debug_abbrev  0x000011eb       0xbc ./Core/Src/sysmem.o
 .debug_abbrev  0x000012a7      0x11a ./Core/Src/system_stm32f4xx.o
 .debug_abbrev  0x000013c1      0x1d8 ./Core/Src/tim.o
 .debug_abbrev  0x00001599       0x24 ./Core/Startup/startup_stm32f407vgtx.o
 .debug_abbrev  0x000015bd      0x214 ./Drivers/STM32F4xx_HAL_Driver/Src/stm32f4xx_hal.o
 .debug_abbrev  0x000017d1      0x252 ./Drivers/STM32F4xx_HAL_Driver/Src/stm32f4xx_hal_adc.o
 .debug_abbrev  0x00001a23      0x31d ./Drivers/STM32F4xx_HAL_Driver/Src/stm32f4xx_hal_cortex.o
 .debug_abbrev  0x00001d40      0x264 ./Drivers/STM32F4xx_HAL_Driver/Src/stm32f4xx_hal_dma.o
 .debug_abbrev  0x00001fa4      0x1d4 ./Drivers/STM32F4xx_HAL_Driver/Src/stm32f4xx_hal_gpio.o
 .debug_abbrev  0x00002178      0x296 ./Drivers/STM32F4xx_HAL_Driver/Src/stm32f4xx_hal_hcd.o
 .debug_abbrev  0x0000240e      0x2ad ./Drivers/STM32F4xx_HAL_Driver/Src/stm32f4xx_hal_i2c.o
 .debug_abbrev  0x000026bb      0x256 ./Drivers/STM32F4xx_HAL_Driver/Src/stm32f4xx_hal_i2s.o
 .debug_abbrev  0x00002911      0x276 ./Drivers/STM32F4xx_HAL_Driver/Src/stm32f4xx_hal_i2s_ex.o
 .debug_abbrev  0x00002b87      0x2b7 ./Drivers/STM32F4xx_HAL_Driver/Src/stm32f4xx_hal_rcc.o
 .debug_abbrev  0x00002e3e      0x1b0 ./Drivers/STM32F4xx_HAL_Driver/Src/stm32f4xx_hal_rcc_ex.o
 .debug_abbrev  0x00002fee      0x27a ./Drivers/STM32F4xx_HAL_Driver/Src/stm32f4xx_hal_spi.o
 .debug_abbrev  0x00003268      0x278 ./Drivers/STM32F4xx_HAL_Driver/Src/stm32f4xx_hal_tim.o
 .debug_abbrev  0x000034e0      0x283 ./Drivers/STM32F4xx_HAL_Driver/Src/stm32f4xx_hal_tim_ex.o
 .debug_abbrev  0x00003763      0x2b3 ./Drivers/STM32F4xx_HAL_Driver/Src/stm32f4xx_ll_usb.o
 .debug_abbrev  0x00003a16      0x33c ./Middlewares/ST/STM32_USB_Host_Library/Class/CDC/Src/usbh_cdc.o
 .debug_abbrev  0x00003d52      0x32a ./Middlewares/ST/STM32_USB_Host_Library/Core/Src/usbh_core.o
 .debug_abbrev  0x0000407c      0x2ff ./Middlewares/ST/STM32_USB_Host_Library/Core/Src/usbh_ctlreq.o
 .debug_abbrev  0x0000437b      0x245 ./Middlewares/ST/STM32_USB_Host_Library/Core/Src/usbh_ioreq.o
 .debug_abbrev  0x000045c0      0x281 ./Middlewares/ST/STM32_USB_Host_Library/Core/Src/usbh_pipes.o
 .debug_abbrev  0x00004841      0x26e ./USB_HOST/App/usb_host.o
 .debug_abbrev  0x00004aaf      0x3c2 ./USB_HOST/Target/usbh_conf.o
 .debug_abbrev  0x00004e71      0x114 ./USB_HOST/Target/usbh_platform.o
 .debug_abbrev  0x00004f85       0xa8 ../libs/libarm_cortexM4lf_math.a(arm_float_to_q15.o)
 .debug_abbrev  0x0000502d      0x175 ../libs/libarm_cortexM4lf_math.a(arm_fir_q15.o)
 .debug_abbrev  0x000051a2      0x100 ../libs/libarm_cortexM4lf_math.a(arm_fir_init_q15.o)

.debug_aranges  0x00000000     0x19b8
 .debug_aranges
                0x00000000       0x30 ./Core/Src/adc.o
 .debug_aranges
                0x00000030       0x28 ./Core/Src/audio.o
 .debug_aranges
                0x00000058       0x20 ./Core/Src/dma.o
 .debug_aranges
                0x00000078       0x20 ./Core/Src/gpio.o
 .debug_aranges
                0x00000098       0x30 ./Core/Src/i2c.o
 .debug_aranges
                0x000000c8       0x30 ./Core/Src/i2s.o
 .debug_aranges
                0x000000f8       0x80 ./Core/Src/main.o
 .debug_aranges
                0x00000178       0x30 ./Core/Src/spi.o
 .debug_aranges
                0x000001a8       0x20 ./Core/Src/stm32f4xx_hal_msp.o
 .debug_aranges
                0x000001c8       0x78 ./Core/Src/stm32f4xx_it.o
 .debug_aranges
                0x00000240       0x20 ./Core/Src/sysmem.o
 .debug_aranges
                0x00000260       0x28 ./Core/Src/system_stm32f4xx.o
 .debug_aranges
                0x00000288       0x30 ./Core/Src/tim.o
 .debug_aranges
                0x000002b8       0x28 ./Core/Startup/startup_stm32f407vgtx.o
 .debug_aranges
                0x000002e0       0xf0 ./Drivers/STM32F4xx_HAL_Driver/Src/stm32f4xx_hal.o
 .debug_aranges
                0x000003d0       0xe8 ./Drivers/STM32F4xx_HAL_Driver/Src/stm32f4xx_hal_adc.o
 .debug_aranges
                0x000004b8      0x130 ./Drivers/STM32F4xx_HAL_Driver/Src/stm32f4xx_hal_cortex.o
 .debug_aranges
                0x000005e8       0x90 ./Drivers/STM32F4xx_HAL_Driver/Src/stm32f4xx_hal_dma.o
 .debug_aranges
                0x00000678       0x58 ./Drivers/STM32F4xx_HAL_Driver/Src/stm32f4xx_hal_gpio.o
 .debug_aranges
                0x000006d0      0x108 ./Drivers/STM32F4xx_HAL_Driver/Src/stm32f4xx_hal_hcd.o
 .debug_aranges
                0x000007d8      0x2a8 ./Drivers/STM32F4xx_HAL_Driver/Src/stm32f4xx_hal_i2c.o
 .debug_aranges
                0x00000a80      0x108 ./Drivers/STM32F4xx_HAL_Driver/Src/stm32f4xx_hal_i2s.o
 .debug_aranges
                0x00000b88       0x88 ./Drivers/STM32F4xx_HAL_Driver/Src/stm32f4xx_hal_i2s_ex.o
 .debug_aranges
                0x00000c10       0x88 ./Drivers/STM32F4xx_HAL_Driver/Src/stm32f4xx_hal_rcc.o
 .debug_aranges
                0x00000c98       0x48 ./Drivers/STM32F4xx_HAL_Driver/Src/stm32f4xx_hal_rcc_ex.o
 .debug_aranges
                0x00000ce0      0x1d0 ./Drivers/STM32F4xx_HAL_Driver/Src/stm32f4xx_hal_spi.o
 .debug_aranges
                0x00000eb0      0x3d0 ./Drivers/STM32F4xx_HAL_Driver/Src/stm32f4xx_hal_tim.o
 .debug_aranges
                0x00001280      0x168 ./Drivers/STM32F4xx_HAL_Driver/Src/stm32f4xx_hal_tim_ex.o
 .debug_aranges
                0x000013e8      0x1a0 ./Drivers/STM32F4xx_HAL_Driver/Src/stm32f4xx_ll_usb.o
 .debug_aranges
                0x00001588       0xa8 ./Middlewares/ST/STM32_USB_Host_Library/Class/CDC/Src/usbh_cdc.o
 .debug_aranges
                0x00001630       0xc0 ./Middlewares/ST/STM32_USB_Host_Library/Core/Src/usbh_core.o
 .debug_aranges
                0x000016f0       0xa0 ./Middlewares/ST/STM32_USB_Host_Library/Core/Src/usbh_ctlreq.o
 .debug_aranges
                0x00001790       0x60 ./Middlewares/ST/STM32_USB_Host_Library/Core/Src/usbh_ioreq.o
 .debug_aranges
                0x000017f0       0x40 ./Middlewares/ST/STM32_USB_Host_Library/Core/Src/usbh_pipes.o
 .debug_aranges
                0x00001830       0x30 ./USB_HOST/App/usb_host.o
 .debug_aranges
                0x00001860       0xd8 ./USB_HOST/Target/usbh_conf.o
 .debug_aranges
                0x00001938       0x20 ./USB_HOST/Target/usbh_platform.o
 .debug_aranges
                0x00001958       0x20 ../libs/libarm_cortexM4lf_math.a(arm_float_to_q15.o)
 .debug_aranges
                0x00001978       0x20 ../libs/libarm_cortexM4lf_math.a(arm_fir_q15.o)
 .debug_aranges
                0x00001998       0x20 ../libs/libarm_cortexM4lf_math.a(arm_fir_init_q15.o)

.debug_rnglists
                0x00000000     0x1372
 .debug_rnglists
                0x00000000       0x21 ./Core/Src/adc.o
 .debug_rnglists
                0x00000021       0x1a ./Core/Src/audio.o
 .debug_rnglists
                0x0000003b       0x13 ./Core/Src/dma.o
 .debug_rnglists
                0x0000004e       0x14 ./Core/Src/gpio.o
 .debug_rnglists
                0x00000062       0x20 ./Core/Src/i2c.o
 .debug_rnglists
                0x00000082       0x20 ./Core/Src/i2s.o
 .debug_rnglists
                0x000000a2       0x61 ./Core/Src/main.o
 .debug_rnglists
                0x00000103       0x20 ./Core/Src/spi.o
 .debug_rnglists
                0x00000123       0x13 ./Core/Src/stm32f4xx_hal_msp.o
 .debug_rnglists
                0x00000136       0x55 ./Core/Src/stm32f4xx_it.o
 .debug_rnglists
                0x0000018b       0x13 ./Core/Src/sysmem.o
 .debug_rnglists
                0x0000019e       0x1a ./Core/Src/system_stm32f4xx.o
 .debug_rnglists
                0x000001b8       0x20 ./Core/Src/tim.o
 .debug_rnglists
                0x000001d8       0x19 ./Core/Startup/startup_stm32f407vgtx.o
 .debug_rnglists
                0x000001f1       0xaf ./Drivers/STM32F4xx_HAL_Driver/Src/stm32f4xx_hal.o
 .debug_rnglists
                0x000002a0       0xb5 ./Drivers/STM32F4xx_HAL_Driver/Src/stm32f4xx_hal_adc.o
 .debug_rnglists
                0x00000355       0xe0 ./Drivers/STM32F4xx_HAL_Driver/Src/stm32f4xx_hal_cortex.o
 .debug_rnglists
                0x00000435       0x70 ./Drivers/STM32F4xx_HAL_Driver/Src/stm32f4xx_hal_dma.o
 .debug_rnglists
                0x000004a5       0x3f ./Drivers/STM32F4xx_HAL_Driver/Src/stm32f4xx_hal_gpio.o
 .debug_rnglists
                0x000004e4       0xca ./Drivers/STM32F4xx_HAL_Driver/Src/stm32f4xx_hal_hcd.o
 .debug_rnglists
                0x000005ae      0x23c ./Drivers/STM32F4xx_HAL_Driver/Src/stm32f4xx_hal_i2c.o
 .debug_rnglists
                0x000007ea       0xcc ./Drivers/STM32F4xx_HAL_Driver/Src/stm32f4xx_hal_i2s.o
 .debug_rnglists
                0x000008b6       0x6a ./Drivers/STM32F4xx_HAL_Driver/Src/stm32f4xx_hal_i2s_ex.o
 .debug_rnglists
                0x00000920       0x66 ./Drivers/STM32F4xx_HAL_Driver/Src/stm32f4xx_hal_rcc.o
 .debug_rnglists
                0x00000986       0x35 ./Drivers/STM32F4xx_HAL_Driver/Src/stm32f4xx_hal_rcc_ex.o
 .debug_rnglists
                0x000009bb      0x16f ./Drivers/STM32F4xx_HAL_Driver/Src/stm32f4xx_hal_spi.o
 .debug_rnglists
                0x00000b2a      0x31a ./Drivers/STM32F4xx_HAL_Driver/Src/stm32f4xx_hal_tim.o
 .debug_rnglists
                0x00000e44      0x125 ./Drivers/STM32F4xx_HAL_Driver/Src/stm32f4xx_hal_tim_ex.o
 .debug_rnglists
                0x00000f69      0x147 ./Drivers/STM32F4xx_HAL_Driver/Src/stm32f4xx_ll_usb.o
 .debug_rnglists
                0x000010b0       0x7e ./Middlewares/ST/STM32_USB_Host_Library/Class/CDC/Src/usbh_cdc.o
 .debug_rnglists
                0x0000112e       0x8f ./Middlewares/ST/STM32_USB_Host_Library/Core/Src/usbh_core.o
 .debug_rnglists
                0x000011bd       0x77 ./Middlewares/ST/STM32_USB_Host_Library/Core/Src/usbh_ctlreq.o
 .debug_rnglists
                0x00001234       0x43 ./Middlewares/ST/STM32_USB_Host_Library/Core/Src/usbh_ioreq.o
 .debug_rnglists
                0x00001277       0x2b ./Middlewares/ST/STM32_USB_Host_Library/Core/Src/usbh_pipes.o
 .debug_rnglists
                0x000012a2       0x1f ./USB_HOST/App/usb_host.o
 .debug_rnglists
                0x000012c1       0x9e ./USB_HOST/Target/usbh_conf.o
 .debug_rnglists
                0x0000135f       0x13 ./USB_HOST/Target/usbh_platform.o

.debug_macro    0x00000000    0x28029
 .debug_macro   0x00000000      0x25b ./Core/Src/adc.o
 .debug_macro   0x0000025b      0xab4 ./Core/Src/adc.o
 .debug_macro   0x00000d0f      0x2b3 ./Core/Src/adc.o
 .debug_macro   0x00000fc2       0x2e ./Core/Src/adc.o
 .debug_macro   0x00000ff0       0x2f ./Core/Src/adc.o
 .debug_macro   0x0000101f       0x22 ./Core/Src/adc.o
 .debug_macro   0x00001041       0x8e ./Core/Src/adc.o
 .debug_macro   0x000010cf       0x51 ./Core/Src/adc.o
 .debug_macro   0x00001120      0x103 ./Core/Src/adc.o
 .debug_macro   0x00001223       0x6a ./Core/Src/adc.o
 .debug_macro   0x0000128d      0x1df ./Core/Src/adc.o
 .debug_macro   0x0000146c       0x1c ./Core/Src/adc.o
 .debug_macro   0x00001488       0x22 ./Core/Src/adc.o
 .debug_macro   0x000014aa       0xfb ./Core/Src/adc.o
 .debug_macro   0x000015a5     0x1011 ./Core/Src/adc.o
 .debug_macro   0x000025b6      0x11f ./Core/Src/adc.o
 .debug_macro   0x000026d5    0x15e97 ./Core/Src/adc.o
 .debug_macro   0x0001856c       0x6d ./Core/Src/adc.o
 .debug_macro   0x000185d9     0x369a ./Core/Src/adc.o
 .debug_macro   0x0001bc73      0x189 ./Core/Src/adc.o
 .debug_macro   0x0001bdfc       0x5c ./Core/Src/adc.o
 .debug_macro   0x0001be58      0x980 ./Core/Src/adc.o
 .debug_macro   0x0001c7d8      0x9e9 ./Core/Src/adc.o
 .debug_macro   0x0001d1c1      0x115 ./Core/Src/adc.o
 .debug_macro   0x0001d2d6      0x13e ./Core/Src/adc.o
 .debug_macro   0x0001d414       0xa5 ./Core/Src/adc.o
 .debug_macro   0x0001d4b9      0x174 ./Core/Src/adc.o
 .debug_macro   0x0001d62d      0x287 ./Core/Src/adc.o
 .debug_macro   0x0001d8b4       0x5f ./Core/Src/adc.o
 .debug_macro   0x0001d913      0x236 ./Core/Src/adc.o
 .debug_macro   0x0001db49      0xb5b ./Core/Src/adc.o
 .debug_macro   0x0001e6a4      0x38b ./Core/Src/adc.o
 .debug_macro   0x0001ea2f      0x176 ./Core/Src/adc.o
 .debug_macro   0x0001eba5       0xf9 ./Core/Src/adc.o
 .debug_macro   0x0001ec9e      0x12c ./Core/Src/adc.o
 .debug_macro   0x0001edca      0x21e ./Core/Src/adc.o
 .debug_macro   0x0001efe8       0x2e ./Core/Src/adc.o
 .debug_macro   0x0001f016      0x1b5 ./Core/Src/adc.o
 .debug_macro   0x0001f1cb       0xd6 ./Core/Src/adc.o
 .debug_macro   0x0001f2a1      0x1a7 ./Core/Src/adc.o
 .debug_macro   0x0001f448       0x46 ./Core/Src/adc.o
 .debug_macro   0x0001f48e       0x4a ./Core/Src/adc.o
 .debug_macro   0x0001f4d8      0x127 ./Core/Src/adc.o
 .debug_macro   0x0001f5ff       0x7e ./Core/Src/adc.o
 .debug_macro   0x0001f67d       0x89 ./Core/Src/adc.o
 .debug_macro   0x0001f706      0x225 ./Core/Src/adc.o
 .debug_macro   0x0001f92b      0x8ed ./Core/Src/adc.o
 .debug_macro   0x00020218       0x4d ./Core/Src/adc.o
 .debug_macro   0x00020265      0x293 ./Core/Src/adc.o
 .debug_macro   0x000204f8       0x98 ./Core/Src/adc.o
 .debug_macro   0x00020590      0x12d ./Core/Src/adc.o
 .debug_macro   0x000206bd      0x190 ./Core/Src/adc.o
 .debug_macro   0x0002084d      0x366 ./Core/Src/audio.o
 .debug_macro   0x00020bb3       0x2a ./Core/Src/audio.o
 .debug_macro   0x00020bdd       0x5b ./Core/Src/audio.o
 .debug_macro   0x00020c38       0x94 ./Core/Src/audio.o
 .debug_macro   0x00020ccc       0x43 ./Core/Src/audio.o
 .debug_macro   0x00020d0f       0x34 ./Core/Src/audio.o
 .debug_macro   0x00020d43       0x16 ./Core/Src/audio.o
 .debug_macro   0x00020d59      0x11c ./Core/Src/audio.o
 .debug_macro   0x00020e75       0x94 ./Core/Src/audio.o
 .debug_macro   0x00020f09       0x16 ./Core/Src/audio.o
 .debug_macro   0x00020f1f       0x43 ./Core/Src/audio.o
 .debug_macro   0x00020f62       0x57 ./Core/Src/audio.o
 .debug_macro   0x00020fb9       0x34 ./Core/Src/audio.o
 .debug_macro   0x00020fed       0x10 ./Core/Src/audio.o
 .debug_macro   0x00020ffd       0x58 ./Core/Src/audio.o
 .debug_macro   0x00021055       0x8e ./Core/Src/audio.o
 .debug_macro   0x000210e3       0x1c ./Core/Src/audio.o
 .debug_macro   0x000210ff      0x177 ./Core/Src/audio.o
 .debug_macro   0x00021276      0x369 ./Core/Src/audio.o
 .debug_macro   0x000215df       0x16 ./Core/Src/audio.o
 .debug_macro   0x000215f5       0x29 ./Core/Src/audio.o
 .debug_macro   0x0002161e       0x56 ./Core/Src/audio.o
 .debug_macro   0x00021674       0x10 ./Core/Src/audio.o
 .debug_macro   0x00021684      0x25b ./Core/Src/dma.o
 .debug_macro   0x000218df      0x25b ./Core/Src/gpio.o
 .debug_macro   0x00021b3a      0x25b ./Core/Src/i2c.o
 .debug_macro   0x00021d95      0x25b ./Core/Src/i2s.o
 .debug_macro   0x00021ff0      0x42b ./Core/Src/main.o
 .debug_macro   0x0002241b       0x12 ./Core/Src/main.o
 .debug_macro   0x0002242d       0x61 ./Core/Src/main.o
 .debug_macro   0x0002248e       0x10 ./Core/Src/main.o
 .debug_macro   0x0002249e       0x35 ./Core/Src/main.o
 .debug_macro   0x000224d3       0x20 ./Core/Src/main.o
 .debug_macro   0x000224f3      0x19b ./Core/Src/main.o
 .debug_macro   0x0002268e       0xd6 ./Core/Src/main.o
 .debug_macro   0x00022764      0x25b ./Core/Src/spi.o
 .debug_macro   0x000229bf      0x251 ./Core/Src/stm32f4xx_hal_msp.o
 .debug_macro   0x00022c10      0x25b ./Core/Src/stm32f4xx_it.o
 .debug_macro   0x00022e6b       0xff ./Core/Src/sysmem.o
 .debug_macro   0x00022f6a      0x23c ./Core/Src/sysmem.o