../Core/Src/main.c:152:5:main	8	static
../Core/Src/main.c:246:6:SystemClock_Config	88	static
../Core/Src/main.c:290:6:echo_effect	40	static
../Core/Src/main.c:301:6:echo_effect_q15	56	static,ignoring_inline_asm
../Core/Src/main.c:326:6:tremolo_effect	48	static,ignoring_inline_asm
../Core/Src/main.c:341:6:convert_to_q15	32	static
../Core/Src/main.c:348:6:convert_to_uint16	32	static
../Core/Src/main.c:356:6:init_fir_filter	16	static
../Core/Src/main.c:360:6:fir_filter	24	static
../Core/Src/main.c:365:6:rfft	48	static
../Core/Src/main.c:377:6:amplify_signal_q15	32	static
../Core/Src/main.c:392:6:HAL_ADC_ConvCpltCallback	16	static
../Core/Src/main.c:397:6:HAL_I2S_TxCpltCallback	16	static
../Core/Src/main.c:411:6:Error_Handler	4	static,ignoring_inline_asm
